=== EXP J | CONFIG: config_j_0.yaml ===
=== FASE 1/2: TRAIN ===
--- ENTRENAMIENTO EXP J (carbonos totales): nmr_202k_j_carbonos_ctrl ---
[INFO] Seed: 42
[INFO] Dispositivo: cuda
[INFO] Extrayendo formulas moleculares (C,H,N,O,S,Hal)...
[INFO] Formulas cargadas. peak_features=4
[INFO] Split congelado: SMILES invalidos=0 | train=187314 (leak removido=723, train_fraction=1.0) | val=14428
[INFO] Parametros totales del modelo (settransformer): 70,163 (chico por diseno; V10 ~8,603,299)
[INFO] Scheduler: patience=8, factor=0.7

[START] 100 epochs...
  Epoch [1/100] Batch 0/2927 Loss: 55.5305
  Epoch [1/100] Batch 200/2927 Loss: 0.6660
  Epoch [1/100] Batch 400/2927 Loss: 0.5204
  Epoch [1/100] Batch 600/2927 Loss: 0.5882
  Epoch [1/100] Batch 800/2927 Loss: 0.3536
  Epoch [1/100] Batch 1000/2927 Loss: 0.3700
  Epoch [1/100] Batch 1200/2927 Loss: 0.2536
  Epoch [1/100] Batch 1400/2927 Loss: 0.2809
  Epoch [1/100] Batch 1600/2927 Loss: 0.3090
  Epoch [1/100] Batch 1800/2927 Loss: 0.1979
  Epoch [1/100] Batch 2000/2927 Loss: 0.2037
  Epoch [1/100] Batch 2200/2927 Loss: 0.2091
  Epoch [1/100] Batch 2400/2927 Loss: 0.1944
  Epoch [1/100] Batch 2600/2927 Loss: 0.1903
  Epoch [1/100] Batch 2800/2927 Loss: 0.1596
[EPOCH 1] Train: 0.4541 | Val: 0.1503 | LR: 0.001000 | Time: 29.1s
[SAVE] Nuevo mejor modelo!
  Epoch [2/100] Batch 0/2927 Loss: 0.1986
  Epoch [2/100] Batch 200/2927 Loss: 0.1846
  Epoch [2/100] Batch 400/2927 Loss: 0.1298
  Epoch [2/100] Batch 600/2927 Loss: 0.1524
  Epoch [2/100] Batch 800/2927 Loss: 0.1959
  Epoch [2/100] Batch 1000/2927 Loss: 0.1280
  Epoch [2/100] Batch 1200/2927 Loss: 0.1227
  Epoch [2/100] Batch 1400/2927 Loss: 0.2518
  Epoch [2/100] Batch 1600/2927 Loss: 0.1030
  Epoch [2/100] Batch 1800/2927 Loss: 0.1607
  Epoch [2/100] Batch 2000/2927 Loss: 0.1244
  Epoch [2/100] Batch 2200/2927 Loss: 0.1420
  Epoch [2/100] Batch 2400/2927 Loss: 0.0841
  Epoch [2/100] Batch 2600/2927 Loss: 0.1069
  Epoch [2/100] Batch 2800/2927 Loss: 0.1565
[EPOCH 2] Train: 0.1377 | Val: 0.0895 | LR: 0.001000 | Time: 23.6s
[SAVE] Nuevo mejor modelo!
  Epoch [3/100] Batch 0/2927 Loss: 0.1065
  Epoch [3/100] Batch 200/2927 Loss: 0.1101
  Epoch [3/100] Batch 400/2927 Loss: 0.0852
  Epoch [3/100] Batch 600/2927 Loss: 0.0899
  Epoch [3/100] Batch 800/2927 Loss: 0.0864
  Epoch [3/100] Batch 1000/2927 Loss: 0.1000
  Epoch [3/100] Batch 1200/2927 Loss: 0.1087
  Epoch [3/100] Batch 1400/2927 Loss: 0.0922
  Epoch [3/100] Batch 1600/2927 Loss: 0.0830
  Epoch [3/100] Batch 1800/2927 Loss: 0.1094
  Epoch [3/100] Batch 2000/2927 Loss: 0.0929
  Epoch [3/100] Batch 2200/2927 Loss: 0.0985
  Epoch [3/100] Batch 2400/2927 Loss: 0.0926
  Epoch [3/100] Batch 2600/2927 Loss: 0.0758
  Epoch [3/100] Batch 2800/2927 Loss: 0.0899
[EPOCH 3] Train: 0.0977 | Val: 0.0711 | LR: 0.001000 | Time: 23.7s
[SAVE] Nuevo mejor modelo!
  Epoch [4/100] Batch 0/2927 Loss: 0.0791
  Epoch [4/100] Batch 200/2927 Loss: 0.0924
  Epoch [4/100] Batch 400/2927 Loss: 0.1143
  Epoch [4/100] Batch 600/2927 Loss: 0.1135
  Epoch [4/100] Batch 800/2927 Loss: 0.0829
  Epoch [4/100] Batch 1000/2927 Loss: 0.0835
  Epoch [4/100] Batch 1200/2927 Loss: 0.0737
  Epoch [4/100] Batch 1400/2927 Loss: 0.0759
  Epoch [4/100] Batch 1600/2927 Loss: 0.0950
  Epoch [4/100] Batch 1800/2927 Loss: 0.1154
  Epoch [4/100] Batch 2000/2927 Loss: 0.0958
  Epoch [4/100] Batch 2200/2927 Loss: 0.0752
  Epoch [4/100] Batch 2400/2927 Loss: 0.0931
  Epoch [4/100] Batch 2600/2927 Loss: 0.0713
  Epoch [4/100] Batch 2800/2927 Loss: 0.0642
[EPOCH 4] Train: 0.0826 | Val: 0.0629 | LR: 0.001000 | Time: 23.8s
[SAVE] Nuevo mejor modelo!
  Epoch [5/100] Batch 0/2927 Loss: 0.0762
  Epoch [5/100] Batch 200/2927 Loss: 0.0746
  Epoch [5/100] Batch 400/2927 Loss: 0.0915
  Epoch [5/100] Batch 600/2927 Loss: 0.0694
  Epoch [5/100] Batch 800/2927 Loss: 0.0731
  Epoch [5/100] Batch 1000/2927 Loss: 0.0550
  Epoch [5/100] Batch 1200/2927 Loss: 0.0818
  Epoch [5/100] Batch 1400/2927 Loss: 0.0632
  Epoch [5/100] Batch 1600/2927 Loss: 0.0759
  Epoch [5/100] Batch 1800/2927 Loss: 0.0698
  Epoch [5/100] Batch 2000/2927 Loss: 0.0788
  Epoch [5/100] Batch 2200/2927 Loss: 0.0448
  Epoch [5/100] Batch 2400/2927 Loss: 0.0701
  Epoch [5/100] Batch 2600/2927 Loss: 0.0795
  Epoch [5/100] Batch 2800/2927 Loss: 0.0705
[EPOCH 5] Train: 0.0736 | Val: 0.0540 | LR: 0.001000 | Time: 23.8s
[SAVE] Nuevo mejor modelo!
  Epoch [6/100] Batch 0/2927 Loss: 0.0715
  Epoch [6/100] Batch 200/2927 Loss: 0.1252
  Epoch [6/100] Batch 400/2927 Loss: 0.0713
  Epoch [6/100] Batch 600/2927 Loss: 0.0621
  Epoch [6/100] Batch 800/2927 Loss: 0.0556
  Epoch [6/100] Batch 1000/2927 Loss: 0.0834
  Epoch [6/100] Batch 1200/2927 Loss: 0.0426
  Epoch [6/100] Batch 1400/2927 Loss: 0.0683
  Epoch [6/100] Batch 1600/2927 Loss: 0.0983
  Epoch [6/100] Batch 1800/2927 Loss: 0.0799
  Epoch [6/100] Batch 2000/2927 Loss: 0.0498
  Epoch [6/100] Batch 2200/2927 Loss: 0.0703
  Epoch [6/100] Batch 2400/2927 Loss: 0.0737
  Epoch [6/100] Batch 2600/2927 Loss: 0.0479
  Epoch [6/100] Batch 2800/2927 Loss: 0.0524
[EPOCH 6] Train: 0.0680 | Val: 0.0496 | LR: 0.001000 | Time: 23.8s
[SAVE] Nuevo mejor modelo!
  Epoch [7/100] Batch 0/2927 Loss: 0.0696
  Epoch [7/100] Batch 200/2927 Loss: 0.0519
  Epoch [7/100] Batch 400/2927 Loss: 0.0846
  Epoch [7/100] Batch 600/2927 Loss: 0.0725
  Epoch [7/100] Batch 800/2927 Loss: 0.0803
  Epoch [7/100] Batch 1000/2927 Loss: 0.0749
  Epoch [7/100] Batch 1200/2927 Loss: 0.0641
  Epoch [7/100] Batch 1400/2927 Loss: 0.0529
  Epoch [7/100] Batch 1600/2927 Loss: 0.0597
  Epoch [7/100] Batch 1800/2927 Loss: 0.0453
  Epoch [7/100] Batch 2000/2927 Loss: 0.0685
  Epoch [7/100] Batch 2200/2927 Loss: 0.0498
  Epoch [7/100] Batch 2400/2927 Loss: 0.0521
  Epoch [7/100] Batch 2600/2927 Loss: 0.0569
  Epoch [7/100] Batch 2800/2927 Loss: 0.0570
[EPOCH 7] Train: 0.0618 | Val: 0.0490 | LR: 0.001000 | Time: 23.8s
[SAVE] Nuevo mejor modelo!
  Epoch [8/100] Batch 0/2927 Loss: 0.0669
  Epoch [8/100] Batch 200/2927 Loss: 0.0635
  Epoch [8/100] Batch 400/2927 Loss: 0.0531
  Epoch [8/100] Batch 600/2927 Loss: 0.0604
  Epoch [8/100] Batch 800/2927 Loss: 0.0572
  Epoch [8/100] Batch 1000/2927 Loss: 0.0630
  Epoch [8/100] Batch 1200/2927 Loss: 0.0641
  Epoch [8/100] Batch 1400/2927 Loss: 0.0596
  Epoch [8/100] Batch 1600/2927 Loss: 0.0517
  Epoch [8/100] Batch 1800/2927 Loss: 0.0416
  Epoch [8/100] Batch 2000/2927 Loss: 0.0639
  Epoch [8/100] Batch 2200/2927 Loss: 0.0506
  Epoch [8/100] Batch 2400/2927 Loss: 0.0987
  Epoch [8/100] Batch 2600/2927 Loss: 0.0768
  Epoch [8/100] Batch 2800/2927 Loss: 0.0437
[EPOCH 8] Train: 0.0591 | Val: 0.0418 | LR: 0.001000 | Time: 23.8s
[SAVE] Nuevo mejor modelo!
  Epoch [9/100] Batch 0/2927 Loss: 0.0366
  Epoch [9/100] Batch 200/2927 Loss: 0.0568
  Epoch [9/100] Batch 400/2927 Loss: 0.0395
  Epoch [9/100] Batch 600/2927 Loss: 0.0661
  Epoch [9/100] Batch 800/2927 Loss: 0.0428
  Epoch [9/100] Batch 1000/2927 Loss: 0.0507
  Epoch [9/100] Batch 1200/2927 Loss: 0.0589
  Epoch [9/100] Batch 1400/2927 Loss: 0.0561
  Epoch [9/100] Batch 1600/2927 Loss: 0.0591
  Epoch [9/100] Batch 1800/2927 Loss: 0.0909
  Epoch [9/100] Batch 2000/2927 Loss: 0.0524
  Epoch [9/100] Batch 2200/2927 Loss: 0.0705
  Epoch [9/100] Batch 2400/2927 Loss: 0.0501
  Epoch [9/100] Batch 2600/2927 Loss: 0.0757
  Epoch [9/100] Batch 2800/2927 Loss: 0.0543
[EPOCH 9] Train: 0.0555 | Val: 0.0410 | LR: 0.001000 | Time: 23.8s
[SAVE] Nuevo mejor modelo!
  Epoch [10/100] Batch 0/2927 Loss: 0.0458
  Epoch [10/100] Batch 200/2927 Loss: 0.0395
  Epoch [10/100] Batch 400/2927 Loss: 0.0509
  Epoch [10/100] Batch 600/2927 Loss: 0.0600
  Epoch [10/100] Batch 800/2927 Loss: 0.0674
  Epoch [10/100] Batch 1000/2927 Loss: 0.0507
  Epoch [10/100] Batch 1200/2927 Loss: 0.0373
  Epoch [10/100] Batch 1400/2927 Loss: 0.0620
  Epoch [10/100] Batch 1600/2927 Loss: 0.0567
  Epoch [10/100] Batch 1800/2927 Loss: 0.0383
  Epoch [10/100] Batch 2000/2927 Loss: 0.0403
  Epoch [10/100] Batch 2200/2927 Loss: 0.0591
  Epoch [10/100] Batch 2400/2927 Loss: 0.0416
  Epoch [10/100] Batch 2600/2927 Loss: 0.0524
  Epoch [10/100] Batch 2800/2927 Loss: 0.0400
[EPOCH 10] Train: 0.0530 | Val: 0.0421 | LR: 0.001000 | Time: 23.8s
  Epoch [11/100] Batch 0/2927 Loss: 0.0469
  Epoch [11/100] Batch 200/2927 Loss: 0.0441
  Epoch [11/100] Batch 400/2927 Loss: 0.0427
  Epoch [11/100] Batch 600/2927 Loss: 0.0347
  Epoch [11/100] Batch 800/2927 Loss: 0.0482
  Epoch [11/100] Batch 1000/2927 Loss: 0.0722
  Epoch [11/100] Batch 1200/2927 Loss: 0.0675
  Epoch [11/100] Batch 1400/2927 Loss: 0.0362
  Epoch [11/100] Batch 1600/2927 Loss: 0.0524
  Epoch [11/100] Batch 1800/2927 Loss: 0.0489
  Epoch [11/100] Batch 2000/2927 Loss: 0.0426
  Epoch [11/100] Batch 2200/2927 Loss: 0.0459
  Epoch [11/100] Batch 2400/2927 Loss: 0.0504
  Epoch [11/100] Batch 2600/2927 Loss: 0.0443
  Epoch [11/100] Batch 2800/2927 Loss: 0.0654
[EPOCH 11] Train: 0.0512 | Val: 0.0413 | LR: 0.001000 | Time: 23.8s
  Epoch [12/100] Batch 0/2927 Loss: 0.0596
  Epoch [12/100] Batch 200/2927 Loss: 0.0539
  Epoch [12/100] Batch 400/2927 Loss: 0.0448
  Epoch [12/100] Batch 600/2927 Loss: 0.0454
  Epoch [12/100] Batch 800/2927 Loss: 0.0801
  Epoch [12/100] Batch 1000/2927 Loss: 0.0480
  Epoch [12/100] Batch 1200/2927 Loss: 0.0457
  Epoch [12/100] Batch 1400/2927 Loss: 0.0515
  Epoch [12/100] Batch 1600/2927 Loss: 0.0659
  Epoch [12/100] Batch 1800/2927 Loss: 0.0450
  Epoch [12/100] Batch 2000/2927 Loss: 0.0394
  Epoch [12/100] Batch 2200/2927 Loss: 0.0545
  Epoch [12/100] Batch 2400/2927 Loss: 0.0329
  Epoch [12/100] Batch 2600/2927 Loss: 0.0369
  Epoch [12/100] Batch 2800/2927 Loss: 0.0508
[EPOCH 12] Train: 0.0510 | Val: 0.0402 | LR: 0.001000 | Time: 23.8s
[SAVE] Nuevo mejor modelo!
  Epoch [13/100] Batch 0/2927 Loss: 0.0361
  Epoch [13/100] Batch 200/2927 Loss: 0.0850
  Epoch [13/100] Batch 400/2927 Loss: 0.0390
  Epoch [13/100] Batch 600/2927 Loss: 0.0479
  Epoch [13/100] Batch 800/2927 Loss: 0.0631
  Epoch [13/100] Batch 1000/2927 Loss: 0.0504
  Epoch [13/100] Batch 1200/2927 Loss: 0.0605
  Epoch [13/100] Batch 1400/2927 Loss: 0.0254
  Epoch [13/100] Batch 1600/2927 Loss: 0.0579
  Epoch [13/100] Batch 1800/2927 Loss: 0.0529
  Epoch [13/100] Batch 2000/2927 Loss: 0.0522
  Epoch [13/100] Batch 2200/2927 Loss: 0.0378
  Epoch [13/100] Batch 2400/2927 Loss: 0.0507
  Epoch [13/100] Batch 2600/2927 Loss: 0.0509
  Epoch [13/100] Batch 2800/2927 Loss: 0.0387
[EPOCH 13] Train: 0.0472 | Val: 0.0387 | LR: 0.001000 | Time: 23.8s
[SAVE] Nuevo mejor modelo!
  Epoch [14/100] Batch 0/2927 Loss: 0.0452
  Epoch [14/100] Batch 200/2927 Loss: 0.0459
  Epoch [14/100] Batch 400/2927 Loss: 0.0503
  Epoch [14/100] Batch 600/2927 Loss: 0.0474
  Epoch [14/100] Batch 800/2927 Loss: 0.0416
  Epoch [14/100] Batch 1000/2927 Loss: 0.1004
  Epoch [14/100] Batch 1200/2927 Loss: 0.0404
  Epoch [14/100] Batch 1400/2927 Loss: 0.0457
  Epoch [14/100] Batch 1600/2927 Loss: 0.0401
  Epoch [14/100] Batch 1800/2927 Loss: 0.0702
  Epoch [14/100] Batch 2000/2927 Loss: 0.0547
  Epoch [14/100] Batch 2200/2927 Loss: 0.0446
  Epoch [14/100] Batch 2400/2927 Loss: 0.0422
  Epoch [14/100] Batch 2600/2927 Loss: 0.0494
  Epoch [14/100] Batch 2800/2927 Loss: 0.0389
[EPOCH 14] Train: 0.0471 | Val: 0.0332 | LR: 0.001000 | Time: 23.8s
[SAVE] Nuevo mejor modelo!
  Epoch [15/100] Batch 0/2927 Loss: 0.0341
  Epoch [15/100] Batch 200/2927 Loss: 0.0411
  Epoch [15/100] Batch 400/2927 Loss: 0.0300
  Epoch [15/100] Batch 600/2927 Loss: 0.0708
  Epoch [15/100] Batch 800/2927 Loss: 0.0435
  Epoch [15/100] Batch 1000/2927 Loss: 0.0460
  Epoch [15/100] Batch 1200/2927 Loss: 0.0650
  Epoch [15/100] Batch 1400/2927 Loss: 0.0486
  Epoch [15/100] Batch 1600/2927 Loss: 0.0447
  Epoch [15/100] Batch 1800/2927 Loss: 0.0449
  Epoch [15/100] Batch 2000/2927 Loss: 0.0352
  Epoch [15/100] Batch 2200/2927 Loss: 0.0809
  Epoch [15/100] Batch 2400/2927 Loss: 0.0423
  Epoch [15/100] Batch 2600/2927 Loss: 0.0405
  Epoch [15/100] Batch 2800/2927 Loss: 0.0567
[EPOCH 15] Train: 0.0461 | Val: 0.0350 | LR: 0.001000 | Time: 23.8s
  Epoch [16/100] Batch 0/2927 Loss: 0.0286
  Epoch [16/100] Batch 200/2927 Loss: 0.0455
  Epoch [16/100] Batch 400/2927 Loss: 0.0483
  Epoch [16/100] Batch 600/2927 Loss: 0.0697
  Epoch [16/100] Batch 800/2927 Loss: 0.0361
  Epoch [16/100] Batch 1000/2927 Loss: 0.0349
  Epoch [16/100] Batch 1200/2927 Loss: 0.0442
  Epoch [16/100] Batch 1400/2927 Loss: 0.0464
  Epoch [16/100] Batch 1600/2927 Loss: 0.0383
  Epoch [16/100] Batch 1800/2927 Loss: 0.0578
  Epoch [16/100] Batch 2000/2927 Loss: 0.0370
  Epoch [16/100] Batch 2200/2927 Loss: 0.0574
  Epoch [16/100] Batch 2400/2927 Loss: 0.0564
  Epoch [16/100] Batch 2600/2927 Loss: 0.0425
  Epoch [16/100] Batch 2800/2927 Loss: 0.0477
[EPOCH 16] Train: 0.0449 | Val: 0.0336 | LR: 0.001000 | Time: 23.9s
  Epoch [17/100] Batch 0/2927 Loss: 0.0414
  Epoch [17/100] Batch 200/2927 Loss: 0.0430
  Epoch [17/100] Batch 400/2927 Loss: 0.0405
  Epoch [17/100] Batch 600/2927 Loss: 0.0376
  Epoch [17/100] Batch 800/2927 Loss: 0.0339
  Epoch [17/100] Batch 1000/2927 Loss: 0.0573
  Epoch [17/100] Batch 1200/2927 Loss: 0.0514
  Epoch [17/100] Batch 1400/2927 Loss: 0.0362
  Epoch [17/100] Batch 1600/2927 Loss: 0.0337
  Epoch [17/100] Batch 1800/2927 Loss: 0.0452
  Epoch [17/100] Batch 2000/2927 Loss: 0.0307
  Epoch [17/100] Batch 2200/2927 Loss: 0.0494
  Epoch [17/100] Batch 2400/2927 Loss: 0.0769
  Epoch [17/100] Batch 2600/2927 Loss: 0.0311
  Epoch [17/100] Batch 2800/2927 Loss: 0.0388
[EPOCH 17] Train: 0.0439 | Val: 0.0341 | LR: 0.001000 | Time: 23.9s
  Epoch [18/100] Batch 0/2927 Loss: 0.0276
  Epoch [18/100] Batch 200/2927 Loss: 0.0506
  Epoch [18/100] Batch 400/2927 Loss: 0.0355
  Epoch [18/100] Batch 600/2927 Loss: 0.0373
  Epoch [18/100] Batch 800/2927 Loss: 0.0525
  Epoch [18/100] Batch 1000/2927 Loss: 0.0549
  Epoch [18/100] Batch 1200/2927 Loss: 0.0572
  Epoch [18/100] Batch 1400/2927 Loss: 0.0311
  Epoch [18/100] Batch 1600/2927 Loss: 0.0275
  Epoch [18/100] Batch 1800/2927 Loss: 0.0447
  Epoch [18/100] Batch 2000/2927 Loss: 0.0443
  Epoch [18/100] Batch 2200/2927 Loss: 0.0294
  Epoch [18/100] Batch 2400/2927 Loss: 0.0448
  Epoch [18/100] Batch 2600/2927 Loss: 0.0308
  Epoch [18/100] Batch 2800/2927 Loss: 0.0385
[EPOCH 18] Train: 0.0432 | Val: 0.0497 | LR: 0.001000 | Time: 23.9s
  Epoch [19/100] Batch 0/2927 Loss: 0.0651
  Epoch [19/100] Batch 200/2927 Loss: 0.0343
  Epoch [19/100] Batch 400/2927 Loss: 0.0410
  Epoch [19/100] Batch 600/2927 Loss: 0.0385
  Epoch [19/100] Batch 800/2927 Loss: 0.0463
  Epoch [19/100] Batch 1000/2927 Loss: 0.0469
  Epoch [19/100] Batch 1200/2927 Loss: 0.0415
  Epoch [19/100] Batch 1400/2927 Loss: 0.0351
  Epoch [19/100] Batch 1600/2927 Loss: 0.0362
  Epoch [19/100] Batch 1800/2927 Loss: 0.0575
  Epoch [19/100] Batch 2000/2927 Loss: 0.0494
  Epoch [19/100] Batch 2200/2927 Loss: 0.0411
  Epoch [19/100] Batch 2400/2927 Loss: 0.0432
  Epoch [19/100] Batch 2600/2927 Loss: 0.0556
  Epoch [19/100] Batch 2800/2927 Loss: 0.0317
[EPOCH 19] Train: 0.0426 | Val: 0.0308 | LR: 0.001000 | Time: 23.9s
[SAVE] Nuevo mejor modelo!
  Epoch [20/100] Batch 0/2927 Loss: 0.0323
  Epoch [20/100] Batch 200/2927 Loss: 0.0440
  Epoch [20/100] Batch 400/2927 Loss: 0.0350
  Epoch [20/100] Batch 600/2927 Loss: 0.0374
  Epoch [20/100] Batch 800/2927 Loss: 0.0555
  Epoch [20/100] Batch 1000/2927 Loss: 0.0325
  Epoch [20/100] Batch 1200/2927 Loss: 0.0493
  Epoch [20/100] Batch 1400/2927 Loss: 0.0477
  Epoch [20/100] Batch 1600/2927 Loss: 0.0459
  Epoch [20/100] Batch 1800/2927 Loss: 0.0353
  Epoch [20/100] Batch 2000/2927 Loss: 0.0389
  Epoch [20/100] Batch 2200/2927 Loss: 0.0302
  Epoch [20/100] Batch 2400/2927 Loss: 0.0303
  Epoch [20/100] Batch 2600/2927 Loss: 0.0325
  Epoch [20/100] Batch 2800/2927 Loss: 0.0369
[EPOCH 20] Train: 0.0419 | Val: 0.0300 | LR: 0.001000 | Time: 23.9s
[SAVE] Nuevo mejor modelo!
  Epoch [21/100] Batch 0/2927 Loss: 0.0322
  Epoch [21/100] Batch 200/2927 Loss: 0.0401
  Epoch [21/100] Batch 400/2927 Loss: 0.0576
  Epoch [21/100] Batch 600/2927 Loss: 0.0383
  Epoch [21/100] Batch 800/2927 Loss: 0.0329
  Epoch [21/100] Batch 1000/2927 Loss: 0.0502
  Epoch [21/100] Batch 1200/2927 Loss: 0.0388
  Epoch [21/100] Batch 1400/2927 Loss: 0.0412
  Epoch [21/100] Batch 1600/2927 Loss: 0.0411
  Epoch [21/100] Batch 1800/2927 Loss: 0.0520
  Epoch [21/100] Batch 2000/2927 Loss: 0.0327
  Epoch [21/100] Batch 2200/2927 Loss: 0.0459
  Epoch [21/100] Batch 2400/2927 Loss: 0.0444
  Epoch [21/100] Batch 2600/2927 Loss: 0.0304
  Epoch [21/100] Batch 2800/2927 Loss: 0.0453
[EPOCH 21] Train: 0.0411 | Val: 0.0292 | LR: 0.001000 | Time: 23.9s
[SAVE] Nuevo mejor modelo!
  Epoch [22/100] Batch 0/2927 Loss: 0.0286
  Epoch [22/100] Batch 200/2927 Loss: 0.0451
  Epoch [22/100] Batch 400/2927 Loss: 0.0273
  Epoch [22/100] Batch 600/2927 Loss: 0.0454
  Epoch [22/100] Batch 800/2927 Loss: 0.0302
  Epoch [22/100] Batch 1000/2927 Loss: 0.0426
  Epoch [22/100] Batch 1200/2927 Loss: 0.0381
  Epoch [22/100] Batch 1400/2927 Loss: 0.0390
  Epoch [22/100] Batch 1600/2927 Loss: 0.0455
  Epoch [22/100] Batch 1800/2927 Loss: 0.0533
  Epoch [22/100] Batch 2000/2927 Loss: 0.0379
  Epoch [22/100] Batch 2200/2927 Loss: 0.0332
  Epoch [22/100] Batch 2400/2927 Loss: 0.0372
  Epoch [22/100] Batch 2600/2927 Loss: 0.0347
  Epoch [22/100] Batch 2800/2927 Loss: 0.0407
[EPOCH 22] Train: 0.0404 | Val: 0.0291 | LR: 0.001000 | Time: 23.9s
[SAVE] Nuevo mejor modelo!
  Epoch [23/100] Batch 0/2927 Loss: 0.0356
  Epoch [23/100] Batch 200/2927 Loss: 0.0359
  Epoch [23/100] Batch 400/2927 Loss: 0.0528
  Epoch [23/100] Batch 600/2927 Loss: 0.0384
  Epoch [23/100] Batch 800/2927 Loss: 0.0356
  Epoch [23/100] Batch 1000/2927 Loss: 0.0320
  Epoch [23/100] Batch 1200/2927 Loss: 0.0329
  Epoch [23/100] Batch 1400/2927 Loss: 0.0411
  Epoch [23/100] Batch 1600/2927 Loss: 0.0346
  Epoch [23/100] Batch 1800/2927 Loss: 0.0407
  Epoch [23/100] Batch 2000/2927 Loss: 0.0426
  Epoch [23/100] Batch 2200/2927 Loss: 0.0398
  Epoch [23/100] Batch 2400/2927 Loss: 0.0343
  Epoch [23/100] Batch 2600/2927 Loss: 0.0358
  Epoch [23/100] Batch 2800/2927 Loss: 0.0469
[EPOCH 23] Train: 0.0401 | Val: 0.0295 | LR: 0.001000 | Time: 23.9s
  Epoch [24/100] Batch 0/2927 Loss: 0.0399
  Epoch [24/100] Batch 200/2927 Loss: 0.0326
  Epoch [24/100] Batch 400/2927 Loss: 0.0348
  Epoch [24/100] Batch 600/2927 Loss: 0.0584
  Epoch [24/100] Batch 800/2927 Loss: 0.0221
  Epoch [24/100] Batch 1000/2927 Loss: 0.0424
  Epoch [24/100] Batch 1200/2927 Loss: 0.0523
  Epoch [24/100] Batch 1400/2927 Loss: 0.0480
  Epoch [24/100] Batch 1600/2927 Loss: 0.0716
  Epoch [24/100] Batch 1800/2927 Loss: 0.0438
  Epoch [24/100] Batch 2000/2927 Loss: 0.0353
  Epoch [24/100] Batch 2200/2927 Loss: 0.0334
  Epoch [24/100] Batch 2400/2927 Loss: 0.0508
  Epoch [24/100] Batch 2600/2927 Loss: 0.0502
  Epoch [24/100] Batch 2800/2927 Loss: 0.0472
[EPOCH 24] Train: 0.0394 | Val: 0.0304 | LR: 0.001000 | Time: 23.9s
  Epoch [25/100] Batch 0/2927 Loss: 0.0405
  Epoch [25/100] Batch 200/2927 Loss: 0.0546
  Epoch [25/100] Batch 400/2927 Loss: 0.0519
  Epoch [25/100] Batch 600/2927 Loss: 0.0344
  Epoch [25/100] Batch 800/2927 Loss: 0.0355
  Epoch [25/100] Batch 1000/2927 Loss: 0.0251
  Epoch [25/100] Batch 1200/2927 Loss: 0.0393
  Epoch [25/100] Batch 1400/2927 Loss: 0.0351
  Epoch [25/100] Batch 1600/2927 Loss: 0.0328
  Epoch [25/100] Batch 1800/2927 Loss: 0.0398
  Epoch [25/100] Batch 2000/2927 Loss: 0.0275
  Epoch [25/100] Batch 2200/2927 Loss: 0.0320
  Epoch [25/100] Batch 2400/2927 Loss: 0.0407
  Epoch [25/100] Batch 2600/2927 Loss: 0.0283
  Epoch [25/100] Batch 2800/2927 Loss: 0.0440
[EPOCH 25] Train: 0.0389 | Val: 0.0320 | LR: 0.001000 | Time: 23.9s
  Epoch [26/100] Batch 0/2927 Loss: 0.0418
  Epoch [26/100] Batch 200/2927 Loss: 0.0490
  Epoch [26/100] Batch 400/2927 Loss: 0.0299
  Epoch [26/100] Batch 600/2927 Loss: 0.0388
  Epoch [26/100] Batch 800/2927 Loss: 0.0428
  Epoch [26/100] Batch 1000/2927 Loss: 0.0429
  Epoch [26/100] Batch 1200/2927 Loss: 0.0433
  Epoch [26/100] Batch 1400/2927 Loss: 0.0409
  Epoch [26/100] Batch 1600/2927 Loss: 0.0461
  Epoch [26/100] Batch 1800/2927 Loss: 0.0478
  Epoch [26/100] Batch 2000/2927 Loss: 0.0297
  Epoch [26/100] Batch 2200/2927 Loss: 0.0481
  Epoch [26/100] Batch 2400/2927 Loss: 0.0620
  Epoch [26/100] Batch 2600/2927 Loss: 0.0410
  Epoch [26/100] Batch 2800/2927 Loss: 0.0318
[EPOCH 26] Train: 0.0384 | Val: 0.0302 | LR: 0.001000 | Time: 23.9s
  Epoch [27/100] Batch 0/2927 Loss: 0.0409
  Epoch [27/100] Batch 200/2927 Loss: 0.0288
  Epoch [27/100] Batch 400/2927 Loss: 0.0359
  Epoch [27/100] Batch 600/2927 Loss: 0.0356
  Epoch [27/100] Batch 800/2927 Loss: 0.0238
  Epoch [27/100] Batch 1000/2927 Loss: 0.1108
  Epoch [27/100] Batch 1200/2927 Loss: 0.0351
  Epoch [27/100] Batch 1400/2927 Loss: 0.0385
  Epoch [27/100] Batch 1600/2927 Loss: 0.0281
  Epoch [27/100] Batch 1800/2927 Loss: 0.0354
  Epoch [27/100] Batch 2000/2927 Loss: 0.0332
  Epoch [27/100] Batch 2200/2927 Loss: 0.0382
  Epoch [27/100] Batch 2400/2927 Loss: 0.0332
  Epoch [27/100] Batch 2600/2927 Loss: 0.0424
  Epoch [27/100] Batch 2800/2927 Loss: 0.0548
[EPOCH 27] Train: 0.0385 | Val: 0.0391 | LR: 0.001000 | Time: 23.9s
  Epoch [28/100] Batch 0/2927 Loss: 0.0552
  Epoch [28/100] Batch 200/2927 Loss: 0.0332
  Epoch [28/100] Batch 400/2927 Loss: 0.0435
  Epoch [28/100] Batch 600/2927 Loss: 0.0432
  Epoch [28/100] Batch 800/2927 Loss: 0.0335
  Epoch [28/100] Batch 1000/2927 Loss: 0.0441
  Epoch [28/100] Batch 1200/2927 Loss: 0.0425
  Epoch [28/100] Batch 1400/2927 Loss: 0.0356
  Epoch [28/100] Batch 1600/2927 Loss: 0.0448
  Epoch [28/100] Batch 1800/2927 Loss: 0.0407
  Epoch [28/100] Batch 2000/2927 Loss: 0.0569
  Epoch [28/100] Batch 2200/2927 Loss: 0.0300
  Epoch [28/100] Batch 2400/2927 Loss: 0.0432
  Epoch [28/100] Batch 2600/2927 Loss: 0.0279
  Epoch [28/100] Batch 2800/2927 Loss: 0.0356
[EPOCH 28] Train: 0.0381 | Val: 0.0273 | LR: 0.001000 | Time: 23.9s
[SAVE] Nuevo mejor modelo!
  Epoch [29/100] Batch 0/2927 Loss: 0.0316
  Epoch [29/100] Batch 200/2927 Loss: 0.0324
  Epoch [29/100] Batch 400/2927 Loss: 0.0383
  Epoch [29/100] Batch 600/2927 Loss: 0.0369
  Epoch [29/100] Batch 800/2927 Loss: 0.0334
  Epoch [29/100] Batch 1000/2927 Loss: 0.0307
  Epoch [29/100] Batch 1200/2927 Loss: 0.0466
  Epoch [29/100] Batch 1400/2927 Loss: 0.0302
  Epoch [29/100] Batch 1600/2927 Loss: 0.0466
  Epoch [29/100] Batch 1800/2927 Loss: 0.0380
  Epoch [29/100] Batch 2000/2927 Loss: 0.0379
  Epoch [29/100] Batch 2200/2927 Loss: 0.0305
  Epoch [29/100] Batch 2400/2927 Loss: 0.0386
  Epoch [29/100] Batch 2600/2927 Loss: 0.0327
  Epoch [29/100] Batch 2800/2927 Loss: 0.0235
[EPOCH 29] Train: 0.0375 | Val: 0.0726 | LR: 0.001000 | Time: 23.9s
  Epoch [30/100] Batch 0/2927 Loss: 0.1195
  Epoch [30/100] Batch 200/2927 Loss: 0.0367
  Epoch [30/100] Batch 400/2927 Loss: 0.0312
  Epoch [30/100] Batch 600/2927 Loss: 0.0418
  Epoch [30/100] Batch 800/2927 Loss: 0.0338
  Epoch [30/100] Batch 1000/2927 Loss: 0.0345
  Epoch [30/100] Batch 1200/2927 Loss: 0.0672
  Epoch [30/100] Batch 1400/2927 Loss: 0.0239
  Epoch [30/100] Batch 1600/2927 Loss: 0.0387
  Epoch [30/100] Batch 1800/2927 Loss: 0.0303
  Epoch [30/100] Batch 2000/2927 Loss: 0.0467
  Epoch [30/100] Batch 2200/2927 Loss: 0.0212
  Epoch [30/100] Batch 2400/2927 Loss: 0.0455
  Epoch [30/100] Batch 2600/2927 Loss: 0.0301
  Epoch [30/100] Batch 2800/2927 Loss: 0.0338
[EPOCH 30] Train: 0.0371 | Val: 0.0292 | LR: 0.001000 | Time: 24.0s
  Epoch [31/100] Batch 0/2927 Loss: 0.0385
  Epoch [31/100] Batch 200/2927 Loss: 0.0327
  Epoch [31/100] Batch 400/2927 Loss: 0.0382
  Epoch [31/100] Batch 600/2927 Loss: 0.0441
  Epoch [31/100] Batch 800/2927 Loss: 0.0369
  Epoch [31/100] Batch 1000/2927 Loss: 0.0340
  Epoch [31/100] Batch 1200/2927 Loss: 0.0240
  Epoch [31/100] Batch 1400/2927 Loss: 0.0449
  Epoch [31/100] Batch 1600/2927 Loss: 0.0354
  Epoch [31/100] Batch 1800/2927 Loss: 0.0302
  Epoch [31/100] Batch 2000/2927 Loss: 0.0352
  Epoch [31/100] Batch 2200/2927 Loss: 0.0320
  Epoch [31/100] Batch 2400/2927 Loss: 0.0308
  Epoch [31/100] Batch 2600/2927 Loss: 0.0280
  Epoch [31/100] Batch 2800/2927 Loss: 0.0395
[EPOCH 31] Train: 0.0367 | Val: 0.0270 | LR: 0.001000 | Time: 24.0s
[SAVE] Nuevo mejor modelo!
  Epoch [32/100] Batch 0/2927 Loss: 0.0238
  Epoch [32/100] Batch 200/2927 Loss: 0.0301
  Epoch [32/100] Batch 400/2927 Loss: 0.0348
  Epoch [32/100] Batch 600/2927 Loss: 0.0387
  Epoch [32/100] Batch 800/2927 Loss: 0.0352
  Epoch [32/100] Batch 1000/2927 Loss: 0.0437
  Epoch [32/100] Batch 1200/2927 Loss: 0.0407
  Epoch [32/100] Batch 1400/2927 Loss: 0.0484
  Epoch [32/100] Batch 1600/2927 Loss: 0.0284
  Epoch [32/100] Batch 1800/2927 Loss: 0.0351
  Epoch [32/100] Batch 2000/2927 Loss: 0.0245
  Epoch [32/100] Batch 2200/2927 Loss: 0.0213
  Epoch [32/100] Batch 2400/2927 Loss: 0.0288
  Epoch [32/100] Batch 2600/2927 Loss: 0.0355
  Epoch [32/100] Batch 2800/2927 Loss: 0.0297
[EPOCH 32] Train: 0.0362 | Val: 0.0279 | LR: 0.001000 | Time: 24.0s
  Epoch [33/100] Batch 0/2927 Loss: 0.0313
  Epoch [33/100] Batch 200/2927 Loss: 0.0332
  Epoch [33/100] Batch 400/2927 Loss: 0.0298
  Epoch [33/100] Batch 600/2927 Loss: 0.0395
  Epoch [33/100] Batch 800/2927 Loss: 0.0394
  Epoch [33/100] Batch 1000/2927 Loss: 0.0376
  Epoch [33/100] Batch 1200/2927 Loss: 0.0362
  Epoch [33/100] Batch 1400/2927 Loss: 0.0312
  Epoch [33/100] Batch 1600/2927 Loss: 0.0272
  Epoch [33/100] Batch 1800/2927 Loss: 0.0378
  Epoch [33/100] Batch 2000/2927 Loss: 0.0300
  Epoch [33/100] Batch 2200/2927 Loss: 0.0442
  Epoch [33/100] Batch 2400/2927 Loss: 0.0311
  Epoch [33/100] Batch 2600/2927 Loss: 0.0414
  Epoch [33/100] Batch 2800/2927 Loss: 0.0424
[EPOCH 33] Train: 0.0361 | Val: 0.0270 | LR: 0.001000 | Time: 24.0s
[SAVE] Nuevo mejor modelo!
  Epoch [34/100] Batch 0/2927 Loss: 0.0412
  Epoch [34/100] Batch 200/2927 Loss: 0.0478
  Epoch [34/100] Batch 400/2927 Loss: 0.0301
  Epoch [34/100] Batch 600/2927 Loss: 0.0280
  Epoch [34/100] Batch 800/2927 Loss: 0.0362
  Epoch [34/100] Batch 1000/2927 Loss: 0.0338
  Epoch [34/100] Batch 1200/2927 Loss: 0.0299
  Epoch [34/100] Batch 1400/2927 Loss: 0.0443
  Epoch [34/100] Batch 1600/2927 Loss: 0.0393
  Epoch [34/100] Batch 1800/2927 Loss: 0.0281
  Epoch [34/100] Batch 2000/2927 Loss: 0.0360
  Epoch [34/100] Batch 2200/2927 Loss: 0.0392
  Epoch [34/100] Batch 2400/2927 Loss: 0.0226
  Epoch [34/100] Batch 2600/2927 Loss: 0.0298
  Epoch [34/100] Batch 2800/2927 Loss: 0.0425
[EPOCH 34] Train: 0.0357 | Val: 0.0287 | LR: 0.001000 | Time: 24.0s
  Epoch [35/100] Batch 0/2927 Loss: 0.0231
  Epoch [35/100] Batch 200/2927 Loss: 0.0322
  Epoch [35/100] Batch 400/2927 Loss: 0.0217
  Epoch [35/100] Batch 600/2927 Loss: 0.0362
  Epoch [35/100] Batch 800/2927 Loss: 0.0307
  Epoch [35/100] Batch 1000/2927 Loss: 0.0254
  Epoch [35/100] Batch 1200/2927 Loss: 0.0268
  Epoch [35/100] Batch 1400/2927 Loss: 0.0292
  Epoch [35/100] Batch 1600/2927 Loss: 0.0427
  Epoch [35/100] Batch 1800/2927 Loss: 0.0294
  Epoch [35/100] Batch 2000/2927 Loss: 0.0340
  Epoch [35/100] Batch 2200/2927 Loss: 0.0352
  Epoch [35/100] Batch 2400/2927 Loss: 0.0473
  Epoch [35/100] Batch 2600/2927 Loss: 0.0466
  Epoch [35/100] Batch 2800/2927 Loss: 0.0266
[EPOCH 35] Train: 0.0354 | Val: 0.0293 | LR: 0.001000 | Time: 24.0s
  Epoch [36/100] Batch 0/2927 Loss: 0.0372
  Epoch [36/100] Batch 200/2927 Loss: 0.0447
  Epoch [36/100] Batch 400/2927 Loss: 0.0294
  Epoch [36/100] Batch 600/2927 Loss: 0.0420
  Epoch [36/100] Batch 800/2927 Loss: 0.0290
  Epoch [36/100] Batch 1000/2927 Loss: 0.0464
  Epoch [36/100] Batch 1200/2927 Loss: 0.0375
  Epoch [36/100] Batch 1400/2927 Loss: 0.0291
  Epoch [36/100] Batch 1600/2927 Loss: 0.0310
  Epoch [36/100] Batch 1800/2927 Loss: 0.0369
  Epoch [36/100] Batch 2000/2927 Loss: 0.0432
  Epoch [36/100] Batch 2200/2927 Loss: 0.0458
  Epoch [36/100] Batch 2400/2927 Loss: 0.0205
  Epoch [36/100] Batch 2600/2927 Loss: 0.0351
  Epoch [36/100] Batch 2800/2927 Loss: 0.0279
[EPOCH 36] Train: 0.0352 | Val: 0.0269 | LR: 0.001000 | Time: 24.0s
[SAVE] Nuevo mejor modelo!
  Epoch [37/100] Batch 0/2927 Loss: 0.0323
  Epoch [37/100] Batch 200/2927 Loss: 0.0364
  Epoch [37/100] Batch 400/2927 Loss: 0.0334
  Epoch [37/100] Batch 600/2927 Loss: 0.0252
  Epoch [37/100] Batch 800/2927 Loss: 0.0289
  Epoch [37/100] Batch 1000/2927 Loss: 0.0286
  Epoch [37/100] Batch 1200/2927 Loss: 0.0358
  Epoch [37/100] Batch 1400/2927 Loss: 0.0313
  Epoch [37/100] Batch 1600/2927 Loss: 0.0316
  Epoch [37/100] Batch 1800/2927 Loss: 0.0187
  Epoch [37/100] Batch 2000/2927 Loss: 0.0285
  Epoch [37/100] Batch 2200/2927 Loss: 0.0256
  Epoch [37/100] Batch 2400/2927 Loss: 0.0414
  Epoch [37/100] Batch 2600/2927 Loss: 0.0399
  Epoch [37/100] Batch 2800/2927 Loss: 0.0393
[EPOCH 37] Train: 0.0350 | Val: 0.0260 | LR: 0.001000 | Time: 24.0s
[SAVE] Nuevo mejor modelo!
  Epoch [38/100] Batch 0/2927 Loss: 0.0302
  Epoch [38/100] Batch 200/2927 Loss: 0.0374
  Epoch [38/100] Batch 400/2927 Loss: 0.0329
  Epoch [38/100] Batch 600/2927 Loss: 0.0260
  Epoch [38/100] Batch 800/2927 Loss: 0.0286
  Epoch [38/100] Batch 1000/2927 Loss: 0.0592
  Epoch [38/100] Batch 1200/2927 Loss: 0.0313
  Epoch [38/100] Batch 1400/2927 Loss: 0.0302
  Epoch [38/100] Batch 1600/2927 Loss: 0.0290
  Epoch [38/100] Batch 1800/2927 Loss: 0.0392
  Epoch [38/100] Batch 2000/2927 Loss: 0.0371
  Epoch [38/100] Batch 2200/2927 Loss: 0.0494
  Epoch [38/100] Batch 2400/2927 Loss: 0.0322
  Epoch [38/100] Batch 2600/2927 Loss: 0.0278
  Epoch [38/100] Batch 2800/2927 Loss: 0.0407
[EPOCH 38] Train: 0.0347 | Val: 0.0257 | LR: 0.001000 | Time: 24.0s
[SAVE] Nuevo mejor modelo!
  Epoch [39/100] Batch 0/2927 Loss: 0.0377
  Epoch [39/100] Batch 200/2927 Loss: 0.0339
  Epoch [39/100] Batch 400/2927 Loss: 0.0203
  Epoch [39/100] Batch 600/2927 Loss: 0.0369
  Epoch [39/100] Batch 800/2927 Loss: 0.0980
  Epoch [39/100] Batch 1000/2927 Loss: 0.0326
  Epoch [39/100] Batch 1200/2927 Loss: 0.0381
  Epoch [39/100] Batch 1400/2927 Loss: 0.0274
  Epoch [39/100] Batch 1600/2927 Loss: 0.0566
  Epoch [39/100] Batch 1800/2927 Loss: 0.0334
  Epoch [39/100] Batch 2000/2927 Loss: 0.0316
  Epoch [39/100] Batch 2200/2927 Loss: 0.0394
  Epoch [39/100] Batch 2400/2927 Loss: 0.0247
  Epoch [39/100] Batch 2600/2927 Loss: 0.0296
  Epoch [39/100] Batch 2800/2927 Loss: 0.0244
[EPOCH 39] Train: 0.0347 | Val: 0.0255 | LR: 0.001000 | Time: 24.1s
[SAVE] Nuevo mejor modelo!
  Epoch [40/100] Batch 0/2927 Loss: 0.0436
  Epoch [40/100] Batch 200/2927 Loss: 0.0208
  Epoch [40/100] Batch 400/2927 Loss: 0.0262
  Epoch [40/100] Batch 600/2927 Loss: 0.0378
  Epoch [40/100] Batch 800/2927 Loss: 0.0226
  Epoch [40/100] Batch 1000/2927 Loss: 0.0348
  Epoch [40/100] Batch 1200/2927 Loss: 0.0277
  Epoch [40/100] Batch 1400/2927 Loss: 0.0255
  Epoch [40/100] Batch 1600/2927 Loss: 0.0268
  Epoch [40/100] Batch 1800/2927 Loss: 0.0442
  Epoch [40/100] Batch 2000/2927 Loss: 0.0320
  Epoch [40/100] Batch 2200/2927 Loss: 0.0228
  Epoch [40/100] Batch 2400/2927 Loss: 0.0336
  Epoch [40/100] Batch 2600/2927 Loss: 0.0312
  Epoch [40/100] Batch 2800/2927 Loss: 0.0428
[EPOCH 40] Train: 0.0345 | Val: 0.0249 | LR: 0.001000 | Time: 24.1s
[SAVE] Nuevo mejor modelo!
  Epoch [41/100] Batch 0/2927 Loss: 0.0458
  Epoch [41/100] Batch 200/2927 Loss: 0.0270
  Epoch [41/100] Batch 400/2927 Loss: 0.0391
  Epoch [41/100] Batch 600/2927 Loss: 0.0310
  Epoch [41/100] Batch 800/2927 Loss: 0.0338
  Epoch [41/100] Batch 1000/2927 Loss: 0.0307
  Epoch [41/100] Batch 1200/2927 Loss: 0.0340
  Epoch [41/100] Batch 1400/2927 Loss: 0.0352
  Epoch [41/100] Batch 1600/2927 Loss: 0.0326
  Epoch [41/100] Batch 1800/2927 Loss: 0.0291
  Epoch [41/100] Batch 2000/2927 Loss: 0.0342
  Epoch [41/100] Batch 2200/2927 Loss: 0.0240
  Epoch [41/100] Batch 2400/2927 Loss: 0.0398
  Epoch [41/100] Batch 2600/2927 Loss: 0.0658
  Epoch [41/100] Batch 2800/2927 Loss: 0.0316
[EPOCH 41] Train: 0.0343 | Val: 0.0255 | LR: 0.001000 | Time: 24.1s
  Epoch [42/100] Batch 0/2927 Loss: 0.0266
  Epoch [42/100] Batch 200/2927 Loss: 0.0287
  Epoch [42/100] Batch 400/2927 Loss: 0.0258
  Epoch [42/100] Batch 600/2927 Loss: 0.0339
  Epoch [42/100] Batch 800/2927 Loss: 0.0349
  Epoch [42/100] Batch 1000/2927 Loss: 0.0321
  Epoch [42/100] Batch 1200/2927 Loss: 0.0415
  Epoch [42/100] Batch 1400/2927 Loss: 0.0275
  Epoch [42/100] Batch 1600/2927 Loss: 0.0237
  Epoch [42/100] Batch 1800/2927 Loss: 0.0237
  Epoch [42/100] Batch 2000/2927 Loss: 0.0341
  Epoch [42/100] Batch 2200/2927 Loss: 0.0392
  Epoch [42/100] Batch 2400/2927 Loss: 0.0393
  Epoch [42/100] Batch 2600/2927 Loss: 0.0254
  Epoch [42/100] Batch 2800/2927 Loss: 0.0278
[EPOCH 42] Train: 0.0339 | Val: 0.0253 | LR: 0.001000 | Time: 24.1s
  Epoch [43/100] Batch 0/2927 Loss: 0.0350
  Epoch [43/100] Batch 200/2927 Loss: 0.0363
  Epoch [43/100] Batch 400/2927 Loss: 0.0256
  Epoch [43/100] Batch 600/2927 Loss: 0.0398
  Epoch [43/100] Batch 800/2927 Loss: 0.0382
  Epoch [43/100] Batch 1000/2927 Loss: 0.0405
  Epoch [43/100] Batch 1200/2927 Loss: 0.0393
  Epoch [43/100] Batch 1400/2927 Loss: 0.0389
  Epoch [43/100] Batch 1600/2927 Loss: 0.0349
  Epoch [43/100] Batch 1800/2927 Loss: 0.0439
  Epoch [43/100] Batch 2000/2927 Loss: 0.0426
  Epoch [43/100] Batch 2200/2927 Loss: 0.0320
  Epoch [43/100] Batch 2400/2927 Loss: 0.0350
  Epoch [43/100] Batch 2600/2927 Loss: 0.0380
  Epoch [43/100] Batch 2800/2927 Loss: 0.0390
[EPOCH 43] Train: 0.0338 | Val: 0.0296 | LR: 0.001000 | Time: 24.1s
  Epoch [44/100] Batch 0/2927 Loss: 0.0376
  Epoch [44/100] Batch 200/2927 Loss: 0.0418
  Epoch [44/100] Batch 400/2927 Loss: 0.0287
  Epoch [44/100] Batch 600/2927 Loss: 0.0275
  Epoch [44/100] Batch 800/2927 Loss: 0.0395
  Epoch [44/100] Batch 1000/2927 Loss: 0.0345
  Epoch [44/100] Batch 1200/2927 Loss: 0.0332
  Epoch [44/100] Batch 1400/2927 Loss: 0.0242
  Epoch [44/100] Batch 1600/2927 Loss: 0.0357
  Epoch [44/100] Batch 1800/2927 Loss: 0.0232
  Epoch [44/100] Batch 2000/2927 Loss: 0.0235
  Epoch [44/100] Batch 2200/2927 Loss: 0.0275
  Epoch [44/100] Batch 2400/2927 Loss: 0.0268
  Epoch [44/100] Batch 2600/2927 Loss: 0.0361
  Epoch [44/100] Batch 2800/2927 Loss: 0.0380
[EPOCH 44] Train: 0.0334 | Val: 0.0258 | LR: 0.001000 | Time: 24.1s
  Epoch [45/100] Batch 0/2927 Loss: 0.0298
  Epoch [45/100] Batch 200/2927 Loss: 0.0262
  Epoch [45/100] Batch 400/2927 Loss: 0.0244
  Epoch [45/100] Batch 600/2927 Loss: 0.0319
  Epoch [45/100] Batch 800/2927 Loss: 0.0312
  Epoch [45/100] Batch 1000/2927 Loss: 0.0281
  Epoch [45/100] Batch 1200/2927 Loss: 0.0229
  Epoch [45/100] Batch 1400/2927 Loss: 0.0371
  Epoch [45/100] Batch 1600/2927 Loss: 0.0463
  Epoch [45/100] Batch 1800/2927 Loss: 0.0330
  Epoch [45/100] Batch 2000/2927 Loss: 0.0333
  Epoch [45/100] Batch 2200/2927 Loss: 0.0265
  Epoch [45/100] Batch 2400/2927 Loss: 0.0340
  Epoch [45/100] Batch 2600/2927 Loss: 0.0390
  Epoch [45/100] Batch 2800/2927 Loss: 0.0317
[EPOCH 45] Train: 0.0333 | Val: 0.0242 | LR: 0.001000 | Time: 24.1s
[SAVE] Nuevo mejor modelo!
  Epoch [46/100] Batch 0/2927 Loss: 0.0313
  Epoch [46/100] Batch 200/2927 Loss: 0.0398
  Epoch [46/100] Batch 400/2927 Loss: 0.0384
  Epoch [46/100] Batch 600/2927 Loss: 0.0250
  Epoch [46/100] Batch 800/2927 Loss: 0.0322
  Epoch [46/100] Batch 1000/2927 Loss: 0.0269
  Epoch [46/100] Batch 1200/2927 Loss: 0.0326
  Epoch [46/100] Batch 1400/2927 Loss: 0.0288
  Epoch [46/100] Batch 1600/2927 Loss: 0.0301
  Epoch [46/100] Batch 1800/2927 Loss: 0.0304
  Epoch [46/100] Batch 2000/2927 Loss: 0.0326
  Epoch [46/100] Batch 2200/2927 Loss: 0.0411
  Epoch [46/100] Batch 2400/2927 Loss: 0.0370
  Epoch [46/100] Batch 2600/2927 Loss: 0.0333
  Epoch [46/100] Batch 2800/2927 Loss: 0.0301
[EPOCH 46] Train: 0.0330 | Val: 0.0258 | LR: 0.001000 | Time: 24.0s
  Epoch [47/100] Batch 0/2927 Loss: 0.0272
  Epoch [47/100] Batch 200/2927 Loss: 0.0248
  Epoch [47/100] Batch 400/2927 Loss: 0.0312
  Epoch [47/100] Batch 600/2927 Loss: 0.0389
  Epoch [47/100] Batch 800/2927 Loss: 0.0430
  Epoch [47/100] Batch 1000/2927 Loss: 0.0300
  Epoch [47/100] Batch 1200/2927 Loss: 0.0293
  Epoch [47/100] Batch 1400/2927 Loss: 0.0281
  Epoch [47/100] Batch 1600/2927 Loss: 0.0361
  Epoch [47/100] Batch 1800/2927 Loss: 0.0365
  Epoch [47/100] Batch 2000/2927 Loss: 0.0345
  Epoch [47/100] Batch 2200/2927 Loss: 0.0436
  Epoch [47/100] Batch 2400/2927 Loss: 0.0341
  Epoch [47/100] Batch 2600/2927 Loss: 0.0263
  Epoch [47/100] Batch 2800/2927 Loss: 0.0332
[EPOCH 47] Train: 0.0330 | Val: 0.0241 | LR: 0.001000 | Time: 24.0s
[SAVE] Nuevo mejor modelo!
  Epoch [48/100] Batch 0/2927 Loss: 0.0298
  Epoch [48/100] Batch 200/2927 Loss: 0.0263
  Epoch [48/100] Batch 400/2927 Loss: 0.0286
  Epoch [48/100] Batch 600/2927 Loss: 0.0272
  Epoch [48/100] Batch 800/2927 Loss: 0.0323
  Epoch [48/100] Batch 1000/2927 Loss: 0.0340
  Epoch [48/100] Batch 1200/2927 Loss: 0.0477
  Epoch [48/100] Batch 1400/2927 Loss: 0.0310
  Epoch [48/100] Batch 1600/2927 Loss: 0.0222
  Epoch [48/100] Batch 1800/2927 Loss: 0.0310
  Epoch [48/100] Batch 2000/2927 Loss: 0.0234
  Epoch [48/100] Batch 2200/2927 Loss: 0.0241
  Epoch [48/100] Batch 2400/2927 Loss: 0.0246
  Epoch [48/100] Batch 2600/2927 Loss: 0.0289
  Epoch [48/100] Batch 2800/2927 Loss: 0.0266
[EPOCH 48] Train: 0.0329 | Val: 0.0249 | LR: 0.001000 | Time: 24.0s
  Epoch [49/100] Batch 0/2927 Loss: 0.0354
  Epoch [49/100] Batch 200/2927 Loss: 0.0388
  Epoch [49/100] Batch 400/2927 Loss: 0.0348
  Epoch [49/100] Batch 600/2927 Loss: 0.0291
  Epoch [49/100] Batch 800/2927 Loss: 0.0518
  Epoch [49/100] Batch 1000/2927 Loss: 0.0307
  Epoch [49/100] Batch 1200/2927 Loss: 0.0262
  Epoch [49/100] Batch 1400/2927 Loss: 0.0292
  Epoch [49/100] Batch 1600/2927 Loss: 0.0323
  Epoch [49/100] Batch 1800/2927 Loss: 0.0329
  Epoch [49/100] Batch 2000/2927 Loss: 0.0369
  Epoch [49/100] Batch 2200/2927 Loss: 0.0285
  Epoch [49/100] Batch 2400/2927 Loss: 0.0238
  Epoch [49/100] Batch 2600/2927 Loss: 0.0204
  Epoch [49/100] Batch 2800/2927 Loss: 0.0342
[EPOCH 49] Train: 0.0328 | Val: 0.0245 | LR: 0.001000 | Time: 24.0s
  Epoch [50/100] Batch 0/2927 Loss: 0.0369
  Epoch [50/100] Batch 200/2927 Loss: 0.0288
  Epoch [50/100] Batch 400/2927 Loss: 0.0341
  Epoch [50/100] Batch 600/2927 Loss: 0.0318
  Epoch [50/100] Batch 800/2927 Loss: 0.0329
  Epoch [50/100] Batch 1000/2927 Loss: 0.0402
  Epoch [50/100] Batch 1200/2927 Loss: 0.0306
  Epoch [50/100] Batch 1400/2927 Loss: 0.0255
  Epoch [50/100] Batch 1600/2927 Loss: 0.0311
  Epoch [50/100] Batch 1800/2927 Loss: 0.0347
  Epoch [50/100] Batch 2000/2927 Loss: 0.0379
  Epoch [50/100] Batch 2200/2927 Loss: 0.0382
  Epoch [50/100] Batch 2400/2927 Loss: 0.0285
  Epoch [50/100] Batch 2600/2927 Loss: 0.0290
  Epoch [50/100] Batch 2800/2927 Loss: 0.0238
[EPOCH 50] Train: 0.0321 | Val: 0.0281 | LR: 0.001000 | Time: 24.0s
  Epoch [51/100] Batch 0/2927 Loss: 0.0361
  Epoch [51/100] Batch 200/2927 Loss: 0.0386
  Epoch [51/100] Batch 400/2927 Loss: 0.0238
  Epoch [51/100] Batch 600/2927 Loss: 0.0323
  Epoch [51/100] Batch 800/2927 Loss: 0.0243
  Epoch [51/100] Batch 1000/2927 Loss: 0.0297
  Epoch [51/100] Batch 1200/2927 Loss: 0.0259
  Epoch [51/100] Batch 1400/2927 Loss: 0.0318
  Epoch [51/100] Batch 1600/2927 Loss: 0.0210
  Epoch [51/100] Batch 1800/2927 Loss: 0.0327
  Epoch [51/100] Batch 2000/2927 Loss: 0.0252
  Epoch [51/100] Batch 2200/2927 Loss: 0.0238
  Epoch [51/100] Batch 2400/2927 Loss: 0.0311
  Epoch [51/100] Batch 2600/2927 Loss: 0.0276
  Epoch [51/100] Batch 2800/2927 Loss: 0.0341
[EPOCH 51] Train: 0.0321 | Val: 0.0252 | LR: 0.001000 | Time: 24.0s
  Epoch [52/100] Batch 0/2927 Loss: 0.0288
  Epoch [52/100] Batch 200/2927 Loss: 0.0367
  Epoch [52/100] Batch 400/2927 Loss: 0.0304
  Epoch [52/100] Batch 600/2927 Loss: 0.0421
  Epoch [52/100] Batch 800/2927 Loss: 0.0283
  Epoch [52/100] Batch 1000/2927 Loss: 0.0284
  Epoch [52/100] Batch 1200/2927 Loss: 0.0473
  Epoch [52/100] Batch 1400/2927 Loss: 0.0212
  Epoch [52/100] Batch 1600/2927 Loss: 0.0402
  Epoch [52/100] Batch 1800/2927 Loss: 0.0304
  Epoch [52/100] Batch 2000/2927 Loss: 0.0324
  Epoch [52/100] Batch 2200/2927 Loss: 0.0136
  Epoch [52/100] Batch 2400/2927 Loss: 0.0397
  Epoch [52/100] Batch 2600/2927 Loss: 0.0342
  Epoch [52/100] Batch 2800/2927 Loss: 0.0365
[EPOCH 52] Train: 0.0320 | Val: 0.0272 | LR: 0.001000 | Time: 24.0s
  Epoch [53/100] Batch 0/2927 Loss: 0.0302
  Epoch [53/100] Batch 200/2927 Loss: 0.0372
  Epoch [53/100] Batch 400/2927 Loss: 0.0388
  Epoch [53/100] Batch 600/2927 Loss: 0.0213
  Epoch [53/100] Batch 800/2927 Loss: 0.0301
  Epoch [53/100] Batch 1000/2927 Loss: 0.0440
  Epoch [53/100] Batch 1200/2927 Loss: 0.0234
  Epoch [53/100] Batch 1400/2927 Loss: 0.0472
  Epoch [53/100] Batch 1600/2927 Loss: 0.0241
  Epoch [53/100] Batch 1800/2927 Loss: 0.0363
  Epoch [53/100] Batch 2000/2927 Loss: 0.0423
  Epoch [53/100] Batch 2200/2927 Loss: 0.0436
  Epoch [53/100] Batch 2400/2927 Loss: 0.0172
  Epoch [53/100] Batch 2600/2927 Loss: 0.0360
  Epoch [53/100] Batch 2800/2927 Loss: 0.0491
[EPOCH 53] Train: 0.0320 | Val: 0.0228 | LR: 0.001000 | Time: 24.1s
[SAVE] Nuevo mejor modelo!
  Epoch [54/100] Batch 0/2927 Loss: 0.0302
  Epoch [54/100] Batch 200/2927 Loss: 0.0308
  Epoch [54/100] Batch 400/2927 Loss: 0.0455
  Epoch [54/100] Batch 600/2927 Loss: 0.0294
  Epoch [54/100] Batch 800/2927 Loss: 0.0364
  Epoch [54/100] Batch 1000/2927 Loss: 0.0325
  Epoch [54/100] Batch 1200/2927 Loss: 0.0330
  Epoch [54/100] Batch 1400/2927 Loss: 0.0330
  Epoch [54/100] Batch 1600/2927 Loss: 0.0377
  Epoch [54/100] Batch 1800/2927 Loss: 0.0222
  Epoch [54/100] Batch 2000/2927 Loss: 0.0344
  Epoch [54/100] Batch 2200/2927 Loss: 0.0550
  Epoch [54/100] Batch 2400/2927 Loss: 0.0377
  Epoch [54/100] Batch 2600/2927 Loss: 0.0319
  Epoch [54/100] Batch 2800/2927 Loss: 0.0277
[EPOCH 54] Train: 0.0319 | Val: 0.0244 | LR: 0.001000 | Time: 24.1s
  Epoch [55/100] Batch 0/2927 Loss: 0.0330
  Epoch [55/100] Batch 200/2927 Loss: 0.0286
  Epoch [55/100] Batch 400/2927 Loss: 0.0395
  Epoch [55/100] Batch 600/2927 Loss: 0.0344
  Epoch [55/100] Batch 800/2927 Loss: 0.0352
  Epoch [55/100] Batch 1000/2927 Loss: 0.0329
  Epoch [55/100] Batch 1200/2927 Loss: 0.0391
  Epoch [55/100] Batch 1400/2927 Loss: 0.0341
  Epoch [55/100] Batch 1600/2927 Loss: 0.0282
  Epoch [55/100] Batch 1800/2927 Loss: 0.0358
  Epoch [55/100] Batch 2000/2927 Loss: 0.0294
  Epoch [55/100] Batch 2200/2927 Loss: 0.0425
  Epoch [55/100] Batch 2400/2927 Loss: 0.0268
  Epoch [55/100] Batch 2600/2927 Loss: 0.0852
  Epoch [55/100] Batch 2800/2927 Loss: 0.0215
[EPOCH 55] Train: 0.0315 | Val: 0.0239 | LR: 0.001000 | Time: 24.1s
  Epoch [56/100] Batch 0/2927 Loss: 0.0210
  Epoch [56/100] Batch 200/2927 Loss: 0.0358
  Epoch [56/100] Batch 400/2927 Loss: 0.0264
  Epoch [56/100] Batch 600/2927 Loss: 0.0307
  Epoch [56/100] Batch 800/2927 Loss: 0.0239
  Epoch [56/100] Batch 1000/2927 Loss: 0.0320
  Epoch [56/100] Batch 1200/2927 Loss: 0.0398
  Epoch [56/100] Batch 1400/2927 Loss: 0.0369
  Epoch [56/100] Batch 1600/2927 Loss: 0.0286
  Epoch [56/100] Batch 1800/2927 Loss: 0.0359
  Epoch [56/100] Batch 2000/2927 Loss: 0.0439
  Epoch [56/100] Batch 2200/2927 Loss: 0.0207
  Epoch [56/100] Batch 2400/2927 Loss: 0.0210
  Epoch [56/100] Batch 2600/2927 Loss: 0.0344
  Epoch [56/100] Batch 2800/2927 Loss: 0.0464
[EPOCH 56] Train: 0.0313 | Val: 0.0310 | LR: 0.001000 | Time: 24.0s
  Epoch [57/100] Batch 0/2927 Loss: 0.0351
  Epoch [57/100] Batch 200/2927 Loss: 0.0183
  Epoch [57/100] Batch 400/2927 Loss: 0.0256
  Epoch [57/100] Batch 600/2927 Loss: 0.0342
  Epoch [57/100] Batch 800/2927 Loss: 0.0290
  Epoch [57/100] Batch 1000/2927 Loss: 0.0233
  Epoch [57/100] Batch 1200/2927 Loss: 0.0329
  Epoch [57/100] Batch 1400/2927 Loss: 0.0226
  Epoch [57/100] Batch 1600/2927 Loss: 0.0375
  Epoch [57/100] Batch 1800/2927 Loss: 0.0280
  Epoch [57/100] Batch 2000/2927 Loss: 0.0342
  Epoch [57/100] Batch 2200/2927 Loss: 0.0258
  Epoch [57/100] Batch 2400/2927 Loss: 0.0331
  Epoch [57/100] Batch 2600/2927 Loss: 0.0463
  Epoch [57/100] Batch 2800/2927 Loss: 0.0337
[EPOCH 57] Train: 0.0313 | Val: 0.0239 | LR: 0.001000 | Time: 24.1s
  Epoch [58/100] Batch 0/2927 Loss: 0.0282
  Epoch [58/100] Batch 200/2927 Loss: 0.0370
  Epoch [58/100] Batch 400/2927 Loss: 0.0211
  Epoch [58/100] Batch 600/2927 Loss: 0.0294
  Epoch [58/100] Batch 800/2927 Loss: 0.0328
  Epoch [58/100] Batch 1000/2927 Loss: 0.0318
  Epoch [58/100] Batch 1200/2927 Loss: 0.0427
  Epoch [58/100] Batch 1400/2927 Loss: 0.0245
  Epoch [58/100] Batch 1600/2927 Loss: 0.0307
  Epoch [58/100] Batch 1800/2927 Loss: 0.0249
  Epoch [58/100] Batch 2000/2927 Loss: 0.0288
  Epoch [58/100] Batch 2200/2927 Loss: 0.0273
  Epoch [58/100] Batch 2400/2927 Loss: 0.0240
  Epoch [58/100] Batch 2600/2927 Loss: 0.0409
  Epoch [58/100] Batch 2800/2927 Loss: 0.0307
[EPOCH 58] Train: 0.0311 | Val: 0.0233 | LR: 0.001000 | Time: 24.1s
  Epoch [59/100] Batch 0/2927 Loss: 0.0241
  Epoch [59/100] Batch 200/2927 Loss: 0.0243
  Epoch [59/100] Batch 400/2927 Loss: 0.0257
  Epoch [59/100] Batch 600/2927 Loss: 0.0359
  Epoch [59/100] Batch 800/2927 Loss: 0.0407
  Epoch [59/100] Batch 1000/2927 Loss: 0.0256
  Epoch [59/100] Batch 1200/2927 Loss: 0.0317
  Epoch [59/100] Batch 1400/2927 Loss: 0.0239
  Epoch [59/100] Batch 1600/2927 Loss: 0.0305
  Epoch [59/100] Batch 1800/2927 Loss: 0.0386
  Epoch [59/100] Batch 2000/2927 Loss: 0.0265
  Epoch [59/100] Batch 2200/2927 Loss: 0.0311
  Epoch [59/100] Batch 2400/2927 Loss: 0.0211
  Epoch [59/100] Batch 2600/2927 Loss: 0.0161
  Epoch [59/100] Batch 2800/2927 Loss: 0.0264
[EPOCH 59] Train: 0.0311 | Val: 0.0245 | LR: 0.001000 | Time: 24.1s
  Epoch [60/100] Batch 0/2927 Loss: 0.0362
  Epoch [60/100] Batch 200/2927 Loss: 0.0345
  Epoch [60/100] Batch 400/2927 Loss: 0.0267
  Epoch [60/100] Batch 600/2927 Loss: 0.0294
  Epoch [60/100] Batch 800/2927 Loss: 0.0305
  Epoch [60/100] Batch 1000/2927 Loss: 0.0256
  Epoch [60/100] Batch 1200/2927 Loss: 0.0234
  Epoch [60/100] Batch 1400/2927 Loss: 0.0320
  Epoch [60/100] Batch 1600/2927 Loss: 0.0252
  Epoch [60/100] Batch 1800/2927 Loss: 0.0237
  Epoch [60/100] Batch 2000/2927 Loss: 0.0344
  Epoch [60/100] Batch 2200/2927 Loss: 0.0364
  Epoch [60/100] Batch 2400/2927 Loss: 0.0262
  Epoch [60/100] Batch 2600/2927 Loss: 0.0262
  Epoch [60/100] Batch 2800/2927 Loss: 0.0328
[EPOCH 60] Train: 0.0310 | Val: 0.0540 | LR: 0.001000 | Time: 24.1s
  Epoch [61/100] Batch 0/2927 Loss: 0.0710
  Epoch [61/100] Batch 200/2927 Loss: 0.0300
  Epoch [61/100] Batch 400/2927 Loss: 0.0319
  Epoch [61/100] Batch 600/2927 Loss: 0.0351
  Epoch [61/100] Batch 800/2927 Loss: 0.0284
  Epoch [61/100] Batch 1000/2927 Loss: 0.0314
  Epoch [61/100] Batch 1200/2927 Loss: 0.0258
  Epoch [61/100] Batch 1400/2927 Loss: 0.0309
  Epoch [61/100] Batch 1600/2927 Loss: 0.0288
  Epoch [61/100] Batch 1800/2927 Loss: 0.0284
  Epoch [61/100] Batch 2000/2927 Loss: 0.0268
  Epoch [61/100] Batch 2200/2927 Loss: 0.0260
  Epoch [61/100] Batch 2400/2927 Loss: 0.0324
  Epoch [61/100] Batch 2600/2927 Loss: 0.0280
  Epoch [61/100] Batch 2800/2927 Loss: 0.0427
[EPOCH 61] Train: 0.0310 | Val: 0.0245 | LR: 0.001000 | Time: 24.1s
  Epoch [62/100] Batch 0/2927 Loss: 0.0204
  Epoch [62/100] Batch 200/2927 Loss: 0.0400
  Epoch [62/100] Batch 400/2927 Loss: 0.0323
  Epoch [62/100] Batch 600/2927 Loss: 0.0351
  Epoch [62/100] Batch 800/2927 Loss: 0.0208
  Epoch [62/100] Batch 1000/2927 Loss: 0.0374
  Epoch [62/100] Batch 1200/2927 Loss: 0.0288
  Epoch [62/100] Batch 1400/2927 Loss: 0.0296
  Epoch [62/100] Batch 1600/2927 Loss: 0.0243
  Epoch [62/100] Batch 1800/2927 Loss: 0.0293
  Epoch [62/100] Batch 2000/2927 Loss: 0.0288
  Epoch [62/100] Batch 2200/2927 Loss: 0.0406
  Epoch [62/100] Batch 2400/2927 Loss: 0.0294
  Epoch [62/100] Batch 2600/2927 Loss: 0.0320
  Epoch [62/100] Batch 2800/2927 Loss: 0.0330
[EPOCH 62] Train: 0.0305 | Val: 0.0259 | LR: 0.000700 | Time: 24.1s
  Epoch [63/100] Batch 0/2927 Loss: 0.0369
  Epoch [63/100] Batch 200/2927 Loss: 0.0302
  Epoch [63/100] Batch 400/2927 Loss: 0.0249
  Epoch [63/100] Batch 600/2927 Loss: 0.0221
  Epoch [63/100] Batch 800/2927 Loss: 0.0232
  Epoch [63/100] Batch 1000/2927 Loss: 0.0231
  Epoch [63/100] Batch 1200/2927 Loss: 0.0261
  Epoch [63/100] Batch 1400/2927 Loss: 0.0335
  Epoch [63/100] Batch 1600/2927 Loss: 0.0307
  Epoch [63/100] Batch 1800/2927 Loss: 0.0279
  Epoch [63/100] Batch 2000/2927 Loss: 0.0309
  Epoch [63/100] Batch 2200/2927 Loss: 0.0386
  Epoch [63/100] Batch 2400/2927 Loss: 0.0298
  Epoch [63/100] Batch 2600/2927 Loss: 0.0320
  Epoch [63/100] Batch 2800/2927 Loss: 0.0240
[EPOCH 63] Train: 0.0277 | Val: 0.0220 | LR: 0.000700 | Time: 24.1s
[SAVE] Nuevo mejor modelo!
  Epoch [64/100] Batch 0/2927 Loss: 0.0288
  Epoch [64/100] Batch 200/2927 Loss: 0.0180
  Epoch [64/100] Batch 400/2927 Loss: 0.0381
  Epoch [64/100] Batch 600/2927 Loss: 0.0254
  Epoch [64/100] Batch 800/2927 Loss: 0.0275
  Epoch [64/100] Batch 1000/2927 Loss: 0.0194
  Epoch [64/100] Batch 1200/2927 Loss: 0.0229
  Epoch [64/100] Batch 1400/2927 Loss: 0.0342
  Epoch [64/100] Batch 1600/2927 Loss: 0.0311
  Epoch [64/100] Batch 1800/2927 Loss: 0.0408
  Epoch [64/100] Batch 2000/2927 Loss: 0.0309
  Epoch [64/100] Batch 2200/2927 Loss: 0.0225
  Epoch [64/100] Batch 2400/2927 Loss: 0.0245
  Epoch [64/100] Batch 2600/2927 Loss: 0.0198
  Epoch [64/100] Batch 2800/2927 Loss: 0.0294
[EPOCH 64] Train: 0.0279 | Val: 0.0223 | LR: 0.000700 | Time: 24.1s
  Epoch [65/100] Batch 0/2927 Loss: 0.0370
  Epoch [65/100] Batch 200/2927 Loss: 0.0221
  Epoch [65/100] Batch 400/2927 Loss: 0.0229
  Epoch [65/100] Batch 600/2927 Loss: 0.0269
  Epoch [65/100] Batch 800/2927 Loss: 0.0241
  Epoch [65/100] Batch 1000/2927 Loss: 0.0327
  Epoch [65/100] Batch 1200/2927 Loss: 0.0280
  Epoch [65/100] Batch 1400/2927 Loss: 0.0264
  Epoch [65/100] Batch 1600/2927 Loss: 0.0289
  Epoch [65/100] Batch 1800/2927 Loss: 0.0290
  Epoch [65/100] Batch 2000/2927 Loss: 0.0148
  Epoch [65/100] Batch 2200/2927 Loss: 0.0288
  Epoch [65/100] Batch 2400/2927 Loss: 0.0264
  Epoch [65/100] Batch 2600/2927 Loss: 0.0307
  Epoch [65/100] Batch 2800/2927 Loss: 0.0309
[EPOCH 65] Train: 0.0275 | Val: 0.0209 | LR: 0.000700 | Time: 24.1s
[SAVE] Nuevo mejor modelo!
  Epoch [66/100] Batch 0/2927 Loss: 0.0203
  Epoch [66/100] Batch 200/2927 Loss: 0.0243
  Epoch [66/100] Batch 400/2927 Loss: 0.0204
  Epoch [66/100] Batch 600/2927 Loss: 0.0241
  Epoch [66/100] Batch 800/2927 Loss: 0.0252
  Epoch [66/100] Batch 1000/2927 Loss: 0.0282
  Epoch [66/100] Batch 1200/2927 Loss: 0.0311
  Epoch [66/100] Batch 1400/2927 Loss: 0.0199
  Epoch [66/100] Batch 1600/2927 Loss: 0.0475
  Epoch [66/100] Batch 1800/2927 Loss: 0.0395
  Epoch [66/100] Batch 2000/2927 Loss: 0.0394
  Epoch [66/100] Batch 2200/2927 Loss: 0.0250
  Epoch [66/100] Batch 2400/2927 Loss: 0.0211
  Epoch [66/100] Batch 2600/2927 Loss: 0.0241
  Epoch [66/100] Batch 2800/2927 Loss: 0.0208
[EPOCH 66] Train: 0.0276 | Val: 0.0214 | LR: 0.000700 | Time: 24.1s
  Epoch [67/100] Batch 0/2927 Loss: 0.0270
  Epoch [67/100] Batch 200/2927 Loss: 0.0582
  Epoch [67/100] Batch 400/2927 Loss: 0.0294
  Epoch [67/100] Batch 600/2927 Loss: 0.0234
  Epoch [67/100] Batch 800/2927 Loss: 0.0327
  Epoch [67/100] Batch 1000/2927 Loss: 0.0406
  Epoch [67/100] Batch 1200/2927 Loss: 0.0302
  Epoch [67/100] Batch 1400/2927 Loss: 0.0174
  Epoch [67/100] Batch 1600/2927 Loss: 0.0212
  Epoch [67/100] Batch 1800/2927 Loss: 0.0370
  Epoch [67/100] Batch 2000/2927 Loss: 0.0298
  Epoch [67/100] Batch 2200/2927 Loss: 0.0317
  Epoch [67/100] Batch 2400/2927 Loss: 0.0290
  Epoch [67/100] Batch 2600/2927 Loss: 0.0283
  Epoch [67/100] Batch 2800/2927 Loss: 0.0294
[EPOCH 67] Train: 0.0275 | Val: 0.0214 | LR: 0.000700 | Time: 24.1s
  Epoch [68/100] Batch 0/2927 Loss: 0.0294
  Epoch [68/100] Batch 200/2927 Loss: 0.0353
  Epoch [68/100] Batch 400/2927 Loss: 0.0353
  Epoch [68/100] Batch 600/2927 Loss: 0.0196
  Epoch [68/100] Batch 800/2927 Loss: 0.0264
  Epoch [68/100] Batch 1000/2927 Loss: 0.0206
  Epoch [68/100] Batch 1200/2927 Loss: 0.0232
  Epoch [68/100] Batch 1400/2927 Loss: 0.0298
  Epoch [68/100] Batch 1600/2927 Loss: 0.0291
  Epoch [68/100] Batch 1800/2927 Loss: 0.0272
  Epoch [68/100] Batch 2000/2927 Loss: 0.0294
  Epoch [68/100] Batch 2200/2927 Loss: 0.0197
  Epoch [68/100] Batch 2400/2927 Loss: 0.0248
  Epoch [68/100] Batch 2600/2927 Loss: 0.0309
  Epoch [68/100] Batch 2800/2927 Loss: 0.0290
[EPOCH 68] Train: 0.0273 | Val: 0.0225 | LR: 0.000700 | Time: 24.1s
  Epoch [69/100] Batch 0/2927 Loss: 0.0308
  Epoch [69/100] Batch 200/2927 Loss: 0.0272
  Epoch [69/100] Batch 400/2927 Loss: 0.0297
  Epoch [69/100] Batch 600/2927 Loss: 0.0250
  Epoch [69/100] Batch 800/2927 Loss: 0.0209
  Epoch [69/100] Batch 1000/2927 Loss: 0.0251
  Epoch [69/100] Batch 1200/2927 Loss: 0.0323
  Epoch [69/100] Batch 1400/2927 Loss: 0.0174
  Epoch [69/100] Batch 1600/2927 Loss: 0.0327
  Epoch [69/100] Batch 1800/2927 Loss: 0.0271
  Epoch [69/100] Batch 2000/2927 Loss: 0.0325
  Epoch [69/100] Batch 2200/2927 Loss: 0.0223
  Epoch [69/100] Batch 2400/2927 Loss: 0.0303
  Epoch [69/100] Batch 2600/2927 Loss: 0.0296
  Epoch [69/100] Batch 2800/2927 Loss: 0.0230
[EPOCH 69] Train: 0.0273 | Val: 0.0211 | LR: 0.000700 | Time: 24.2s
  Epoch [70/100] Batch 0/2927 Loss: 0.0230
  Epoch [70/100] Batch 200/2927 Loss: 0.0213
  Epoch [70/100] Batch 400/2927 Loss: 0.0271
  Epoch [70/100] Batch 600/2927 Loss: 0.0230
  Epoch [70/100] Batch 800/2927 Loss: 0.0220
  Epoch [70/100] Batch 1000/2927 Loss: 0.0250
  Epoch [70/100] Batch 1200/2927 Loss: 0.0291
  Epoch [70/100] Batch 1400/2927 Loss: 0.0293
  Epoch [70/100] Batch 1600/2927 Loss: 0.0257
  Epoch [70/100] Batch 1800/2927 Loss: 0.0226
  Epoch [70/100] Batch 2000/2927 Loss: 0.0200
  Epoch [70/100] Batch 2200/2927 Loss: 0.0232
  Epoch [70/100] Batch 2400/2927 Loss: 0.0275
  Epoch [70/100] Batch 2600/2927 Loss: 0.0184
  Epoch [70/100] Batch 2800/2927 Loss: 0.0218
[EPOCH 70] Train: 0.0273 | Val: 0.0214 | LR: 0.000700 | Time: 24.1s
  Epoch [71/100] Batch 0/2927 Loss: 0.0341
  Epoch [71/100] Batch 200/2927 Loss: 0.0354
  Epoch [71/100] Batch 400/2927 Loss: 0.0250
  Epoch [71/100] Batch 600/2927 Loss: 0.0235
  Epoch [71/100] Batch 800/2927 Loss: 0.0263
  Epoch [71/100] Batch 1000/2927 Loss: 0.0298
  Epoch [71/100] Batch 1200/2927 Loss: 0.0453
  Epoch [71/100] Batch 1400/2927 Loss: 0.0285
  Epoch [71/100] Batch 1600/2927 Loss: 0.0242
  Epoch [71/100] Batch 1800/2927 Loss: 0.0296
  Epoch [71/100] Batch 2000/2927 Loss: 0.0296
  Epoch [71/100] Batch 2200/2927 Loss: 0.0207
  Epoch [71/100] Batch 2400/2927 Loss: 0.0259
  Epoch [71/100] Batch 2600/2927 Loss: 0.0244
  Epoch [71/100] Batch 2800/2927 Loss: 0.0369
[EPOCH 71] Train: 0.0271 | Val: 0.0227 | LR: 0.000700 | Time: 24.0s
  Epoch [72/100] Batch 0/2927 Loss: 0.0267
  Epoch [72/100] Batch 200/2927 Loss: 0.0308
  Epoch [72/100] Batch 400/2927 Loss: 0.0194
  Epoch [72/100] Batch 600/2927 Loss: 0.0237
  Epoch [72/100] Batch 800/2927 Loss: 0.0202
  Epoch [72/100] Batch 1000/2927 Loss: 0.0277
  Epoch [72/100] Batch 1200/2927 Loss: 0.0319
  Epoch [72/100] Batch 1400/2927 Loss: 0.0269
  Epoch [72/100] Batch 1600/2927 Loss: 0.0265
  Epoch [72/100] Batch 1800/2927 Loss: 0.0218
  Epoch [72/100] Batch 2000/2927 Loss: 0.0321
  Epoch [72/100] Batch 2200/2927 Loss: 0.0268
  Epoch [72/100] Batch 2400/2927 Loss: 0.0249
  Epoch [72/100] Batch 2600/2927 Loss: 0.0271
  Epoch [72/100] Batch 2800/2927 Loss: 0.0389
[EPOCH 72] Train: 0.0269 | Val: 0.0212 | LR: 0.000700 | Time: 24.0s
  Epoch [73/100] Batch 0/2927 Loss: 0.0252
  Epoch [73/100] Batch 200/2927 Loss: 0.0261
  Epoch [73/100] Batch 400/2927 Loss: 0.0217
  Epoch [73/100] Batch 600/2927 Loss: 0.0231
  Epoch [73/100] Batch 800/2927 Loss: 0.0246
  Epoch [73/100] Batch 1000/2927 Loss: 0.0330
  Epoch [73/100] Batch 1200/2927 Loss: 0.0256
  Epoch [73/100] Batch 1400/2927 Loss: 0.0186
  Epoch [73/100] Batch 1600/2927 Loss: 0.0402
  Epoch [73/100] Batch 1800/2927 Loss: 0.0270
  Epoch [73/100] Batch 2000/2927 Loss: 0.0246
  Epoch [73/100] Batch 2200/2927 Loss: 0.0366
  Epoch [73/100] Batch 2400/2927 Loss: 0.0214
  Epoch [73/100] Batch 2600/2927 Loss: 0.0270
  Epoch [73/100] Batch 2800/2927 Loss: 0.0288
[EPOCH 73] Train: 0.0270 | Val: 0.0207 | LR: 0.000700 | Time: 23.9s
[SAVE] Nuevo mejor modelo!
  Epoch [74/100] Batch 0/2927 Loss: 0.0312
  Epoch [74/100] Batch 200/2927 Loss: 0.0256
  Epoch [74/100] Batch 400/2927 Loss: 0.0294
  Epoch [74/100] Batch 600/2927 Loss: 0.0331
  Epoch [74/100] Batch 800/2927 Loss: 0.0335
  Epoch [74/100] Batch 1000/2927 Loss: 0.0208
  Epoch [74/100] Batch 1200/2927 Loss: 0.0251
  Epoch [74/100] Batch 1400/2927 Loss: 0.0236
  Epoch [74/100] Batch 1600/2927 Loss: 0.0289
  Epoch [74/100] Batch 1800/2927 Loss: 0.0471
  Epoch [74/100] Batch 2000/2927 Loss: 0.0289
  Epoch [74/100] Batch 2200/2927 Loss: 0.0249
  Epoch [74/100] Batch 2400/2927 Loss: 0.0314
  Epoch [74/100] Batch 2600/2927 Loss: 0.0308
  Epoch [74/100] Batch 2800/2927 Loss: 0.0283
[EPOCH 74] Train: 0.0267 | Val: 0.0215 | LR: 0.000700 | Time: 24.5s
  Epoch [75/100] Batch 0/2927 Loss: 0.0245
  Epoch [75/100] Batch 200/2927 Loss: 0.0202
  Epoch [75/100] Batch 400/2927 Loss: 0.0193
  Epoch [75/100] Batch 600/2927 Loss: 0.0195
  Epoch [75/100] Batch 800/2927 Loss: 0.0264
  Epoch [75/100] Batch 1000/2927 Loss: 0.0402
  Epoch [75/100] Batch 1200/2927 Loss: 0.0294
  Epoch [75/100] Batch 1400/2927 Loss: 0.0231
  Epoch [75/100] Batch 1600/2927 Loss: 0.0251
  Epoch [75/100] Batch 1800/2927 Loss: 0.0216
  Epoch [75/100] Batch 2000/2927 Loss: 0.0258
  Epoch [75/100] Batch 2200/2927 Loss: 0.0235
  Epoch [75/100] Batch 2400/2927 Loss: 0.0310
  Epoch [75/100] Batch 2600/2927 Loss: 0.0214
  Epoch [75/100] Batch 2800/2927 Loss: 0.0240
[EPOCH 75] Train: 0.0268 | Val: 0.0229 | LR: 0.000700 | Time: 27.3s
  Epoch [76/100] Batch 0/2927 Loss: 0.0403
  Epoch [76/100] Batch 200/2927 Loss: 0.0267
  Epoch [76/100] Batch 400/2927 Loss: 0.0547
  Epoch [76/100] Batch 600/2927 Loss: 0.0287
  Epoch [76/100] Batch 800/2927 Loss: 0.0274
  Epoch [76/100] Batch 1000/2927 Loss: 0.0274
  Epoch [76/100] Batch 1200/2927 Loss: 0.0230
  Epoch [76/100] Batch 1400/2927 Loss: 0.0242
  Epoch [76/100] Batch 1600/2927 Loss: 0.0307
  Epoch [76/100] Batch 1800/2927 Loss: 0.0363
  Epoch [76/100] Batch 2000/2927 Loss: 0.0264
  Epoch [76/100] Batch 2200/2927 Loss: 0.0161
  Epoch [76/100] Batch 2400/2927 Loss: 0.0358
  Epoch [76/100] Batch 2600/2927 Loss: 0.0323
  Epoch [76/100] Batch 2800/2927 Loss: 0.0327
[EPOCH 76] Train: 0.0269 | Val: 0.0464 | LR: 0.000700 | Time: 25.0s
  Epoch [77/100] Batch 0/2927 Loss: 0.0634
  Epoch [77/100] Batch 200/2927 Loss: 0.0206
  Epoch [77/100] Batch 400/2927 Loss: 0.0176
  Epoch [77/100] Batch 600/2927 Loss: 0.0320
  Epoch [77/100] Batch 800/2927 Loss: 0.0281
  Epoch [77/100] Batch 1000/2927 Loss: 0.0273
  Epoch [77/100] Batch 1200/2927 Loss: 0.0279
  Epoch [77/100] Batch 1400/2927 Loss: 0.0289
  Epoch [77/100] Batch 1600/2927 Loss: 0.0228
  Epoch [77/100] Batch 1800/2927 Loss: 0.0333
  Epoch [77/100] Batch 2000/2927 Loss: 0.0265
  Epoch [77/100] Batch 2200/2927 Loss: 0.0312
  Epoch [77/100] Batch 2400/2927 Loss: 0.0184
  Epoch [77/100] Batch 2600/2927 Loss: 0.0325
  Epoch [77/100] Batch 2800/2927 Loss: 0.0259
[EPOCH 77] Train: 0.0266 | Val: 0.0211 | LR: 0.000700 | Time: 25.0s
  Epoch [78/100] Batch 0/2927 Loss: 0.0238
  Epoch [78/100] Batch 200/2927 Loss: 0.0272
  Epoch [78/100] Batch 400/2927 Loss: 0.0275
  Epoch [78/100] Batch 600/2927 Loss: 0.0216
  Epoch [78/100] Batch 800/2927 Loss: 0.0231
  Epoch [78/100] Batch 1000/2927 Loss: 0.0262
  Epoch [78/100] Batch 1200/2927 Loss: 0.0243
  Epoch [78/100] Batch 1400/2927 Loss: 0.0267
  Epoch [78/100] Batch 1600/2927 Loss: 0.0205
  Epoch [78/100] Batch 1800/2927 Loss: 0.0262
  Epoch [78/100] Batch 2000/2927 Loss: 0.0243
  Epoch [78/100] Batch 2200/2927 Loss: 0.0165
  Epoch [78/100] Batch 2400/2927 Loss: 0.0285
  Epoch [78/100] Batch 2600/2927 Loss: 0.0406
  Epoch [78/100] Batch 2800/2927 Loss: 0.0289
[EPOCH 78] Train: 0.0266 | Val: 0.0207 | LR: 0.000700 | Time: 24.9s
  Epoch [79/100] Batch 0/2927 Loss: 0.0279
  Epoch [79/100] Batch 200/2927 Loss: 0.0249
  Epoch [79/100] Batch 400/2927 Loss: 0.0230
  Epoch [79/100] Batch 600/2927 Loss: 0.0244
  Epoch [79/100] Batch 800/2927 Loss: 0.0266
  Epoch [79/100] Batch 1000/2927 Loss: 0.0245
  Epoch [79/100] Batch 1200/2927 Loss: 0.0269
  Epoch [79/100] Batch 1400/2927 Loss: 0.0199
  Epoch [79/100] Batch 1600/2927 Loss: 0.0130
  Epoch [79/100] Batch 1800/2927 Loss: 0.0210
  Epoch [79/100] Batch 2000/2927 Loss: 0.0317
  Epoch [79/100] Batch 2200/2927 Loss: 0.0213
  Epoch [79/100] Batch 2400/2927 Loss: 0.0184
  Epoch [79/100] Batch 2600/2927 Loss: 0.0263
  Epoch [79/100] Batch 2800/2927 Loss: 0.0290
[EPOCH 79] Train: 0.0265 | Val: 0.0209 | LR: 0.000700 | Time: 24.9s
  Epoch [80/100] Batch 0/2927 Loss: 0.0179
  Epoch [80/100] Batch 200/2927 Loss: 0.0265
  Epoch [80/100] Batch 400/2927 Loss: 0.0199
  Epoch [80/100] Batch 600/2927 Loss: 0.0194
  Epoch [80/100] Batch 800/2927 Loss: 0.0249
  Epoch [80/100] Batch 1000/2927 Loss: 0.0172
  Epoch [80/100] Batch 1200/2927 Loss: 0.0187
  Epoch [80/100] Batch 1400/2927 Loss: 0.0280
  Epoch [80/100] Batch 1600/2927 Loss: 0.0220
  Epoch [80/100] Batch 1800/2927 Loss: 0.0256
  Epoch [80/100] Batch 2000/2927 Loss: 0.0365
  Epoch [80/100] Batch 2200/2927 Loss: 0.0287
  Epoch [80/100] Batch 2400/2927 Loss: 0.0238
  Epoch [80/100] Batch 2600/2927 Loss: 0.0251
  Epoch [80/100] Batch 2800/2927 Loss: 0.0282
[EPOCH 80] Train: 0.0264 | Val: 0.0205 | LR: 0.000700 | Time: 24.9s
[SAVE] Nuevo mejor modelo!
  Epoch [81/100] Batch 0/2927 Loss: 0.0289
  Epoch [81/100] Batch 200/2927 Loss: 0.0280
  Epoch [81/100] Batch 400/2927 Loss: 0.0220
  Epoch [81/100] Batch 600/2927 Loss: 0.0305
  Epoch [81/100] Batch 800/2927 Loss: 0.0201
  Epoch [81/100] Batch 1000/2927 Loss: 0.0316
  Epoch [81/100] Batch 1200/2927 Loss: 0.0376
  Epoch [81/100] Batch 1400/2927 Loss: 0.0258
  Epoch [81/100] Batch 1600/2927 Loss: 0.0235
  Epoch [81/100] Batch 1800/2927 Loss: 0.0249
  Epoch [81/100] Batch 2000/2927 Loss: 0.0216
  Epoch [81/100] Batch 2200/2927 Loss: 0.0237
  Epoch [81/100] Batch 2400/2927 Loss: 0.0256
  Epoch [81/100] Batch 2600/2927 Loss: 0.0321
  Epoch [81/100] Batch 2800/2927 Loss: 0.0166
[EPOCH 81] Train: 0.0264 | Val: 0.0206 | LR: 0.000700 | Time: 25.1s
  Epoch [82/100] Batch 0/2927 Loss: 0.0190
  Epoch [82/100] Batch 200/2927 Loss: 0.0239
  Epoch [82/100] Batch 400/2927 Loss: 0.0247
  Epoch [82/100] Batch 600/2927 Loss: 0.0305
  Epoch [82/100] Batch 800/2927 Loss: 0.0241
  Epoch [82/100] Batch 1000/2927 Loss: 0.0293
  Epoch [82/100] Batch 1200/2927 Loss: 0.0238
  Epoch [82/100] Batch 1400/2927 Loss: 0.0273
  Epoch [82/100] Batch 1600/2927 Loss: 0.0281
  Epoch [82/100] Batch 1800/2927 Loss: 0.0307
  Epoch [82/100] Batch 2000/2927 Loss: 0.0262
  Epoch [82/100] Batch 2200/2927 Loss: 0.0250
  Epoch [82/100] Batch 2400/2927 Loss: 0.0236
  Epoch [82/100] Batch 2600/2927 Loss: 0.0215
  Epoch [82/100] Batch 2800/2927 Loss: 0.0344
[EPOCH 82] Train: 0.0263 | Val: 0.0201 | LR: 0.000700 | Time: 25.4s
[SAVE] Nuevo mejor modelo!
  Epoch [83/100] Batch 0/2927 Loss: 0.0354
  Epoch [83/100] Batch 200/2927 Loss: 0.0276
  Epoch [83/100] Batch 400/2927 Loss: 0.0176
  Epoch [83/100] Batch 600/2927 Loss: 0.0276
  Epoch [83/100] Batch 800/2927 Loss: 0.0206
  Epoch [83/100] Batch 1000/2927 Loss: 0.0304
  Epoch [83/100] Batch 1200/2927 Loss: 0.0283
  Epoch [83/100] Batch 1400/2927 Loss: 0.0170
  Epoch [83/100] Batch 1600/2927 Loss: 0.0211
  Epoch [83/100] Batch 1800/2927 Loss: 0.0245
  Epoch [83/100] Batch 2000/2927 Loss: 0.0190
  Epoch [83/100] Batch 2200/2927 Loss: 0.0184
  Epoch [83/100] Batch 2400/2927 Loss: 0.0556
  Epoch [83/100] Batch 2600/2927 Loss: 0.0198
  Epoch [83/100] Batch 2800/2927 Loss: 0.0275
[EPOCH 83] Train: 0.0263 | Val: 0.0200 | LR: 0.000700 | Time: 25.2s
[SAVE] Nuevo mejor modelo!
  Epoch [84/100] Batch 0/2927 Loss: 0.0266
  Epoch [84/100] Batch 200/2927 Loss: 0.0269
  Epoch [84/100] Batch 400/2927 Loss: 0.0318
  Epoch [84/100] Batch 600/2927 Loss: 0.0304
  Epoch [84/100] Batch 800/2927 Loss: 0.0262
  Epoch [84/100] Batch 1000/2927 Loss: 0.0407
  Epoch [84/100] Batch 1200/2927 Loss: 0.0172
  Epoch [84/100] Batch 1400/2927 Loss: 0.0238
  Epoch [84/100] Batch 1600/2927 Loss: 0.0349
  Epoch [84/100] Batch 1800/2927 Loss: 0.0158
  Epoch [84/100] Batch 2000/2927 Loss: 0.0327
  Epoch [84/100] Batch 2200/2927 Loss: 0.0212
  Epoch [84/100] Batch 2400/2927 Loss: 0.0315
  Epoch [84/100] Batch 2600/2927 Loss: 0.0303
  Epoch [84/100] Batch 2800/2927 Loss: 0.0258
[EPOCH 84] Train: 0.0261 | Val: 0.0200 | LR: 0.000700 | Time: 25.2s
  Epoch [85/100] Batch 0/2927 Loss: 0.0230
  Epoch [85/100] Batch 200/2927 Loss: 0.0223
  Epoch [85/100] Batch 400/2927 Loss: 0.0320
  Epoch [85/100] Batch 600/2927 Loss: 0.0264
  Epoch [85/100] Batch 800/2927 Loss: 0.0390
  Epoch [85/100] Batch 1000/2927 Loss: 0.0220
  Epoch [85/100] Batch 1200/2927 Loss: 0.0309
  Epoch [85/100] Batch 1400/2927 Loss: 0.0334
  Epoch [85/100] Batch 1600/2927 Loss: 0.0452
  Epoch [85/100] Batch 1800/2927 Loss: 0.0273
  Epoch [85/100] Batch 2000/2927 Loss: 0.0240
  Epoch [85/100] Batch 2200/2927 Loss: 0.0297
  Epoch [85/100] Batch 2400/2927 Loss: 0.0223
  Epoch [85/100] Batch 2600/2927 Loss: 0.0277
  Epoch [85/100] Batch 2800/2927 Loss: 0.0343
[EPOCH 85] Train: 0.0261 | Val: 0.0202 | LR: 0.000700 | Time: 25.2s
  Epoch [86/100] Batch 0/2927 Loss: 0.0222
  Epoch [86/100] Batch 200/2927 Loss: 0.0333
  Epoch [86/100] Batch 400/2927 Loss: 0.0240
  Epoch [86/100] Batch 600/2927 Loss: 0.0247
  Epoch [86/100] Batch 800/2927 Loss: 0.0246
  Epoch [86/100] Batch 1000/2927 Loss: 0.0242
  Epoch [86/100] Batch 1200/2927 Loss: 0.0270
  Epoch [86/100] Batch 1400/2927 Loss: 0.0235
  Epoch [86/100] Batch 1600/2927 Loss: 0.0234
  Epoch [86/100] Batch 1800/2927 Loss: 0.0213
  Epoch [86/100] Batch 2000/2927 Loss: 0.0203
  Epoch [86/100] Batch 2200/2927 Loss: 0.0209
  Epoch [86/100] Batch 2400/2927 Loss: 0.0230
  Epoch [86/100] Batch 2600/2927 Loss: 0.0244
  Epoch [86/100] Batch 2800/2927 Loss: 0.0186
[EPOCH 86] Train: 0.0261 | Val: 0.0208 | LR: 0.000700 | Time: 25.2s
  Epoch [87/100] Batch 0/2927 Loss: 0.0248
  Epoch [87/100] Batch 200/2927 Loss: 0.0378
  Epoch [87/100] Batch 400/2927 Loss: 0.0288
  Epoch [87/100] Batch 600/2927 Loss: 0.0219
  Epoch [87/100] Batch 800/2927 Loss: 0.0171
  Epoch [87/100] Batch 1000/2927 Loss: 0.0239
  Epoch [87/100] Batch 1200/2927 Loss: 0.0287
  Epoch [87/100] Batch 1400/2927 Loss: 0.0333
  Epoch [87/100] Batch 1600/2927 Loss: 0.0327
  Epoch [87/100] Batch 1800/2927 Loss: 0.0222
  Epoch [87/100] Batch 2000/2927 Loss: 0.0321
  Epoch [87/100] Batch 2200/2927 Loss: 0.0255
  Epoch [87/100] Batch 2400/2927 Loss: 0.0253
  Epoch [87/100] Batch 2600/2927 Loss: 0.0169
  Epoch [87/100] Batch 2800/2927 Loss: 0.0303
[EPOCH 87] Train: 0.0259 | Val: 0.0215 | LR: 0.000700 | Time: 25.3s
  Epoch [88/100] Batch 0/2927 Loss: 0.0208
  Epoch [88/100] Batch 200/2927 Loss: 0.0248
  Epoch [88/100] Batch 400/2927 Loss: 0.0296
  Epoch [88/100] Batch 600/2927 Loss: 0.0188
  Epoch [88/100] Batch 800/2927 Loss: 0.0250
  Epoch [88/100] Batch 1000/2927 Loss: 0.0123
  Epoch [88/100] Batch 1200/2927 Loss: 0.0262
  Epoch [88/100] Batch 1400/2927 Loss: 0.0195
  Epoch [88/100] Batch 1600/2927 Loss: 0.0416
  Epoch [88/100] Batch 1800/2927 Loss: 0.0216
  Epoch [88/100] Batch 2000/2927 Loss: 0.0286
  Epoch [88/100] Batch 2200/2927 Loss: 0.0375
  Epoch [88/100] Batch 2400/2927 Loss: 0.0309
  Epoch [88/100] Batch 2600/2927 Loss: 0.0215
  Epoch [88/100] Batch 2800/2927 Loss: 0.0223
[EPOCH 88] Train: 0.0260 | Val: 0.0206 | LR: 0.000700 | Time: 25.3s
  Epoch [89/100] Batch 0/2927 Loss: 0.0354
  Epoch [89/100] Batch 200/2927 Loss: 0.0313
  Epoch [89/100] Batch 400/2927 Loss: 0.0287
  Epoch [89/100] Batch 600/2927 Loss: 0.0300
  Epoch [89/100] Batch 800/2927 Loss: 0.0288
  Epoch [89/100] Batch 1000/2927 Loss: 0.0280
  Epoch [89/100] Batch 1200/2927 Loss: 0.0197
  Epoch [89/100] Batch 1400/2927 Loss: 0.0241
  Epoch [89/100] Batch 1600/2927 Loss: 0.0218
  Epoch [89/100] Batch 1800/2927 Loss: 0.0162
  Epoch [89/100] Batch 2000/2927 Loss: 0.0260
  Epoch [89/100] Batch 2200/2927 Loss: 0.0203
  Epoch [89/100] Batch 2400/2927 Loss: 0.0187
  Epoch [89/100] Batch 2600/2927 Loss: 0.0239
  Epoch [89/100] Batch 2800/2927 Loss: 0.0350
[EPOCH 89] Train: 0.0261 | Val: 0.0198 | LR: 0.000700 | Time: 25.3s
[SAVE] Nuevo mejor modelo!
  Epoch [90/100] Batch 0/2927 Loss: 0.0251
  Epoch [90/100] Batch 200/2927 Loss: 0.0268
  Epoch [90/100] Batch 400/2927 Loss: 0.0205
  Epoch [90/100] Batch 600/2927 Loss: 0.0308
  Epoch [90/100] Batch 800/2927 Loss: 0.0282
  Epoch [90/100] Batch 1000/2927 Loss: 0.0328
  Epoch [90/100] Batch 1200/2927 Loss: 0.0252
  Epoch [90/100] Batch 1400/2927 Loss: 0.0302
  Epoch [90/100] Batch 1600/2927 Loss: 0.0325
  Epoch [90/100] Batch 1800/2927 Loss: 0.0240
  Epoch [90/100] Batch 2000/2927 Loss: 0.0210
  Epoch [90/100] Batch 2200/2927 Loss: 0.0202
  Epoch [90/100] Batch 2400/2927 Loss: 0.0263
  Epoch [90/100] Batch 2600/2927 Loss: 0.0235
  Epoch [90/100] Batch 2800/2927 Loss: 0.0244
[EPOCH 90] Train: 0.0259 | Val: 0.0202 | LR: 0.000700 | Time: 25.2s
  Epoch [91/100] Batch 0/2927 Loss: 0.0180
  Epoch [91/100] Batch 200/2927 Loss: 0.0227
  Epoch [91/100] Batch 400/2927 Loss: 0.0224
  Epoch [91/100] Batch 600/2927 Loss: 0.0195
  Epoch [91/100] Batch 800/2927 Loss: 0.0283
  Epoch [91/100] Batch 1000/2927 Loss: 0.0338
  Epoch [91/100] Batch 1200/2927 Loss: 0.0164
  Epoch [91/100] Batch 1400/2927 Loss: 0.0210
  Epoch [91/100] Batch 1600/2927 Loss: 0.0185
  Epoch [91/100] Batch 1800/2927 Loss: 0.0295
  Epoch [91/100] Batch 2000/2927 Loss: 0.0294
  Epoch [91/100] Batch 2200/2927 Loss: 0.0209
  Epoch [91/100] Batch 2400/2927 Loss: 0.0282
  Epoch [91/100] Batch 2600/2927 Loss: 0.0491
  Epoch [91/100] Batch 2800/2927 Loss: 0.0216
[EPOCH 91] Train: 0.0258 | Val: 0.0208 | LR: 0.000700 | Time: 25.2s
  Epoch [92/100] Batch 0/2927 Loss: 0.0322
  Epoch [92/100] Batch 200/2927 Loss: 0.0287
  Epoch [92/100] Batch 400/2927 Loss: 0.0295
  Epoch [92/100] Batch 600/2927 Loss: 0.0258
  Epoch [92/100] Batch 800/2927 Loss: 0.0157
  Epoch [92/100] Batch 1000/2927 Loss: 0.0306
  Epoch [92/100] Batch 1200/2927 Loss: 0.0323
  Epoch [92/100] Batch 1400/2927 Loss: 0.0172
  Epoch [92/100] Batch 1600/2927 Loss: 0.0218
  Epoch [92/100] Batch 1800/2927 Loss: 0.0163
  Epoch [92/100] Batch 2000/2927 Loss: 0.0173
  Epoch [92/100] Batch 2200/2927 Loss: 0.0303
  Epoch [92/100] Batch 2400/2927 Loss: 0.0210
  Epoch [92/100] Batch 2600/2927 Loss: 0.0329
  Epoch [92/100] Batch 2800/2927 Loss: 0.0224
[EPOCH 92] Train: 0.0257 | Val: 0.0201 | LR: 0.000700 | Time: 25.3s
  Epoch [93/100] Batch 0/2927 Loss: 0.0162
  Epoch [93/100] Batch 200/2927 Loss: 0.0239
  Epoch [93/100] Batch 400/2927 Loss: 0.0237
  Epoch [93/100] Batch 600/2927 Loss: 0.0167
  Epoch [93/100] Batch 800/2927 Loss: 0.0386
  Epoch [93/100] Batch 1000/2927 Loss: 0.0242
  Epoch [93/100] Batch 1200/2927 Loss: 0.0188
  Epoch [93/100] Batch 1400/2927 Loss: 0.0259
  Epoch [93/100] Batch 1600/2927 Loss: 0.0166
  Epoch [93/100] Batch 1800/2927 Loss: 0.0232
  Epoch [93/100] Batch 2000/2927 Loss: 0.0249
  Epoch [93/100] Batch 2200/2927 Loss: 0.0325
  Epoch [93/100] Batch 2400/2927 Loss: 0.0355
  Epoch [93/100] Batch 2600/2927 Loss: 0.0197
  Epoch [93/100] Batch 2800/2927 Loss: 0.0320
[EPOCH 93] Train: 0.0257 | Val: 0.0210 | LR: 0.000700 | Time: 25.3s
  Epoch [94/100] Batch 0/2927 Loss: 0.0255
  Epoch [94/100] Batch 200/2927 Loss: 0.0219
  Epoch [94/100] Batch 400/2927 Loss: 0.0257
  Epoch [94/100] Batch 600/2927 Loss: 0.0292
  Epoch [94/100] Batch 800/2927 Loss: 0.0232
  Epoch [94/100] Batch 1000/2927 Loss: 0.0262
  Epoch [94/100] Batch 1200/2927 Loss: 0.0270
  Epoch [94/100] Batch 1400/2927 Loss: 0.0259
  Epoch [94/100] Batch 1600/2927 Loss: 0.0260
  Epoch [94/100] Batch 1800/2927 Loss: 0.0225
  Epoch [94/100] Batch 2000/2927 Loss: 0.0183
  Epoch [94/100] Batch 2200/2927 Loss: 0.0228
  Epoch [94/100] Batch 2400/2927 Loss: 0.0122
  Epoch [94/100] Batch 2600/2927 Loss: 0.0367
  Epoch [94/100] Batch 2800/2927 Loss: 0.0222
[EPOCH 94] Train: 0.0258 | Val: 0.0200 | LR: 0.000700 | Time: 25.3s
  Epoch [95/100] Batch 0/2927 Loss: 0.0213
  Epoch [95/100] Batch 200/2927 Loss: 0.0196
  Epoch [95/100] Batch 400/2927 Loss: 0.0199
  Epoch [95/100] Batch 600/2927 Loss: 0.0315
  Epoch [95/100] Batch 800/2927 Loss: 0.0316
  Epoch [95/100] Batch 1000/2927 Loss: 0.0310
  Epoch [95/100] Batch 1200/2927 Loss: 0.0285
  Epoch [95/100] Batch 1400/2927 Loss: 0.0274
  Epoch [95/100] Batch 1600/2927 Loss: 0.0290
  Epoch [95/100] Batch 1800/2927 Loss: 0.0269
  Epoch [95/100] Batch 2000/2927 Loss: 0.0231
  Epoch [95/100] Batch 2200/2927 Loss: 0.0224
  Epoch [95/100] Batch 2400/2927 Loss: 0.0318
  Epoch [95/100] Batch 2600/2927 Loss: 0.0218
  Epoch [95/100] Batch 2800/2927 Loss: 0.0252
[EPOCH 95] Train: 0.0255 | Val: 0.0201 | LR: 0.000700 | Time: 25.3s
  Epoch [96/100] Batch 0/2927 Loss: 0.0233
  Epoch [96/100] Batch 200/2927 Loss: 0.0175
  Epoch [96/100] Batch 400/2927 Loss: 0.0305
  Epoch [96/100] Batch 600/2927 Loss: 0.0356
  Epoch [96/100] Batch 800/2927 Loss: 0.0277
  Epoch [96/100] Batch 1000/2927 Loss: 0.0327
  Epoch [96/100] Batch 1200/2927 Loss: 0.0224
  Epoch [96/100] Batch 1400/2927 Loss: 0.0329
  Epoch [96/100] Batch 1600/2927 Loss: 0.0268
  Epoch [96/100] Batch 1800/2927 Loss: 0.0233
  Epoch [96/100] Batch 2000/2927 Loss: 0.0230
  Epoch [96/100] Batch 2200/2927 Loss: 0.0197
  Epoch [96/100] Batch 2400/2927 Loss: 0.0375
  Epoch [96/100] Batch 2600/2927 Loss: 0.0225
  Epoch [96/100] Batch 2800/2927 Loss: 0.0330
[EPOCH 96] Train: 0.0255 | Val: 0.0206 | LR: 0.000700 | Time: 25.3s
  Epoch [97/100] Batch 0/2927 Loss: 0.0221
  Epoch [97/100] Batch 200/2927 Loss: 0.0218
  Epoch [97/100] Batch 400/2927 Loss: 0.0188
  Epoch [97/100] Batch 600/2927 Loss: 0.0386
  Epoch [97/100] Batch 800/2927 Loss: 0.0296
  Epoch [97/100] Batch 1000/2927 Loss: 0.0219
  Epoch [97/100] Batch 1200/2927 Loss: 0.0286
  Epoch [97/100] Batch 1400/2927 Loss: 0.0230
  Epoch [97/100] Batch 1600/2927 Loss: 0.0198
  Epoch [97/100] Batch 1800/2927 Loss: 0.0190
  Epoch [97/100] Batch 2000/2927 Loss: 0.0394
  Epoch [97/100] Batch 2200/2927 Loss: 0.0189
  Epoch [97/100] Batch 2400/2927 Loss: 0.0282
  Epoch [97/100] Batch 2600/2927 Loss: 0.0298
  Epoch [97/100] Batch 2800/2927 Loss: 0.0279
[EPOCH 97] Train: 0.0256 | Val: 0.0209 | LR: 0.000700 | Time: 25.3s
  Epoch [98/100] Batch 0/2927 Loss: 0.0311
  Epoch [98/100] Batch 200/2927 Loss: 0.0199
  Epoch [98/100] Batch 400/2927 Loss: 0.0354
  Epoch [98/100] Batch 600/2927 Loss: 0.0260
  Epoch [98/100] Batch 800/2927 Loss: 0.0206
  Epoch [98/100] Batch 1000/2927 Loss: 0.0214
  Epoch [98/100] Batch 1200/2927 Loss: 0.0183
  Epoch [98/100] Batch 1400/2927 Loss: 0.0292
  Epoch [98/100] Batch 1600/2927 Loss: 0.0170
  Epoch [98/100] Batch 1800/2927 Loss: 0.0245
  Epoch [98/100] Batch 2000/2927 Loss: 0.0208
  Epoch [98/100] Batch 2200/2927 Loss: 0.0237
  Epoch [98/100] Batch 2400/2927 Loss: 0.0219
  Epoch [98/100] Batch 2600/2927 Loss: 0.0265
  Epoch [98/100] Batch 2800/2927 Loss: 0.0215
[EPOCH 98] Train: 0.0254 | Val: 0.0204 | LR: 0.000490 | Time: 25.4s
  Epoch [99/100] Batch 0/2927 Loss: 0.0287
  Epoch [99/100] Batch 200/2927 Loss: 0.0243
  Epoch [99/100] Batch 400/2927 Loss: 0.0253
  Epoch [99/100] Batch 600/2927 Loss: 0.0213
  Epoch [99/100] Batch 800/2927 Loss: 0.0207
  Epoch [99/100] Batch 1000/2927 Loss: 0.0170
  Epoch [99/100] Batch 1200/2927 Loss: 0.0280
  Epoch [99/100] Batch 1400/2927 Loss: 0.0251
  Epoch [99/100] Batch 1600/2927 Loss: 0.0251
  Epoch [99/100] Batch 1800/2927 Loss: 0.0197
  Epoch [99/100] Batch 2000/2927 Loss: 0.0252
  Epoch [99/100] Batch 2200/2927 Loss: 0.0234
  Epoch [99/100] Batch 2400/2927 Loss: 0.0302
  Epoch [99/100] Batch 2600/2927 Loss: 0.0302
  Epoch [99/100] Batch 2800/2927 Loss: 0.0238
[EPOCH 99] Train: 0.0238 | Val: 0.0195 | LR: 0.000490 | Time: 25.4s
[SAVE] Nuevo mejor modelo!
  Epoch [100/100] Batch 0/2927 Loss: 0.0225
  Epoch [100/100] Batch 200/2927 Loss: 0.0244
  Epoch [100/100] Batch 400/2927 Loss: 0.0245
  Epoch [100/100] Batch 600/2927 Loss: 0.0273
  Epoch [100/100] Batch 800/2927 Loss: 0.0208
  Epoch [100/100] Batch 1000/2927 Loss: 0.0184
  Epoch [100/100] Batch 1200/2927 Loss: 0.0316
  Epoch [100/100] Batch 1400/2927 Loss: 0.0265
  Epoch [100/100] Batch 1600/2927 Loss: 0.0186
  Epoch [100/100] Batch 1800/2927 Loss: 0.0259
  Epoch [100/100] Batch 2000/2927 Loss: 0.0252
  Epoch [100/100] Batch 2200/2927 Loss: 0.0241
  Epoch [100/100] Batch 2400/2927 Loss: 0.0312
  Epoch [100/100] Batch 2600/2927 Loss: 0.0145
  Epoch [100/100] Batch 2800/2927 Loss: 0.0230
[EPOCH 100] Train: 0.0238 | Val: 0.0196 | LR: 0.000490 | Time: 25.4s

[DONE] 40.6 min. Mejor Val: 0.0195
=== FASE 2/2: EVAL ===
============================================================
  EVALUACION EXP J (carbonos totales) - SPLIT CONGELADO
============================================================
-> Experimento (checkpoint): nmr_202k_j_carbonos_ctrl  | arch: settransformer
-> Modos: ['off', 'on', 'v2']   | idx_ch2: [1, 5, 9, 12]
-> num_workers=0 (rule 1)  batch_size=256
-> Dispositivo: CUDA
[INFO] Extrayendo formulas moleculares (C,H,N,O,S,Hal)...
[INFO] Formulas cargadas. peak_features=4

-> Set de validacion (congelado): 14428 moleculas

============================================================
  MODO CRUDO (--oraculo off)  ->  EXACT MATCH ACCURACY: 1.07%
============================================================

GRUPO      |    MAE  Estado
----------------------------------------
CH3        | 0.3468  [MEJORABLE]
CH2        | 0.3666  [MEJORABLE]
CH         | 0.0812  [MEJORABLE]
Cq         | 0.0512  [ACEPTABLE]
CH3-O      | 0.1006  [MEJORABLE]
CH2-O      | 0.1087  [MEJORABLE]
CH-O       | 0.0847  [MEJORABLE]
Cq-O       | 0.0435  [ACEPTABLE]
CH3-N      | 0.0496  [ACEPTABLE]
CH2-N      | 0.1239  [MEJORABLE]
CH-N       | 0.0548  [ACEPTABLE]
Cq-N       | 0.0227  [EXCELENTE]
=CH2       | 0.0536  [ACEPTABLE]
=CH/Ar     | 0.3140  [MEJORABLE]
Cqsp2      | 0.5751  [MEJORABLE]
Aldeh      | 0.0214  [EXCELENTE]
Imina      | 0.0150  [EXCELENTE]
C-2X       | 0.0493  [ACEPTABLE]
C-3X       | 0.0026  [PERFECTO]

  ERRORES POR ENTORNO
  ----------------------------------------

  Alifaticos (sp3)
    Moleculas con error: 8894 / 14428  (61.6%)
    EMA del entorno:     38.36%   |   MAE promedio: 0.2114
      CH3       : MAE=0.3468 | Mol. con error: 5000 (34.7%)
      CH2       : MAE=0.3666 | Mol. con error: 5269 (36.5%)
      CH        : MAE=0.0812 | Mol. con error: 1157 (8.0%)
      Cq        : MAE=0.0512 | Mol. con error: 733 (5.1%)

  Heteroatomicos O/N (sp3)
    Moleculas con error: 6697 / 14428  (46.4%)
    EMA del entorno:     53.58%   |   MAE promedio: 0.0735
      CH3-O     : MAE=0.1006 | Mol. con error: 1449 (10.0%)
      CH2-O     : MAE=0.1087 | Mol. con error: 1560 (10.8%)
      CH-O      : MAE=0.0847 | Mol. con error: 1203 (8.3%)
      Cq-O      : MAE=0.0435 | Mol. con error: 624 (4.3%)
      CH3-N     : MAE=0.0496 | Mol. con error: 709 (4.9%)
      CH2-N     : MAE=0.1239 | Mol. con error: 1758 (12.2%)
      CH-N      : MAE=0.0548 | Mol. con error: 774 (5.4%)
      Cq-N      : MAE=0.0227 | Mol. con error: 320 (2.2%)

  Carbonos sp2 (Olef/Arom/C=O)
    Moleculas con error: 11225 / 14428  (77.8%)
    EMA del entorno:     22.20%   |   MAE promedio: 0.1958
      =CH2      : MAE=0.0536 | Mol. con error: 770 (5.3%)
      =CH/Ar    : MAE=0.3140 | Mol. con error: 4485 (31.1%)
      Cqsp2     : MAE=0.5751 | Mol. con error: 8262 (57.3%)
      Aldeh     : MAE=0.0214 | Mol. con error: 307 (2.1%)
      Imina     : MAE=0.0150 | Mol. con error: 216 (1.5%)

  Sistemas X-Multiples (C-2X/3X)
    Moleculas con error: 724 / 14428  (5.0%)
    EMA del entorno:     94.98%   |   MAE promedio: 0.0260
      C-2X      : MAE=0.0493 | Mol. con error: 694 (4.8%)
      C-3X      : MAE=0.0026 | Mol. con error: 37 (0.3%)

============================================================
  MODO ASISTIDO v1 (--oraculo on)  ->  EXACT MATCH ACCURACY: 85.02%
============================================================

GRUPO      |    MAE  Estado
----------------------------------------
CH3        | 0.0200  [EXCELENTE]
CH2        | 0.0294  [BUENO]
CH         | 0.0213  [EXCELENTE]
Cq         | 0.0131  [EXCELENTE]
CH3-O      | 0.0048  [PERFECTO]
CH2-O      | 0.0137  [EXCELENTE]
CH-O       | 0.0168  [EXCELENTE]
Cq-O       | 0.0131  [EXCELENTE]
CH3-N      | 0.0078  [PERFECTO]
CH2-N      | 0.0307  [BUENO]
CH-N       | 0.0152  [EXCELENTE]
Cq-N       | 0.0110  [EXCELENTE]
=CH2       | 0.0028  [PERFECTO]
=CH/Ar     | 0.0623  [MEJORABLE]
Cqsp2      | 0.0451  [ACEPTABLE]
Aldeh      | 0.0030  [PERFECTO]
Imina      | 0.0107  [EXCELENTE]
C-2X       | 0.0231  [EXCELENTE]
C-3X       | 0.0026  [PERFECTO]

  ERRORES POR ENTORNO
  ----------------------------------------

  Alifaticos (sp3)
    Moleculas con error: 1080 / 14428  (7.5%)
    EMA del entorno:     92.51%   |   MAE promedio: 0.0210
      CH3       : MAE=0.0200 | Mol. con error: 287 (2.0%)
      CH2       : MAE=0.0294 | Mol. con error: 412 (2.9%)
      CH        : MAE=0.0213 | Mol. con error: 292 (2.0%)
      Cq        : MAE=0.0131 | Mol. con error: 186 (1.3%)

  Heteroatomicos O/N (sp3)
    Moleculas con error: 1269 / 14428  (8.8%)
    EMA del entorno:     91.20%   |   MAE promedio: 0.0141
      CH3-O     : MAE=0.0048 | Mol. con error: 69 (0.5%)
      CH2-O     : MAE=0.0137 | Mol. con error: 193 (1.3%)
      CH-O      : MAE=0.0168 | Mol. con error: 234 (1.6%)
      Cq-O      : MAE=0.0131 | Mol. con error: 188 (1.3%)
      CH3-N     : MAE=0.0078 | Mol. con error: 110 (0.8%)
      CH2-N     : MAE=0.0307 | Mol. con error: 427 (3.0%)
      CH-N      : MAE=0.0152 | Mol. con error: 213 (1.5%)
      Cq-N      : MAE=0.0110 | Mol. con error: 157 (1.1%)

  Carbonos sp2 (Olef/Arom/C=O)
    Moleculas con error: 1215 / 14428  (8.4%)
    EMA del entorno:     91.58%   |   MAE promedio: 0.0248
      =CH2      : MAE=0.0028 | Mol. con error: 40 (0.3%)
      =CH/Ar    : MAE=0.0623 | Mol. con error: 879 (6.1%)
      Cqsp2     : MAE=0.0451 | Mol. con error: 641 (4.4%)
      Aldeh     : MAE=0.0030 | Mol. con error: 42 (0.3%)
      Imina     : MAE=0.0107 | Mol. con error: 153 (1.1%)

  Sistemas X-Multiples (C-2X/3X)
    Moleculas con error: 343 / 14428  (2.4%)
    EMA del entorno:     97.62%   |   MAE promedio: 0.0129
      C-2X      : MAE=0.0231 | Mol. con error: 325 (2.3%)
      C-3X      : MAE=0.0026 | Mol. con error: 37 (0.3%)

============================================================
  MODO ASISTIDO v2 hetero (--oraculo v2)  ->  EXACT MATCH ACCURACY: 85.04%
============================================================

GRUPO      |    MAE  Estado
----------------------------------------
CH3        | 0.0200  [EXCELENTE]
CH2        | 0.0292  [BUENO]
CH         | 0.0214  [EXCELENTE]
Cq         | 0.0131  [EXCELENTE]
CH3-O      | 0.0048  [PERFECTO]
CH2-O      | 0.0136  [EXCELENTE]
CH-O       | 0.0166  [EXCELENTE]
Cq-O       | 0.0130  [EXCELENTE]
CH3-N      | 0.0078  [PERFECTO]
CH2-N      | 0.0306  [BUENO]
CH-N       | 0.0152  [EXCELENTE]
Cq-N       | 0.0110  [EXCELENTE]
=CH2       | 0.0028  [PERFECTO]
=CH/Ar     | 0.0622  [MEJORABLE]
Cqsp2      | 0.0451  [ACEPTABLE]
Aldeh      | 0.0029  [PERFECTO]
Imina      | 0.0107  [EXCELENTE]
C-2X       | 0.0231  [EXCELENTE]
C-3X       | 0.0026  [PERFECTO]

  ERRORES POR ENTORNO
  ----------------------------------------

  Alifaticos (sp3)
    Moleculas con error: 1078 / 14428  (7.5%)
    EMA del entorno:     92.53%   |   MAE promedio: 0.0209
      CH3       : MAE=0.0200 | Mol. con error: 287 (2.0%)
      CH2       : MAE=0.0292 | Mol. con error: 410 (2.8%)
      CH        : MAE=0.0214 | Mol. con error: 293 (2.0%)
      Cq        : MAE=0.0131 | Mol. con error: 186 (1.3%)

  Heteroatomicos O/N (sp3)
    Moleculas con error: 1263 / 14428  (8.8%)
    EMA del entorno:     91.25%   |   MAE promedio: 0.0141
      CH3-O     : MAE=0.0048 | Mol. con error: 69 (0.5%)
      CH2-O     : MAE=0.0136 | Mol. con error: 192 (1.3%)
      CH-O      : MAE=0.0166 | Mol. con error: 232 (1.6%)
      Cq-O      : MAE=0.0130 | Mol. con error: 187 (1.3%)
      CH3-N     : MAE=0.0078 | Mol. con error: 110 (0.8%)
      CH2-N     : MAE=0.0306 | Mol. con error: 425 (2.9%)
      CH-N      : MAE=0.0152 | Mol. con error: 213 (1.5%)
      Cq-N      : MAE=0.0110 | Mol. con error: 157 (1.1%)

  Carbonos sp2 (Olef/Arom/C=O)
    Moleculas con error: 1215 / 14428  (8.4%)
    EMA del entorno:     91.58%   |   MAE promedio: 0.0248
      =CH2      : MAE=0.0028 | Mol. con error: 41 (0.3%)
      =CH/Ar    : MAE=0.0622 | Mol. con error: 878 (6.1%)
      Cqsp2     : MAE=0.0451 | Mol. con error: 642 (4.4%)
      Aldeh     : MAE=0.0029 | Mol. con error: 41 (0.3%)
      Imina     : MAE=0.0107 | Mol. con error: 153 (1.1%)

  Sistemas X-Multiples (C-2X/3X)
    Moleculas con error: 342 / 14428  (2.4%)
    EMA del entorno:     97.63%   |   MAE promedio: 0.0128
      C-2X      : MAE=0.0231 | Mol. con error: 324 (2.2%)
      C-3X      : MAE=0.0026 | Mol. con error: 37 (0.3%)

============================================================
  MAPA DE CONFUSIONES CRUZADAS (solo modo asistido)
============================================================
  CH3        (falla en 2.0% mol) -> confunde con:
      =CH/Ar    :    63 senales  (47.4%)
      CH3-N     :    15 senales  (11.3%)
      Cqsp2     :    14 senales  (10.5%)
  CH2        (falla en 2.8% mol) -> confunde con:
      CH2-N     :   132 senales  (62.6%)
      CH2-O     :    29 senales  (13.7%)
      =CH/Ar    :    12 senales  (5.7%)
  CH         (falla en 2.0% mol) -> confunde con:
      CH-N      :    63 senales  (34.4%)
      =CH/Ar    :    38 senales  (20.8%)
      CH-O      :    23 senales  (12.6%)
  Cq         (falla en 1.3% mol) -> confunde con:
      =CH/Ar    :    19 senales  (24.7%)
      Cq-N      :    18 senales  (23.4%)
      Cqsp2     :    14 senales  (18.2%)
  CH3-O      (falla en 0.5% mol) -> confunde con:
      CH3       :    28 senales  (37.3%)
      =CH/Ar    :    23 senales  (30.7%)
      CH-O      :     5 senales  (6.7%)
  CH2-O      (falla en 1.3% mol) -> confunde con:
      CH2-N     :    64 senales  (44.1%)
      CH2       :    48 senales  (33.1%)
      =CH/Ar    :     7 senales  (4.8%)
  CH-O       (falla en 1.6% mol) -> confunde con:
      CH        :    45 senales  (36.3%)
      =CH/Ar    :    31 senales  (25.0%)
      CH-N      :    12 senales  (9.7%)
  Cq-O       (falla en 1.3% mol) -> confunde con:
      Cq        :    33 senales  (27.3%)
      Cqsp2     :    26 senales  (21.5%)
      Cq-N      :    15 senales  (12.4%)
  CH3-N      (falla en 0.8% mol) -> confunde con:
      CH3       :    56 senales  (57.7%)
      =CH/Ar    :    14 senales  (14.4%)
      Cqsp2     :    12 senales  (12.4%)
  CH2-N      (falla en 2.9% mol) -> confunde con:
      CH2       :   193 senales  (65.4%)
      CH2-O     :    43 senales  (14.6%)
      CH-N      :    13 senales  (4.4%)
  CH-N       (falla en 1.5% mol) -> confunde con:
      CH        :    65 senales  (43.0%)
      CH-O      :    41 senales  (27.2%)
      =CH/Ar    :    12 senales  (7.9%)
  Cq-N       (falla en 1.1% mol) -> confunde con:
      Cq        :    62 senales  (44.3%)
      Cq-O      :    17 senales  (12.1%)
      Cqsp2     :    15 senales  (10.7%)
  =CH2       (falla en 0.3% mol) -> confunde con:
      CH2       :    15 senales  (38.5%)
      CH2-O     :     9 senales  (23.1%)
      CH2-N     :     7 senales  (17.9%)
  =CH/Ar     (falla en 6.1% mol) -> confunde con:
      Cqsp2     :   138 senales  (44.5%)
      CH3       :    64 senales  (20.6%)
      CH        :    27 senales  (8.7%)
  Cqsp2      (falla en 4.4% mol) -> confunde con:
      =CH/Ar    :   205 senales  (51.0%)
      C-2X      :    37 senales  (9.2%)
      Cq-O      :    27 senales  (6.7%)
  Aldeh      (falla en 0.3% mol) -> confunde con:
      =CH/Ar    :    17 senales  (45.9%)
      Imina     :    11 senales  (29.7%)
      CH-O      :     2 senales  (5.4%)
  Imina      (falla en 1.1% mol) -> confunde con:
      =CH/Ar    :   126 senales  (86.3%)
      Cqsp2     :     8 senales  (5.5%)
      CH        :     3 senales  (2.1%)
  C-2X       (falla en 2.2% mol) -> confunde con:
      =CH/Ar    :    85 senales  (28.1%)
      Cqsp2     :    62 senales  (20.5%)
      CH-O      :    47 senales  (15.5%)
  C-3X       (falla en 0.3% mol) -> confunde con:
      C-2X      :    17 senales  (34.0%)
      Cqsp2     :    13 senales  (26.0%)
      =CH/Ar    :    11 senales  (22.0%)

====================================================================
  TABLA COMPARATIVA: CRUDA vs ASISTIDA v1 (doble) vs ASISTIDA v2 (hetero)
====================================================================

                                  CRUDA  ASIST v1  ASIST v2    v2-v1
  ------------------------------------------------------------------
  EMA GLOBAL                      1.07%    85.02%    85.04%   +0.03
  Alifaticos (sp3)               38.36%    92.51%    92.53%   +0.01
  Heteroatomicos O/N (sp3)       53.58%    91.20%    91.25%   +0.04
  Carbonos sp2 (Olef/Arom/C=O)   22.20%    91.58%    91.58%   +0.00
  Sistemas X-Multiples (C-2X/3X)   94.98%    97.62%    97.63%   +0.01

  v2-v1 = ganancia del zeroing por heteroatomos ausentes (N==0/O==0/N+O<2/3).
  Si v2-v1 ~ 0, la confusion vive en moleculas CON el heteroatomo (fuera de
  alcance del oraculo por conteos: ver el spec, seccion 6).
