=== EXP J | CONFIG: config_j_a.yaml ===
=== FASE 1/2: TRAIN ===
--- ENTRENAMIENTO EXP J (carbonos totales): nmr_202k_j_carbonos_deg ---
[INFO] Seed: 42
[INFO] Dispositivo: cuda
[INFO] Extrayendo formulas moleculares (C,H,N,O,S,Hal)...
[INFO] Formulas cargadas. peak_features=5
[INFO] Split congelado: SMILES invalidos=0 | train=187314 (leak removido=723, train_fraction=1.0) | val=14428
[INFO] Parametros totales del modelo (settransformer): 70,227 (chico por diseno; V10 ~8,603,299)
[INFO] Scheduler: patience=8, factor=0.7

[START] 100 epochs...
  Epoch [1/100] Batch 0/2927 Loss: 97.4525
  Epoch [1/100] Batch 200/2927 Loss: 0.7972
  Epoch [1/100] Batch 400/2927 Loss: 0.4738
  Epoch [1/100] Batch 600/2927 Loss: 0.5178
  Epoch [1/100] Batch 800/2927 Loss: 0.5350
  Epoch [1/100] Batch 1000/2927 Loss: 0.4780
  Epoch [1/100] Batch 1200/2927 Loss: 0.3215
  Epoch [1/100] Batch 1400/2927 Loss: 0.2760
  Epoch [1/100] Batch 1600/2927 Loss: 0.2905
  Epoch [1/100] Batch 1800/2927 Loss: 0.3208
  Epoch [1/100] Batch 2000/2927 Loss: 0.2172
  Epoch [1/100] Batch 2200/2927 Loss: 0.1831
  Epoch [1/100] Batch 2400/2927 Loss: 0.2576
  Epoch [1/100] Batch 2600/2927 Loss: 0.1965
  Epoch [1/100] Batch 2800/2927 Loss: 0.2038
[EPOCH 1] Train: 0.5341 | Val: 0.1743 | LR: 0.001000 | Time: 28.7s
[SAVE] Nuevo mejor modelo!
  Epoch [2/100] Batch 0/2927 Loss: 0.1955
  Epoch [2/100] Batch 200/2927 Loss: 0.2041
  Epoch [2/100] Batch 400/2927 Loss: 0.1887
  Epoch [2/100] Batch 600/2927 Loss: 0.1295
  Epoch [2/100] Batch 800/2927 Loss: 0.1608
  Epoch [2/100] Batch 1000/2927 Loss: 0.1373
  Epoch [2/100] Batch 1200/2927 Loss: 0.1242
  Epoch [2/100] Batch 1400/2927 Loss: 0.1399
  Epoch [2/100] Batch 1600/2927 Loss: 0.1379
  Epoch [2/100] Batch 1800/2927 Loss: 0.1129
  Epoch [2/100] Batch 2000/2927 Loss: 0.1266
  Epoch [2/100] Batch 2200/2927 Loss: 0.1217
  Epoch [2/100] Batch 2400/2927 Loss: 0.0987
  Epoch [2/100] Batch 2600/2927 Loss: 0.0907
  Epoch [2/100] Batch 2800/2927 Loss: 0.1088
[EPOCH 2] Train: 0.1435 | Val: 0.0812 | LR: 0.001000 | Time: 23.3s
[SAVE] Nuevo mejor modelo!
  Epoch [3/100] Batch 0/2927 Loss: 0.0919
  Epoch [3/100] Batch 200/2927 Loss: 0.0904
  Epoch [3/100] Batch 400/2927 Loss: 0.0876
  Epoch [3/100] Batch 600/2927 Loss: 0.0759
  Epoch [3/100] Batch 800/2927 Loss: 0.0694
  Epoch [3/100] Batch 1000/2927 Loss: 0.0614
  Epoch [3/100] Batch 1200/2927 Loss: 0.1152
  Epoch [3/100] Batch 1400/2927 Loss: 0.0704
  Epoch [3/100] Batch 1600/2927 Loss: 0.0784
  Epoch [3/100] Batch 1800/2927 Loss: 0.0946
  Epoch [3/100] Batch 2000/2927 Loss: 0.0655
  Epoch [3/100] Batch 2200/2927 Loss: 0.0691
  Epoch [3/100] Batch 2400/2927 Loss: 0.0732
  Epoch [3/100] Batch 2600/2927 Loss: 0.0586
  Epoch [3/100] Batch 2800/2927 Loss: 0.0755
[EPOCH 3] Train: 0.0756 | Val: 0.0498 | LR: 0.001000 | Time: 23.4s
[SAVE] Nuevo mejor modelo!
  Epoch [4/100] Batch 0/2927 Loss: 0.0487
  Epoch [4/100] Batch 200/2927 Loss: 0.0438
  Epoch [4/100] Batch 400/2927 Loss: 0.0556
  Epoch [4/100] Batch 600/2927 Loss: 0.0554
  Epoch [4/100] Batch 800/2927 Loss: 0.0549
  Epoch [4/100] Batch 1000/2927 Loss: 0.0430
  Epoch [4/100] Batch 1200/2927 Loss: 0.0611
  Epoch [4/100] Batch 1400/2927 Loss: 0.0590
  Epoch [4/100] Batch 1600/2927 Loss: 0.0675
  Epoch [4/100] Batch 1800/2927 Loss: 0.0594
  Epoch [4/100] Batch 2000/2927 Loss: 0.0357
  Epoch [4/100] Batch 2200/2927 Loss: 0.0550
  Epoch [4/100] Batch 2400/2927 Loss: 0.0918
  Epoch [4/100] Batch 2600/2927 Loss: 0.0521
  Epoch [4/100] Batch 2800/2927 Loss: 0.0682
[EPOCH 4] Train: 0.0601 | Val: 0.0455 | LR: 0.001000 | Time: 23.4s
[SAVE] Nuevo mejor modelo!
  Epoch [5/100] Batch 0/2927 Loss: 0.0466
  Epoch [5/100] Batch 200/2927 Loss: 0.0499
  Epoch [5/100] Batch 400/2927 Loss: 0.0396
  Epoch [5/100] Batch 600/2927 Loss: 0.0424
  Epoch [5/100] Batch 800/2927 Loss: 0.0515
  Epoch [5/100] Batch 1000/2927 Loss: 0.0457
  Epoch [5/100] Batch 1200/2927 Loss: 0.0441
  Epoch [5/100] Batch 1400/2927 Loss: 0.0390
  Epoch [5/100] Batch 1600/2927 Loss: 0.0422
  Epoch [5/100] Batch 1800/2927 Loss: 0.0553
  Epoch [5/100] Batch 2000/2927 Loss: 0.0373
  Epoch [5/100] Batch 2200/2927 Loss: 0.1054
  Epoch [5/100] Batch 2400/2927 Loss: 0.0655
  Epoch [5/100] Batch 2600/2927 Loss: 0.0602
  Epoch [5/100] Batch 2800/2927 Loss: 0.0402
[EPOCH 5] Train: 0.0521 | Val: 0.0411 | LR: 0.001000 | Time: 23.4s
[SAVE] Nuevo mejor modelo!
  Epoch [6/100] Batch 0/2927 Loss: 0.0399
  Epoch [6/100] Batch 200/2927 Loss: 0.0606
  Epoch [6/100] Batch 400/2927 Loss: 0.0414
  Epoch [6/100] Batch 600/2927 Loss: 0.0555
  Epoch [6/100] Batch 800/2927 Loss: 0.0383
  Epoch [6/100] Batch 1000/2927 Loss: 0.0312
  Epoch [6/100] Batch 1200/2927 Loss: 0.0393
  Epoch [6/100] Batch 1400/2927 Loss: 0.0410
  Epoch [6/100] Batch 1600/2927 Loss: 0.0471
  Epoch [6/100] Batch 1800/2927 Loss: 0.0532
  Epoch [6/100] Batch 2000/2927 Loss: 0.0325
  Epoch [6/100] Batch 2200/2927 Loss: 0.0552
  Epoch [6/100] Batch 2400/2927 Loss: 0.0402
  Epoch [6/100] Batch 2600/2927 Loss: 0.0378
  Epoch [6/100] Batch 2800/2927 Loss: 0.0449
[EPOCH 6] Train: 0.0471 | Val: 0.0381 | LR: 0.001000 | Time: 23.5s
[SAVE] Nuevo mejor modelo!
  Epoch [7/100] Batch 0/2927 Loss: 0.0327
  Epoch [7/100] Batch 200/2927 Loss: 0.0486
  Epoch [7/100] Batch 400/2927 Loss: 0.0429
  Epoch [7/100] Batch 600/2927 Loss: 0.0328
  Epoch [7/100] Batch 800/2927 Loss: 0.0530
  Epoch [7/100] Batch 1000/2927 Loss: 0.0417
  Epoch [7/100] Batch 1200/2927 Loss: 0.0404
  Epoch [7/100] Batch 1400/2927 Loss: 0.0368
  Epoch [7/100] Batch 1600/2927 Loss: 0.0514
  Epoch [7/100] Batch 1800/2927 Loss: 0.0358
  Epoch [7/100] Batch 2000/2927 Loss: 0.0490
  Epoch [7/100] Batch 2200/2927 Loss: 0.0339
  Epoch [7/100] Batch 2400/2927 Loss: 0.0340
  Epoch [7/100] Batch 2600/2927 Loss: 0.0489
  Epoch [7/100] Batch 2800/2927 Loss: 0.0436
[EPOCH 7] Train: 0.0430 | Val: 0.0358 | LR: 0.001000 | Time: 23.5s
[SAVE] Nuevo mejor modelo!
  Epoch [8/100] Batch 0/2927 Loss: 0.0495
  Epoch [8/100] Batch 200/2927 Loss: 0.0477
  Epoch [8/100] Batch 400/2927 Loss: 0.0388
  Epoch [8/100] Batch 600/2927 Loss: 0.0405
  Epoch [8/100] Batch 800/2927 Loss: 0.0423
  Epoch [8/100] Batch 1000/2927 Loss: 0.0340
  Epoch [8/100] Batch 1200/2927 Loss: 0.0426
  Epoch [8/100] Batch 1400/2927 Loss: 0.0368
  Epoch [8/100] Batch 1600/2927 Loss: 0.0279
  Epoch [8/100] Batch 1800/2927 Loss: 0.0353
  Epoch [8/100] Batch 2000/2927 Loss: 0.0475
  Epoch [8/100] Batch 2200/2927 Loss: 0.0512
  Epoch [8/100] Batch 2400/2927 Loss: 0.0241
  Epoch [8/100] Batch 2600/2927 Loss: 0.0490
  Epoch [8/100] Batch 2800/2927 Loss: 0.0343
[EPOCH 8] Train: 0.0412 | Val: 0.0325 | LR: 0.001000 | Time: 23.5s
[SAVE] Nuevo mejor modelo!
  Epoch [9/100] Batch 0/2927 Loss: 0.0395
  Epoch [9/100] Batch 200/2927 Loss: 0.0378
  Epoch [9/100] Batch 400/2927 Loss: 0.0317
  Epoch [9/100] Batch 600/2927 Loss: 0.0326
  Epoch [9/100] Batch 800/2927 Loss: 0.0331
  Epoch [9/100] Batch 1000/2927 Loss: 0.0406
  Epoch [9/100] Batch 1200/2927 Loss: 0.0328
  Epoch [9/100] Batch 1400/2927 Loss: 0.0428
  Epoch [9/100] Batch 1600/2927 Loss: 0.0403
  Epoch [9/100] Batch 1800/2927 Loss: 0.0292
  Epoch [9/100] Batch 2000/2927 Loss: 0.0592
  Epoch [9/100] Batch 2200/2927 Loss: 0.0424
  Epoch [9/100] Batch 2400/2927 Loss: 0.0276
  Epoch [9/100] Batch 2600/2927 Loss: 0.0382
  Epoch [9/100] Batch 2800/2927 Loss: 0.0383
[EPOCH 9] Train: 0.0385 | Val: 0.0312 | LR: 0.001000 | Time: 23.6s
[SAVE] Nuevo mejor modelo!
  Epoch [10/100] Batch 0/2927 Loss: 0.0368
  Epoch [10/100] Batch 200/2927 Loss: 0.0352
  Epoch [10/100] Batch 400/2927 Loss: 0.0336
  Epoch [10/100] Batch 600/2927 Loss: 0.0311
  Epoch [10/100] Batch 800/2927 Loss: 0.0359
  Epoch [10/100] Batch 1000/2927 Loss: 0.0484
  Epoch [10/100] Batch 1200/2927 Loss: 0.0325
  Epoch [10/100] Batch 1400/2927 Loss: 0.0373
  Epoch [10/100] Batch 1600/2927 Loss: 0.0324
  Epoch [10/100] Batch 1800/2927 Loss: 0.0474
  Epoch [10/100] Batch 2000/2927 Loss: 0.0323
  Epoch [10/100] Batch 2200/2927 Loss: 0.0296
  Epoch [10/100] Batch 2400/2927 Loss: 0.0317
  Epoch [10/100] Batch 2600/2927 Loss: 0.0487
  Epoch [10/100] Batch 2800/2927 Loss: 0.0345
[EPOCH 10] Train: 0.0374 | Val: 0.0279 | LR: 0.001000 | Time: 23.6s
[SAVE] Nuevo mejor modelo!
  Epoch [11/100] Batch 0/2927 Loss: 0.0280
  Epoch [11/100] Batch 200/2927 Loss: 0.0362
  Epoch [11/100] Batch 400/2927 Loss: 0.0402
  Epoch [11/100] Batch 600/2927 Loss: 0.0410
  Epoch [11/100] Batch 800/2927 Loss: 0.0333
  Epoch [11/100] Batch 1000/2927 Loss: 0.0227
  Epoch [11/100] Batch 1200/2927 Loss: 0.0204
  Epoch [11/100] Batch 1400/2927 Loss: 0.0438
  Epoch [11/100] Batch 1600/2927 Loss: 0.0247
  Epoch [11/100] Batch 1800/2927 Loss: 0.0310
  Epoch [11/100] Batch 2000/2927 Loss: 0.0269
  Epoch [11/100] Batch 2200/2927 Loss: 0.0298
  Epoch [11/100] Batch 2400/2927 Loss: 0.0238
  Epoch [11/100] Batch 2600/2927 Loss: 0.0289
  Epoch [11/100] Batch 2800/2927 Loss: 0.0419
[EPOCH 11] Train: 0.0351 | Val: 0.0265 | LR: 0.001000 | Time: 23.6s
[SAVE] Nuevo mejor modelo!
  Epoch [12/100] Batch 0/2927 Loss: 0.0209
  Epoch [12/100] Batch 200/2927 Loss: 0.0430
  Epoch [12/100] Batch 400/2927 Loss: 0.0423
  Epoch [12/100] Batch 600/2927 Loss: 0.0318
  Epoch [12/100] Batch 800/2927 Loss: 0.0411
  Epoch [12/100] Batch 1000/2927 Loss: 0.0365
  Epoch [12/100] Batch 1200/2927 Loss: 0.0321
  Epoch [12/100] Batch 1400/2927 Loss: 0.0309
  Epoch [12/100] Batch 1600/2927 Loss: 0.0357
  Epoch [12/100] Batch 1800/2927 Loss: 0.0281
  Epoch [12/100] Batch 2000/2927 Loss: 0.0410
  Epoch [12/100] Batch 2200/2927 Loss: 0.0199
  Epoch [12/100] Batch 2400/2927 Loss: 0.0409
  Epoch [12/100] Batch 2600/2927 Loss: 0.0296
  Epoch [12/100] Batch 2800/2927 Loss: 0.0391
[EPOCH 12] Train: 0.0341 | Val: 0.0322 | LR: 0.001000 | Time: 23.6s
  Epoch [13/100] Batch 0/2927 Loss: 0.0288
  Epoch [13/100] Batch 200/2927 Loss: 0.0354
  Epoch [13/100] Batch 400/2927 Loss: 0.0185
  Epoch [13/100] Batch 600/2927 Loss: 0.0326
  Epoch [13/100] Batch 800/2927 Loss: 0.0338
  Epoch [13/100] Batch 1000/2927 Loss: 0.0456
  Epoch [13/100] Batch 1200/2927 Loss: 0.0284
  Epoch [13/100] Batch 1400/2927 Loss: 0.0305
  Epoch [13/100] Batch 1600/2927 Loss: 0.0221
  Epoch [13/100] Batch 1800/2927 Loss: 0.0225
  Epoch [13/100] Batch 2000/2927 Loss: 0.0286
  Epoch [13/100] Batch 2200/2927 Loss: 0.0250
  Epoch [13/100] Batch 2400/2927 Loss: 0.0293
  Epoch [13/100] Batch 2600/2927 Loss: 0.0373
  Epoch [13/100] Batch 2800/2927 Loss: 0.0306
[EPOCH 13] Train: 0.0331 | Val: 0.0260 | LR: 0.001000 | Time: 23.6s
[SAVE] Nuevo mejor modelo!
  Epoch [14/100] Batch 0/2927 Loss: 0.0175
  Epoch [14/100] Batch 200/2927 Loss: 0.0269
  Epoch [14/100] Batch 400/2927 Loss: 0.0226
  Epoch [14/100] Batch 600/2927 Loss: 0.0231
  Epoch [14/100] Batch 800/2927 Loss: 0.0207
  Epoch [14/100] Batch 1000/2927 Loss: 0.0409
  Epoch [14/100] Batch 1200/2927 Loss: 0.0294
  Epoch [14/100] Batch 1400/2927 Loss: 0.0271
  Epoch [14/100] Batch 1600/2927 Loss: 0.0367
  Epoch [14/100] Batch 1800/2927 Loss: 0.0362
  Epoch [14/100] Batch 2000/2927 Loss: 0.0272
  Epoch [14/100] Batch 2200/2927 Loss: 0.0303
  Epoch [14/100] Batch 2400/2927 Loss: 0.0357
  Epoch [14/100] Batch 2600/2927 Loss: 0.0365
  Epoch [14/100] Batch 2800/2927 Loss: 0.0361
[EPOCH 14] Train: 0.0316 | Val: 0.0237 | LR: 0.001000 | Time: 23.6s
[SAVE] Nuevo mejor modelo!
  Epoch [15/100] Batch 0/2927 Loss: 0.0210
  Epoch [15/100] Batch 200/2927 Loss: 0.0247
  Epoch [15/100] Batch 400/2927 Loss: 0.0306
  Epoch [15/100] Batch 600/2927 Loss: 0.0338
  Epoch [15/100] Batch 800/2927 Loss: 0.0274
  Epoch [15/100] Batch 1000/2927 Loss: 0.0297
  Epoch [15/100] Batch 1200/2927 Loss: 0.0179
  Epoch [15/100] Batch 1400/2927 Loss: 0.1394
  Epoch [15/100] Batch 1600/2927 Loss: 0.0315
  Epoch [15/100] Batch 1800/2927 Loss: 0.0317
  Epoch [15/100] Batch 2000/2927 Loss: 0.0239
  Epoch [15/100] Batch 2200/2927 Loss: 0.0336
  Epoch [15/100] Batch 2400/2927 Loss: 0.0595
  Epoch [15/100] Batch 2600/2927 Loss: 0.0404
  Epoch [15/100] Batch 2800/2927 Loss: 0.0263
[EPOCH 15] Train: 0.0311 | Val: 0.0355 | LR: 0.001000 | Time: 23.6s
  Epoch [16/100] Batch 0/2927 Loss: 0.0505
  Epoch [16/100] Batch 200/2927 Loss: 0.0176
  Epoch [16/100] Batch 400/2927 Loss: 0.0298
  Epoch [16/100] Batch 600/2927 Loss: 0.0207
  Epoch [16/100] Batch 800/2927 Loss: 0.0236
  Epoch [16/100] Batch 1000/2927 Loss: 0.0290
  Epoch [16/100] Batch 1200/2927 Loss: 0.0382
  Epoch [16/100] Batch 1400/2927 Loss: 0.0274
  Epoch [16/100] Batch 1600/2927 Loss: 0.0186
  Epoch [16/100] Batch 1800/2927 Loss: 0.0290
  Epoch [16/100] Batch 2000/2927 Loss: 0.0303
  Epoch [16/100] Batch 2200/2927 Loss: 0.0339
  Epoch [16/100] Batch 2400/2927 Loss: 0.0530
  Epoch [16/100] Batch 2600/2927 Loss: 0.0382
  Epoch [16/100] Batch 2800/2927 Loss: 0.0197
[EPOCH 16] Train: 0.0301 | Val: 0.0231 | LR: 0.001000 | Time: 23.6s
[SAVE] Nuevo mejor modelo!
  Epoch [17/100] Batch 0/2927 Loss: 0.0274
  Epoch [17/100] Batch 200/2927 Loss: 0.0369
  Epoch [17/100] Batch 400/2927 Loss: 0.0381
  Epoch [17/100] Batch 600/2927 Loss: 0.0245
  Epoch [17/100] Batch 800/2927 Loss: 0.0378
  Epoch [17/100] Batch 1000/2927 Loss: 0.0416
  Epoch [17/100] Batch 1200/2927 Loss: 0.0323
  Epoch [17/100] Batch 1400/2927 Loss: 0.0345
  Epoch [17/100] Batch 1600/2927 Loss: 0.0355
  Epoch [17/100] Batch 1800/2927 Loss: 0.0295
  Epoch [17/100] Batch 2000/2927 Loss: 0.0412
  Epoch [17/100] Batch 2200/2927 Loss: 0.0247
  Epoch [17/100] Batch 2400/2927 Loss: 0.0255
  Epoch [17/100] Batch 2600/2927 Loss: 0.0266
  Epoch [17/100] Batch 2800/2927 Loss: 0.0222
[EPOCH 17] Train: 0.0295 | Val: 0.0233 | LR: 0.001000 | Time: 23.6s
  Epoch [18/100] Batch 0/2927 Loss: 0.0191
  Epoch [18/100] Batch 200/2927 Loss: 0.0240
  Epoch [18/100] Batch 400/2927 Loss: 0.0184
  Epoch [18/100] Batch 600/2927 Loss: 0.0202
  Epoch [18/100] Batch 800/2927 Loss: 0.0304
  Epoch [18/100] Batch 1000/2927 Loss: 0.0387
  Epoch [18/100] Batch 1200/2927 Loss: 0.0210
  Epoch [18/100] Batch 1400/2927 Loss: 0.0224
  Epoch [18/100] Batch 1600/2927 Loss: 0.0330
  Epoch [18/100] Batch 1800/2927 Loss: 0.0304
  Epoch [18/100] Batch 2000/2927 Loss: 0.0254
  Epoch [18/100] Batch 2200/2927 Loss: 0.0260
  Epoch [18/100] Batch 2400/2927 Loss: 0.0227
  Epoch [18/100] Batch 2600/2927 Loss: 0.0229
  Epoch [18/100] Batch 2800/2927 Loss: 0.0217
[EPOCH 18] Train: 0.0287 | Val: 0.0444 | LR: 0.001000 | Time: 23.6s
  Epoch [19/100] Batch 0/2927 Loss: 0.0573
  Epoch [19/100] Batch 200/2927 Loss: 0.0236
  Epoch [19/100] Batch 400/2927 Loss: 0.0223
  Epoch [19/100] Batch 600/2927 Loss: 0.0144
  Epoch [19/100] Batch 800/2927 Loss: 0.0299
  Epoch [19/100] Batch 1000/2927 Loss: 0.0186
  Epoch [19/100] Batch 1200/2927 Loss: 0.0206
  Epoch [19/100] Batch 1400/2927 Loss: 0.0267
  Epoch [19/100] Batch 1600/2927 Loss: 0.0310
  Epoch [19/100] Batch 1800/2927 Loss: 0.0194
  Epoch [19/100] Batch 2000/2927 Loss: 0.0272
  Epoch [19/100] Batch 2200/2927 Loss: 0.0256
  Epoch [19/100] Batch 2400/2927 Loss: 0.0262
  Epoch [19/100] Batch 2600/2927 Loss: 0.0302
  Epoch [19/100] Batch 2800/2927 Loss: 0.0265
[EPOCH 19] Train: 0.0280 | Val: 0.0230 | LR: 0.001000 | Time: 23.6s
[SAVE] Nuevo mejor modelo!
  Epoch [20/100] Batch 0/2927 Loss: 0.0272
  Epoch [20/100] Batch 200/2927 Loss: 0.0271
  Epoch [20/100] Batch 400/2927 Loss: 0.0184
  Epoch [20/100] Batch 600/2927 Loss: 0.0242
  Epoch [20/100] Batch 800/2927 Loss: 0.0217
  Epoch [20/100] Batch 1000/2927 Loss: 0.0285
  Epoch [20/100] Batch 1200/2927 Loss: 0.1052
  Epoch [20/100] Batch 1400/2927 Loss: 0.0277
  Epoch [20/100] Batch 1600/2927 Loss: 0.0275
  Epoch [20/100] Batch 1800/2927 Loss: 0.0256
  Epoch [20/100] Batch 2000/2927 Loss: 0.0221
  Epoch [20/100] Batch 2200/2927 Loss: 0.0326
  Epoch [20/100] Batch 2400/2927 Loss: 0.0246
  Epoch [20/100] Batch 2600/2927 Loss: 0.0353
  Epoch [20/100] Batch 2800/2927 Loss: 0.0307
[EPOCH 20] Train: 0.0276 | Val: 0.0231 | LR: 0.001000 | Time: 23.6s
  Epoch [21/100] Batch 0/2927 Loss: 0.0384
  Epoch [21/100] Batch 200/2927 Loss: 0.0177
  Epoch [21/100] Batch 400/2927 Loss: 0.0273
  Epoch [21/100] Batch 600/2927 Loss: 0.0242
  Epoch [21/100] Batch 800/2927 Loss: 0.0245
  Epoch [21/100] Batch 1000/2927 Loss: 0.0175
  Epoch [21/100] Batch 1200/2927 Loss: 0.0312
  Epoch [21/100] Batch 1400/2927 Loss: 0.0197
  Epoch [21/100] Batch 1600/2927 Loss: 0.0307
  Epoch [21/100] Batch 1800/2927 Loss: 0.0322
  Epoch [21/100] Batch 2000/2927 Loss: 0.0219
  Epoch [21/100] Batch 2200/2927 Loss: 0.0223
  Epoch [21/100] Batch 2400/2927 Loss: 0.0179
  Epoch [21/100] Batch 2600/2927 Loss: 0.0288
  Epoch [21/100] Batch 2800/2927 Loss: 0.0239
[EPOCH 21] Train: 0.0272 | Val: 0.0233 | LR: 0.001000 | Time: 23.6s
  Epoch [22/100] Batch 0/2927 Loss: 0.0272
  Epoch [22/100] Batch 200/2927 Loss: 0.0134
  Epoch [22/100] Batch 400/2927 Loss: 0.0224
  Epoch [22/100] Batch 600/2927 Loss: 0.0311
  Epoch [22/100] Batch 800/2927 Loss: 0.0812
  Epoch [22/100] Batch 1000/2927 Loss: 0.0254
  Epoch [22/100] Batch 1200/2927 Loss: 0.0205
  Epoch [22/100] Batch 1400/2927 Loss: 0.0410
  Epoch [22/100] Batch 1600/2927 Loss: 0.0235
  Epoch [22/100] Batch 1800/2927 Loss: 0.0384
  Epoch [22/100] Batch 2000/2927 Loss: 0.0397
  Epoch [22/100] Batch 2200/2927 Loss: 0.0288
  Epoch [22/100] Batch 2400/2927 Loss: 0.0276
  Epoch [22/100] Batch 2600/2927 Loss: 0.0237
  Epoch [22/100] Batch 2800/2927 Loss: 0.0213
[EPOCH 22] Train: 0.0267 | Val: 0.0202 | LR: 0.001000 | Time: 23.7s
[SAVE] Nuevo mejor modelo!
  Epoch [23/100] Batch 0/2927 Loss: 0.0238
  Epoch [23/100] Batch 200/2927 Loss: 0.0272
  Epoch [23/100] Batch 400/2927 Loss: 0.0280
  Epoch [23/100] Batch 600/2927 Loss: 0.0152
  Epoch [23/100] Batch 800/2927 Loss: 0.0261
  Epoch [23/100] Batch 1000/2927 Loss: 0.0239
  Epoch [23/100] Batch 1200/2927 Loss: 0.0308
  Epoch [23/100] Batch 1400/2927 Loss: 0.0213
  Epoch [23/100] Batch 1600/2927 Loss: 0.0331
  Epoch [23/100] Batch 1800/2927 Loss: 0.0240
  Epoch [23/100] Batch 2000/2927 Loss: 0.0269
  Epoch [23/100] Batch 2200/2927 Loss: 0.0244
  Epoch [23/100] Batch 2400/2927 Loss: 0.0215
  Epoch [23/100] Batch 2600/2927 Loss: 0.0243
  Epoch [23/100] Batch 2800/2927 Loss: 0.0182
[EPOCH 23] Train: 0.0256 | Val: 0.0239 | LR: 0.001000 | Time: 23.7s
  Epoch [24/100] Batch 0/2927 Loss: 0.0308
  Epoch [24/100] Batch 200/2927 Loss: 0.0214
  Epoch [24/100] Batch 400/2927 Loss: 0.0227
  Epoch [24/100] Batch 600/2927 Loss: 0.0198
  Epoch [24/100] Batch 800/2927 Loss: 0.0219
  Epoch [24/100] Batch 1000/2927 Loss: 0.0271
  Epoch [24/100] Batch 1200/2927 Loss: 0.0236
  Epoch [24/100] Batch 1400/2927 Loss: 0.0193
  Epoch [24/100] Batch 1600/2927 Loss: 0.0348
  Epoch [24/100] Batch 1800/2927 Loss: 0.0239
  Epoch [24/100] Batch 2000/2927 Loss: 0.0274
  Epoch [24/100] Batch 2200/2927 Loss: 0.0292
  Epoch [24/100] Batch 2400/2927 Loss: 0.0216
  Epoch [24/100] Batch 2600/2927 Loss: 0.0242
  Epoch [24/100] Batch 2800/2927 Loss: 0.0176
[EPOCH 24] Train: 0.0255 | Val: 0.0216 | LR: 0.001000 | Time: 23.7s
  Epoch [25/100] Batch 0/2927 Loss: 0.0279
  Epoch [25/100] Batch 200/2927 Loss: 0.0233
  Epoch [25/100] Batch 400/2927 Loss: 0.0196
  Epoch [25/100] Batch 600/2927 Loss: 0.0168
  Epoch [25/100] Batch 800/2927 Loss: 0.0240
  Epoch [25/100] Batch 1000/2927 Loss: 0.0240
  Epoch [25/100] Batch 1200/2927 Loss: 0.0141
  Epoch [25/100] Batch 1400/2927 Loss: 0.0303
  Epoch [25/100] Batch 1600/2927 Loss: 0.0318
  Epoch [25/100] Batch 1800/2927 Loss: 0.0247
  Epoch [25/100] Batch 2000/2927 Loss: 0.0216
  Epoch [25/100] Batch 2200/2927 Loss: 0.0235
  Epoch [25/100] Batch 2400/2927 Loss: 0.0221
  Epoch [25/100] Batch 2600/2927 Loss: 0.0246
  Epoch [25/100] Batch 2800/2927 Loss: 0.0213
[EPOCH 25] Train: 0.0249 | Val: 0.0196 | LR: 0.001000 | Time: 23.7s
[SAVE] Nuevo mejor modelo!
  Epoch [26/100] Batch 0/2927 Loss: 0.0240
  Epoch [26/100] Batch 200/2927 Loss: 0.0266
  Epoch [26/100] Batch 400/2927 Loss: 0.0166
  Epoch [26/100] Batch 600/2927 Loss: 0.0184
  Epoch [26/100] Batch 800/2927 Loss: 0.0292
  Epoch [26/100] Batch 1000/2927 Loss: 0.0191
  Epoch [26/100] Batch 1200/2927 Loss: 0.0214
  Epoch [26/100] Batch 1400/2927 Loss: 0.0212
  Epoch [26/100] Batch 1600/2927 Loss: 0.0200
  Epoch [26/100] Batch 1800/2927 Loss: 0.0238
  Epoch [26/100] Batch 2000/2927 Loss: 0.0179
  Epoch [26/100] Batch 2200/2927 Loss: 0.0166
  Epoch [26/100] Batch 2400/2927 Loss: 0.0266
  Epoch [26/100] Batch 2600/2927 Loss: 0.0262
  Epoch [26/100] Batch 2800/2927 Loss: 0.0250
[EPOCH 26] Train: 0.0249 | Val: 0.0218 | LR: 0.001000 | Time: 23.7s
  Epoch [27/100] Batch 0/2927 Loss: 0.0298
  Epoch [27/100] Batch 200/2927 Loss: 0.0218
  Epoch [27/100] Batch 400/2927 Loss: 0.0224
  Epoch [27/100] Batch 600/2927 Loss: 0.0235
  Epoch [27/100] Batch 800/2927 Loss: 0.0190
  Epoch [27/100] Batch 1000/2927 Loss: 0.0166
  Epoch [27/100] Batch 1200/2927 Loss: 0.0266
  Epoch [27/100] Batch 1400/2927 Loss: 0.0236
  Epoch [27/100] Batch 1600/2927 Loss: 0.0254
  Epoch [27/100] Batch 1800/2927 Loss: 0.0202
  Epoch [27/100] Batch 2000/2927 Loss: 0.0210
  Epoch [27/100] Batch 2200/2927 Loss: 0.0281
  Epoch [27/100] Batch 2400/2927 Loss: 0.0184
  Epoch [27/100] Batch 2600/2927 Loss: 0.0298
  Epoch [27/100] Batch 2800/2927 Loss: 0.0228
[EPOCH 27] Train: 0.0246 | Val: 0.0185 | LR: 0.001000 | Time: 23.7s
[SAVE] Nuevo mejor modelo!
  Epoch [28/100] Batch 0/2927 Loss: 0.0201
  Epoch [28/100] Batch 200/2927 Loss: 0.0238
  Epoch [28/100] Batch 400/2927 Loss: 0.0163
  Epoch [28/100] Batch 600/2927 Loss: 0.0183
  Epoch [28/100] Batch 800/2927 Loss: 0.0270
  Epoch [28/100] Batch 1000/2927 Loss: 0.0346
  Epoch [28/100] Batch 1200/2927 Loss: 0.0206
  Epoch [28/100] Batch 1400/2927 Loss: 0.0458
  Epoch [28/100] Batch 1600/2927 Loss: 0.0156
  Epoch [28/100] Batch 1800/2927 Loss: 0.1423
  Epoch [28/100] Batch 2000/2927 Loss: 0.0216
  Epoch [28/100] Batch 2200/2927 Loss: 0.0275
  Epoch [28/100] Batch 2400/2927 Loss: 0.0263
  Epoch [28/100] Batch 2600/2927 Loss: 0.0193
  Epoch [28/100] Batch 2800/2927 Loss: 0.0261
[EPOCH 28] Train: 0.0241 | Val: 0.0181 | LR: 0.001000 | Time: 23.7s
[SAVE] Nuevo mejor modelo!
  Epoch [29/100] Batch 0/2927 Loss: 0.0167
  Epoch [29/100] Batch 200/2927 Loss: 0.0271
  Epoch [29/100] Batch 400/2927 Loss: 0.0210
  Epoch [29/100] Batch 600/2927 Loss: 0.0187
  Epoch [29/100] Batch 800/2927 Loss: 0.0234
  Epoch [29/100] Batch 1000/2927 Loss: 0.0201
  Epoch [29/100] Batch 1200/2927 Loss: 0.0279
  Epoch [29/100] Batch 1400/2927 Loss: 0.0249
  Epoch [29/100] Batch 1600/2927 Loss: 0.0178
  Epoch [29/100] Batch 1800/2927 Loss: 0.0277
  Epoch [29/100] Batch 2000/2927 Loss: 0.0327
  Epoch [29/100] Batch 2200/2927 Loss: 0.0424
  Epoch [29/100] Batch 2400/2927 Loss: 0.0230
  Epoch [29/100] Batch 2600/2927 Loss: 0.0245
  Epoch [29/100] Batch 2800/2927 Loss: 0.0108
[EPOCH 29] Train: 0.0235 | Val: 0.0188 | LR: 0.001000 | Time: 23.7s
  Epoch [30/100] Batch 0/2927 Loss: 0.0236
  Epoch [30/100] Batch 200/2927 Loss: 0.0267
  Epoch [30/100] Batch 400/2927 Loss: 0.0307
  Epoch [30/100] Batch 600/2927 Loss: 0.1111
  Epoch [30/100] Batch 800/2927 Loss: 0.0271
  Epoch [30/100] Batch 1000/2927 Loss: 0.0162
  Epoch [30/100] Batch 1200/2927 Loss: 0.0232
  Epoch [30/100] Batch 1400/2927 Loss: 0.0177
  Epoch [30/100] Batch 1600/2927 Loss: 0.0171
  Epoch [30/100] Batch 1800/2927 Loss: 0.0183
  Epoch [30/100] Batch 2000/2927 Loss: 0.0255
  Epoch [30/100] Batch 2200/2927 Loss: 0.0271
  Epoch [30/100] Batch 2400/2927 Loss: 0.0220
  Epoch [30/100] Batch 2600/2927 Loss: 0.0228
  Epoch [30/100] Batch 2800/2927 Loss: 0.0392
[EPOCH 30] Train: 0.0234 | Val: 0.0181 | LR: 0.001000 | Time: 23.7s
  Epoch [31/100] Batch 0/2927 Loss: 0.0245
  Epoch [31/100] Batch 200/2927 Loss: 0.0307
  Epoch [31/100] Batch 400/2927 Loss: 0.0420
  Epoch [31/100] Batch 600/2927 Loss: 0.0237
  Epoch [31/100] Batch 800/2927 Loss: 0.0241
  Epoch [31/100] Batch 1000/2927 Loss: 0.0268
  Epoch [31/100] Batch 1200/2927 Loss: 0.0142
  Epoch [31/100] Batch 1400/2927 Loss: 0.0129
  Epoch [31/100] Batch 1600/2927 Loss: 0.0215
  Epoch [31/100] Batch 1800/2927 Loss: 0.0218
  Epoch [31/100] Batch 2000/2927 Loss: 0.0203
  Epoch [31/100] Batch 2200/2927 Loss: 0.0308
  Epoch [31/100] Batch 2400/2927 Loss: 0.0272
  Epoch [31/100] Batch 2600/2927 Loss: 0.0676
  Epoch [31/100] Batch 2800/2927 Loss: 0.0249
[EPOCH 31] Train: 0.0234 | Val: 0.0176 | LR: 0.001000 | Time: 23.7s
[SAVE] Nuevo mejor modelo!
  Epoch [32/100] Batch 0/2927 Loss: 0.0165
  Epoch [32/100] Batch 200/2927 Loss: 0.0197
  Epoch [32/100] Batch 400/2927 Loss: 0.0321
  Epoch [32/100] Batch 600/2927 Loss: 0.0208
  Epoch [32/100] Batch 800/2927 Loss: 0.0196
  Epoch [32/100] Batch 1000/2927 Loss: 0.0229
  Epoch [32/100] Batch 1200/2927 Loss: 0.0188
  Epoch [32/100] Batch 1400/2927 Loss: 0.0146
  Epoch [32/100] Batch 1600/2927 Loss: 0.0168
  Epoch [32/100] Batch 1800/2927 Loss: 0.0290
  Epoch [32/100] Batch 2000/2927 Loss: 0.0151
  Epoch [32/100] Batch 2200/2927 Loss: 0.0240
  Epoch [32/100] Batch 2400/2927 Loss: 0.0206
  Epoch [32/100] Batch 2600/2927 Loss: 0.0156
  Epoch [32/100] Batch 2800/2927 Loss: 0.0186
[EPOCH 32] Train: 0.0225 | Val: 0.0187 | LR: 0.001000 | Time: 23.8s
  Epoch [33/100] Batch 0/2927 Loss: 0.0448
  Epoch [33/100] Batch 200/2927 Loss: 0.0294
  Epoch [33/100] Batch 400/2927 Loss: 0.0178
  Epoch [33/100] Batch 600/2927 Loss: 0.0144
  Epoch [33/100] Batch 800/2927 Loss: 0.0311
  Epoch [33/100] Batch 1000/2927 Loss: 0.0286
  Epoch [33/100] Batch 1200/2927 Loss: 0.0220
  Epoch [33/100] Batch 1400/2927 Loss: 0.0191
  Epoch [33/100] Batch 1600/2927 Loss: 0.0202
  Epoch [33/100] Batch 1800/2927 Loss: 0.0188
  Epoch [33/100] Batch 2000/2927 Loss: 0.0460
  Epoch [33/100] Batch 2200/2927 Loss: 0.0168
  Epoch [33/100] Batch 2400/2927 Loss: 0.0141
  Epoch [33/100] Batch 2600/2927 Loss: 0.0243
  Epoch [33/100] Batch 2800/2927 Loss: 0.0290
[EPOCH 33] Train: 0.0233 | Val: 0.0175 | LR: 0.001000 | Time: 23.8s
[SAVE] Nuevo mejor modelo!
  Epoch [34/100] Batch 0/2927 Loss: 0.0190
  Epoch [34/100] Batch 200/2927 Loss: 0.0147
  Epoch [34/100] Batch 400/2927 Loss: 0.0148
  Epoch [34/100] Batch 600/2927 Loss: 0.0259
  Epoch [34/100] Batch 800/2927 Loss: 0.0244
  Epoch [34/100] Batch 1000/2927 Loss: 0.0209
  Epoch [34/100] Batch 1200/2927 Loss: 0.0270
  Epoch [34/100] Batch 1400/2927 Loss: 0.0299
  Epoch [34/100] Batch 1600/2927 Loss: 0.0206
  Epoch [34/100] Batch 1800/2927 Loss: 0.0253
  Epoch [34/100] Batch 2000/2927 Loss: 0.0213
  Epoch [34/100] Batch 2200/2927 Loss: 0.0159
  Epoch [34/100] Batch 2400/2927 Loss: 0.0213
  Epoch [34/100] Batch 2600/2927 Loss: 0.0289
  Epoch [34/100] Batch 2800/2927 Loss: 0.0186
[EPOCH 34] Train: 0.0220 | Val: 0.0178 | LR: 0.001000 | Time: 23.8s
  Epoch [35/100] Batch 0/2927 Loss: 0.0299
  Epoch [35/100] Batch 200/2927 Loss: 0.0201
  Epoch [35/100] Batch 400/2927 Loss: 0.0217
  Epoch [35/100] Batch 600/2927 Loss: 0.0117
  Epoch [35/100] Batch 800/2927 Loss: 0.0254
  Epoch [35/100] Batch 1000/2927 Loss: 0.0139
  Epoch [35/100] Batch 1200/2927 Loss: 0.0250
  Epoch [35/100] Batch 1400/2927 Loss: 0.0261
  Epoch [35/100] Batch 1600/2927 Loss: 0.0261
  Epoch [35/100] Batch 1800/2927 Loss: 0.0223
  Epoch [35/100] Batch 2000/2927 Loss: 0.0274
  Epoch [35/100] Batch 2200/2927 Loss: 0.0183
  Epoch [35/100] Batch 2400/2927 Loss: 0.0120
  Epoch [35/100] Batch 2600/2927 Loss: 0.0158
  Epoch [35/100] Batch 2800/2927 Loss: 0.0200
[EPOCH 35] Train: 0.0221 | Val: 0.0164 | LR: 0.001000 | Time: 23.8s
[SAVE] Nuevo mejor modelo!
  Epoch [36/100] Batch 0/2927 Loss: 0.0110
  Epoch [36/100] Batch 200/2927 Loss: 0.0432
  Epoch [36/100] Batch 400/2927 Loss: 0.0187
  Epoch [36/100] Batch 600/2927 Loss: 0.0148
  Epoch [36/100] Batch 800/2927 Loss: 0.0262
  Epoch [36/100] Batch 1000/2927 Loss: 0.0187
  Epoch [36/100] Batch 1200/2927 Loss: 0.0163
  Epoch [36/100] Batch 1400/2927 Loss: 0.0231
  Epoch [36/100] Batch 1600/2927 Loss: 0.0182
  Epoch [36/100] Batch 1800/2927 Loss: 0.0226
  Epoch [36/100] Batch 2000/2927 Loss: 0.0216
  Epoch [36/100] Batch 2200/2927 Loss: 0.0177
  Epoch [36/100] Batch 2400/2927 Loss: 0.0190
  Epoch [36/100] Batch 2600/2927 Loss: 0.0213
  Epoch [36/100] Batch 2800/2927 Loss: 0.0132
[EPOCH 36] Train: 0.0222 | Val: 0.0171 | LR: 0.001000 | Time: 23.8s
  Epoch [37/100] Batch 0/2927 Loss: 0.0165
  Epoch [37/100] Batch 200/2927 Loss: 0.0140
  Epoch [37/100] Batch 400/2927 Loss: 0.0297
  Epoch [37/100] Batch 600/2927 Loss: 0.0223
  Epoch [37/100] Batch 800/2927 Loss: 0.0289
  Epoch [37/100] Batch 1000/2927 Loss: 0.0169
  Epoch [37/100] Batch 1200/2927 Loss: 0.0272
  Epoch [37/100] Batch 1400/2927 Loss: 0.0200
  Epoch [37/100] Batch 1600/2927 Loss: 0.0397
  Epoch [37/100] Batch 1800/2927 Loss: 0.0167
  Epoch [37/100] Batch 2000/2927 Loss: 0.0322
  Epoch [37/100] Batch 2200/2927 Loss: 0.0226
  Epoch [37/100] Batch 2400/2927 Loss: 0.0179
  Epoch [37/100] Batch 2600/2927 Loss: 0.0200
  Epoch [37/100] Batch 2800/2927 Loss: 0.0165
[EPOCH 37] Train: 0.0215 | Val: 0.0183 | LR: 0.001000 | Time: 23.8s
  Epoch [38/100] Batch 0/2927 Loss: 0.0145
  Epoch [38/100] Batch 200/2927 Loss: 0.0305
  Epoch [38/100] Batch 400/2927 Loss: 0.0193
  Epoch [38/100] Batch 600/2927 Loss: 0.0208
  Epoch [38/100] Batch 800/2927 Loss: 0.0320
  Epoch [38/100] Batch 1000/2927 Loss: 0.0241
  Epoch [38/100] Batch 1200/2927 Loss: 0.0224
  Epoch [38/100] Batch 1400/2927 Loss: 0.0259
  Epoch [38/100] Batch 1600/2927 Loss: 0.0231
  Epoch [38/100] Batch 1800/2927 Loss: 0.0157
  Epoch [38/100] Batch 2000/2927 Loss: 0.0144
  Epoch [38/100] Batch 2200/2927 Loss: 0.0160
  Epoch [38/100] Batch 2400/2927 Loss: 0.0221
  Epoch [38/100] Batch 2600/2927 Loss: 0.0192
  Epoch [38/100] Batch 2800/2927 Loss: 0.0159
[EPOCH 38] Train: 0.0218 | Val: 0.0170 | LR: 0.001000 | Time: 23.8s
  Epoch [39/100] Batch 0/2927 Loss: 0.0162
  Epoch [39/100] Batch 200/2927 Loss: 0.0280
  Epoch [39/100] Batch 400/2927 Loss: 0.0153
  Epoch [39/100] Batch 600/2927 Loss: 0.0222
  Epoch [39/100] Batch 800/2927 Loss: 0.0323
  Epoch [39/100] Batch 1000/2927 Loss: 0.0242
  Epoch [39/100] Batch 1200/2927 Loss: 0.0122
  Epoch [39/100] Batch 1400/2927 Loss: 0.0188
  Epoch [39/100] Batch 1600/2927 Loss: 0.0241
  Epoch [39/100] Batch 1800/2927 Loss: 0.0169
  Epoch [39/100] Batch 2000/2927 Loss: 0.0301
  Epoch [39/100] Batch 2200/2927 Loss: 0.0288
  Epoch [39/100] Batch 2400/2927 Loss: 0.0165
  Epoch [39/100] Batch 2600/2927 Loss: 0.0199
  Epoch [39/100] Batch 2800/2927 Loss: 0.0129
[EPOCH 39] Train: 0.0217 | Val: 0.0188 | LR: 0.001000 | Time: 23.9s
  Epoch [40/100] Batch 0/2927 Loss: 0.0587
  Epoch [40/100] Batch 200/2927 Loss: 0.0127
  Epoch [40/100] Batch 400/2927 Loss: 0.0306
  Epoch [40/100] Batch 600/2927 Loss: 0.0167
  Epoch [40/100] Batch 800/2927 Loss: 0.0132
  Epoch [40/100] Batch 1000/2927 Loss: 0.0261
  Epoch [40/100] Batch 1200/2927 Loss: 0.0305
  Epoch [40/100] Batch 1400/2927 Loss: 0.0152
  Epoch [40/100] Batch 1600/2927 Loss: 0.0213
  Epoch [40/100] Batch 1800/2927 Loss: 0.0158
  Epoch [40/100] Batch 2000/2927 Loss: 0.0252
  Epoch [40/100] Batch 2200/2927 Loss: 0.0160
  Epoch [40/100] Batch 2400/2927 Loss: 0.0255
  Epoch [40/100] Batch 2600/2927 Loss: 0.0182
  Epoch [40/100] Batch 2800/2927 Loss: 0.0233
[EPOCH 40] Train: 0.0209 | Val: 0.0170 | LR: 0.001000 | Time: 23.9s
  Epoch [41/100] Batch 0/2927 Loss: 0.0132
  Epoch [41/100] Batch 200/2927 Loss: 0.0180
  Epoch [41/100] Batch 400/2927 Loss: 0.0111
  Epoch [41/100] Batch 600/2927 Loss: 0.0121
  Epoch [41/100] Batch 800/2927 Loss: 0.0201
  Epoch [41/100] Batch 1000/2927 Loss: 0.0225
  Epoch [41/100] Batch 1200/2927 Loss: 0.0392
  Epoch [41/100] Batch 1400/2927 Loss: 0.0179
  Epoch [41/100] Batch 1600/2927 Loss: 0.0171
  Epoch [41/100] Batch 1800/2927 Loss: 0.0159
  Epoch [41/100] Batch 2000/2927 Loss: 0.0255
  Epoch [41/100] Batch 2200/2927 Loss: 0.0198
  Epoch [41/100] Batch 2400/2927 Loss: 0.0100
  Epoch [41/100] Batch 2600/2927 Loss: 0.0138
  Epoch [41/100] Batch 2800/2927 Loss: 0.0244
[EPOCH 41] Train: 0.0211 | Val: 0.0171 | LR: 0.001000 | Time: 23.9s
  Epoch [42/100] Batch 0/2927 Loss: 0.0161
  Epoch [42/100] Batch 200/2927 Loss: 0.0189
  Epoch [42/100] Batch 400/2927 Loss: 0.0158
  Epoch [42/100] Batch 600/2927 Loss: 0.0191
  Epoch [42/100] Batch 800/2927 Loss: 0.0272
  Epoch [42/100] Batch 1000/2927 Loss: 0.0206
  Epoch [42/100] Batch 1200/2927 Loss: 0.0114
  Epoch [42/100] Batch 1400/2927 Loss: 0.0245
  Epoch [42/100] Batch 1600/2927 Loss: 0.0233
  Epoch [42/100] Batch 1800/2927 Loss: 0.0296
  Epoch [42/100] Batch 2000/2927 Loss: 0.0188
  Epoch [42/100] Batch 2200/2927 Loss: 0.0221
  Epoch [42/100] Batch 2400/2927 Loss: 0.0159
  Epoch [42/100] Batch 2600/2927 Loss: 0.0372
  Epoch [42/100] Batch 2800/2927 Loss: 0.0122
[EPOCH 42] Train: 0.0208 | Val: 0.0161 | LR: 0.001000 | Time: 23.9s
[SAVE] Nuevo mejor modelo!
  Epoch [43/100] Batch 0/2927 Loss: 0.0202
  Epoch [43/100] Batch 200/2927 Loss: 0.0148
  Epoch [43/100] Batch 400/2927 Loss: 0.0266
  Epoch [43/100] Batch 600/2927 Loss: 0.0119
  Epoch [43/100] Batch 800/2927 Loss: 0.0336
  Epoch [43/100] Batch 1000/2927 Loss: 0.0190
  Epoch [43/100] Batch 1200/2927 Loss: 0.0162
  Epoch [43/100] Batch 1400/2927 Loss: 0.0172
  Epoch [43/100] Batch 1600/2927 Loss: 0.0158
  Epoch [43/100] Batch 1800/2927 Loss: 0.0226
  Epoch [43/100] Batch 2000/2927 Loss: 0.0182
  Epoch [43/100] Batch 2200/2927 Loss: 0.0205
  Epoch [43/100] Batch 2400/2927 Loss: 0.0274
  Epoch [43/100] Batch 2600/2927 Loss: 0.0164
  Epoch [43/100] Batch 2800/2927 Loss: 0.0230
[EPOCH 43] Train: 0.0206 | Val: 0.0176 | LR: 0.001000 | Time: 23.8s
  Epoch [44/100] Batch 0/2927 Loss: 0.0211
  Epoch [44/100] Batch 200/2927 Loss: 0.0210
  Epoch [44/100] Batch 400/2927 Loss: 0.0144
  Epoch [44/100] Batch 600/2927 Loss: 0.0158
  Epoch [44/100] Batch 800/2927 Loss: 0.0133
  Epoch [44/100] Batch 1000/2927 Loss: 0.0215
  Epoch [44/100] Batch 1200/2927 Loss: 0.0266
  Epoch [44/100] Batch 1400/2927 Loss: 0.0180
  Epoch [44/100] Batch 1600/2927 Loss: 0.0218
  Epoch [44/100] Batch 1800/2927 Loss: 0.0235
  Epoch [44/100] Batch 2000/2927 Loss: 0.0175
  Epoch [44/100] Batch 2200/2927 Loss: 0.0232
  Epoch [44/100] Batch 2400/2927 Loss: 0.0230
  Epoch [44/100] Batch 2600/2927 Loss: 0.0271
  Epoch [44/100] Batch 2800/2927 Loss: 0.0235
[EPOCH 44] Train: 0.0204 | Val: 0.0173 | LR: 0.001000 | Time: 23.9s
  Epoch [45/100] Batch 0/2927 Loss: 0.0170
  Epoch [45/100] Batch 200/2927 Loss: 0.0225
  Epoch [45/100] Batch 400/2927 Loss: 0.0220
  Epoch [45/100] Batch 600/2927 Loss: 0.0174
  Epoch [45/100] Batch 800/2927 Loss: 0.0171
  Epoch [45/100] Batch 1000/2927 Loss: 0.0157
  Epoch [45/100] Batch 1200/2927 Loss: 0.0165
  Epoch [45/100] Batch 1400/2927 Loss: 0.0143
  Epoch [45/100] Batch 1600/2927 Loss: 0.0161
  Epoch [45/100] Batch 1800/2927 Loss: 0.0155
  Epoch [45/100] Batch 2000/2927 Loss: 0.0131
  Epoch [45/100] Batch 2200/2927 Loss: 0.0316
  Epoch [45/100] Batch 2400/2927 Loss: 0.0176
  Epoch [45/100] Batch 2600/2927 Loss: 0.0167
  Epoch [45/100] Batch 2800/2927 Loss: 0.0174
[EPOCH 45] Train: 0.0201 | Val: 0.0171 | LR: 0.001000 | Time: 23.9s
  Epoch [46/100] Batch 0/2927 Loss: 0.0256
  Epoch [46/100] Batch 200/2927 Loss: 0.0226
  Epoch [46/100] Batch 400/2927 Loss: 0.0186
  Epoch [46/100] Batch 600/2927 Loss: 0.0337
  Epoch [46/100] Batch 800/2927 Loss: 0.0218
  Epoch [46/100] Batch 1000/2927 Loss: 0.0164
  Epoch [46/100] Batch 1200/2927 Loss: 0.0233
  Epoch [46/100] Batch 1400/2927 Loss: 0.0184
  Epoch [46/100] Batch 1600/2927 Loss: 0.0188
  Epoch [46/100] Batch 1800/2927 Loss: 0.0153
  Epoch [46/100] Batch 2000/2927 Loss: 0.0161
  Epoch [46/100] Batch 2200/2927 Loss: 0.0147
  Epoch [46/100] Batch 2400/2927 Loss: 0.0223
  Epoch [46/100] Batch 2600/2927 Loss: 0.0353
  Epoch [46/100] Batch 2800/2927 Loss: 0.0202
[EPOCH 46] Train: 0.0201 | Val: 0.0177 | LR: 0.001000 | Time: 23.9s
  Epoch [47/100] Batch 0/2927 Loss: 0.0168
  Epoch [47/100] Batch 200/2927 Loss: 0.0117
  Epoch [47/100] Batch 400/2927 Loss: 0.0172
  Epoch [47/100] Batch 600/2927 Loss: 0.0140
  Epoch [47/100] Batch 800/2927 Loss: 0.0178
  Epoch [47/100] Batch 1000/2927 Loss: 0.0240
  Epoch [47/100] Batch 1200/2927 Loss: 0.0193
  Epoch [47/100] Batch 1400/2927 Loss: 0.0183
  Epoch [47/100] Batch 1600/2927 Loss: 0.0575
  Epoch [47/100] Batch 1800/2927 Loss: 0.0134
  Epoch [47/100] Batch 2000/2927 Loss: 0.0178
  Epoch [47/100] Batch 2200/2927 Loss: 0.0233
  Epoch [47/100] Batch 2400/2927 Loss: 0.0202
  Epoch [47/100] Batch 2600/2927 Loss: 0.0139
  Epoch [47/100] Batch 2800/2927 Loss: 0.0151
[EPOCH 47] Train: 0.0200 | Val: 0.0170 | LR: 0.001000 | Time: 23.9s
  Epoch [48/100] Batch 0/2927 Loss: 0.0223
  Epoch [48/100] Batch 200/2927 Loss: 0.0174
  Epoch [48/100] Batch 400/2927 Loss: 0.0119
  Epoch [48/100] Batch 600/2927 Loss: 0.0170
  Epoch [48/100] Batch 800/2927 Loss: 0.0169
  Epoch [48/100] Batch 1000/2927 Loss: 0.0231
  Epoch [48/100] Batch 1200/2927 Loss: 0.0207
  Epoch [48/100] Batch 1400/2927 Loss: 0.0171
  Epoch [48/100] Batch 1600/2927 Loss: 0.0147
  Epoch [48/100] Batch 1800/2927 Loss: 0.0152
  Epoch [48/100] Batch 2000/2927 Loss: 0.0289
  Epoch [48/100] Batch 2200/2927 Loss: 0.0245
  Epoch [48/100] Batch 2400/2927 Loss: 0.0132
  Epoch [48/100] Batch 2600/2927 Loss: 0.0197
  Epoch [48/100] Batch 2800/2927 Loss: 0.0184
[EPOCH 48] Train: 0.0198 | Val: 0.0168 | LR: 0.001000 | Time: 23.9s
  Epoch [49/100] Batch 0/2927 Loss: 0.0231
  Epoch [49/100] Batch 200/2927 Loss: 0.0295
  Epoch [49/100] Batch 400/2927 Loss: 0.0207
  Epoch [49/100] Batch 600/2927 Loss: 0.0137
  Epoch [49/100] Batch 800/2927 Loss: 0.0156
  Epoch [49/100] Batch 1000/2927 Loss: 0.0207
  Epoch [49/100] Batch 1200/2927 Loss: 0.0194
  Epoch [49/100] Batch 1400/2927 Loss: 0.0199
  Epoch [49/100] Batch 1600/2927 Loss: 0.0327
  Epoch [49/100] Batch 1800/2927 Loss: 0.0171
  Epoch [49/100] Batch 2000/2927 Loss: 0.0165
  Epoch [49/100] Batch 2200/2927 Loss: 0.0429
  Epoch [49/100] Batch 2400/2927 Loss: 0.0147
  Epoch [49/100] Batch 2600/2927 Loss: 0.0142
  Epoch [49/100] Batch 2800/2927 Loss: 0.0244
[EPOCH 49] Train: 0.0197 | Val: 0.0172 | LR: 0.001000 | Time: 23.9s
  Epoch [50/100] Batch 0/2927 Loss: 0.0160
  Epoch [50/100] Batch 200/2927 Loss: 0.0178
  Epoch [50/100] Batch 400/2927 Loss: 0.0271
  Epoch [50/100] Batch 600/2927 Loss: 0.0192
  Epoch [50/100] Batch 800/2927 Loss: 0.0206
  Epoch [50/100] Batch 1000/2927 Loss: 0.0256
  Epoch [50/100] Batch 1200/2927 Loss: 0.0156
  Epoch [50/100] Batch 1400/2927 Loss: 0.0126
  Epoch [50/100] Batch 1600/2927 Loss: 0.0160
  Epoch [50/100] Batch 1800/2927 Loss: 0.0166
  Epoch [50/100] Batch 2000/2927 Loss: 0.0235
  Epoch [50/100] Batch 2200/2927 Loss: 0.0229
  Epoch [50/100] Batch 2400/2927 Loss: 0.0188
  Epoch [50/100] Batch 2600/2927 Loss: 0.0212
  Epoch [50/100] Batch 2800/2927 Loss: 0.0743
[EPOCH 50] Train: 0.0194 | Val: 0.0167 | LR: 0.001000 | Time: 23.9s
  Epoch [51/100] Batch 0/2927 Loss: 0.0208
  Epoch [51/100] Batch 200/2927 Loss: 0.0203
  Epoch [51/100] Batch 400/2927 Loss: 0.0154
  Epoch [51/100] Batch 600/2927 Loss: 0.0246
  Epoch [51/100] Batch 800/2927 Loss: 0.0205
  Epoch [51/100] Batch 1000/2927 Loss: 0.0207
  Epoch [51/100] Batch 1200/2927 Loss: 0.0133
  Epoch [51/100] Batch 1400/2927 Loss: 0.0156
  Epoch [51/100] Batch 1600/2927 Loss: 0.0170
  Epoch [51/100] Batch 1800/2927 Loss: 0.0328
  Epoch [51/100] Batch 2000/2927 Loss: 0.0141
  Epoch [51/100] Batch 2200/2927 Loss: 0.0194
  Epoch [51/100] Batch 2400/2927 Loss: 0.0169
  Epoch [51/100] Batch 2600/2927 Loss: 0.0138
  Epoch [51/100] Batch 2800/2927 Loss: 0.0183
[EPOCH 51] Train: 0.0195 | Val: 0.0158 | LR: 0.001000 | Time: 23.9s
[SAVE] Nuevo mejor modelo!
  Epoch [52/100] Batch 0/2927 Loss: 0.0164
  Epoch [52/100] Batch 200/2927 Loss: 0.0159
  Epoch [52/100] Batch 400/2927 Loss: 0.0255
  Epoch [52/100] Batch 600/2927 Loss: 0.0120
  Epoch [52/100] Batch 800/2927 Loss: 0.0181
  Epoch [52/100] Batch 1000/2927 Loss: 0.0163
  Epoch [52/100] Batch 1200/2927 Loss: 0.0212
  Epoch [52/100] Batch 1400/2927 Loss: 0.0260
  Epoch [52/100] Batch 1600/2927 Loss: 0.0201
  Epoch [52/100] Batch 1800/2927 Loss: 0.0174
  Epoch [52/100] Batch 2000/2927 Loss: 0.0184
  Epoch [52/100] Batch 2200/2927 Loss: 0.0192
  Epoch [52/100] Batch 2400/2927 Loss: 0.0194
  Epoch [52/100] Batch 2600/2927 Loss: 0.0183
  Epoch [52/100] Batch 2800/2927 Loss: 0.0190
[EPOCH 52] Train: 0.0189 | Val: 0.0157 | LR: 0.001000 | Time: 23.9s
[SAVE] Nuevo mejor modelo!
  Epoch [53/100] Batch 0/2927 Loss: 0.0165
  Epoch [53/100] Batch 200/2927 Loss: 0.0190
  Epoch [53/100] Batch 400/2927 Loss: 0.0194
  Epoch [53/100] Batch 600/2927 Loss: 0.0253
  Epoch [53/100] Batch 800/2927 Loss: 0.0169
  Epoch [53/100] Batch 1000/2927 Loss: 0.0218
  Epoch [53/100] Batch 1200/2927 Loss: 0.0229
  Epoch [53/100] Batch 1400/2927 Loss: 0.0196
  Epoch [53/100] Batch 1600/2927 Loss: 0.0181
  Epoch [53/100] Batch 1800/2927 Loss: 0.0130
  Epoch [53/100] Batch 2000/2927 Loss: 0.0206
  Epoch [53/100] Batch 2200/2927 Loss: 0.0135
  Epoch [53/100] Batch 2400/2927 Loss: 0.0177
  Epoch [53/100] Batch 2600/2927 Loss: 0.0146
  Epoch [53/100] Batch 2800/2927 Loss: 0.0380
[EPOCH 53] Train: 0.0192 | Val: 0.0173 | LR: 0.001000 | Time: 23.9s
  Epoch [54/100] Batch 0/2927 Loss: 0.0340
  Epoch [54/100] Batch 200/2927 Loss: 0.0117
  Epoch [54/100] Batch 400/2927 Loss: 0.0263
  Epoch [54/100] Batch 600/2927 Loss: 0.0209
  Epoch [54/100] Batch 800/2927 Loss: 0.0175
  Epoch [54/100] Batch 1000/2927 Loss: 0.0196
  Epoch [54/100] Batch 1200/2927 Loss: 0.0111
  Epoch [54/100] Batch 1400/2927 Loss: 0.0232
  Epoch [54/100] Batch 1600/2927 Loss: 0.0172
  Epoch [54/100] Batch 1800/2927 Loss: 0.0210
  Epoch [54/100] Batch 2000/2927 Loss: 0.0240
  Epoch [54/100] Batch 2200/2927 Loss: 0.0086
  Epoch [54/100] Batch 2400/2927 Loss: 0.0115
  Epoch [54/100] Batch 2600/2927 Loss: 0.0192
  Epoch [54/100] Batch 2800/2927 Loss: 0.0167
[EPOCH 54] Train: 0.0191 | Val: 0.0165 | LR: 0.001000 | Time: 23.9s
  Epoch [55/100] Batch 0/2927 Loss: 0.0246
  Epoch [55/100] Batch 200/2927 Loss: 0.0171
  Epoch [55/100] Batch 400/2927 Loss: 0.0160
  Epoch [55/100] Batch 600/2927 Loss: 0.0141
  Epoch [55/100] Batch 800/2927 Loss: 0.0142
  Epoch [55/100] Batch 1000/2927 Loss: 0.0210
  Epoch [55/100] Batch 1200/2927 Loss: 0.0157
  Epoch [55/100] Batch 1400/2927 Loss: 0.0205
  Epoch [55/100] Batch 1600/2927 Loss: 0.0129
  Epoch [55/100] Batch 1800/2927 Loss: 0.0141
  Epoch [55/100] Batch 2000/2927 Loss: 0.0223
  Epoch [55/100] Batch 2200/2927 Loss: 0.0149
  Epoch [55/100] Batch 2400/2927 Loss: 0.0169
  Epoch [55/100] Batch 2600/2927 Loss: 0.0130
  Epoch [55/100] Batch 2800/2927 Loss: 0.0173
[EPOCH 55] Train: 0.0186 | Val: 0.0161 | LR: 0.001000 | Time: 23.9s
  Epoch [56/100] Batch 0/2927 Loss: 0.0222
  Epoch [56/100] Batch 200/2927 Loss: 0.0169
  Epoch [56/100] Batch 400/2927 Loss: 0.0200
  Epoch [56/100] Batch 600/2927 Loss: 0.0251
  Epoch [56/100] Batch 800/2927 Loss: 0.0148
  Epoch [56/100] Batch 1000/2927 Loss: 0.0163
  Epoch [56/100] Batch 1200/2927 Loss: 0.0159
  Epoch [56/100] Batch 1400/2927 Loss: 0.0153
  Epoch [56/100] Batch 1600/2927 Loss: 0.0219
  Epoch [56/100] Batch 1800/2927 Loss: 0.0162
  Epoch [56/100] Batch 2000/2927 Loss: 0.0175
  Epoch [56/100] Batch 2200/2927 Loss: 0.0211
  Epoch [56/100] Batch 2400/2927 Loss: 0.0169
  Epoch [56/100] Batch 2600/2927 Loss: 0.0198
  Epoch [56/100] Batch 2800/2927 Loss: 0.0258
[EPOCH 56] Train: 0.0189 | Val: 0.0149 | LR: 0.001000 | Time: 23.9s
[SAVE] Nuevo mejor modelo!
  Epoch [57/100] Batch 0/2927 Loss: 0.0151
  Epoch [57/100] Batch 200/2927 Loss: 0.0154
  Epoch [57/100] Batch 400/2927 Loss: 0.0265
  Epoch [57/100] Batch 600/2927 Loss: 0.0179
  Epoch [57/100] Batch 800/2927 Loss: 0.0168
  Epoch [57/100] Batch 1000/2927 Loss: 0.0202
  Epoch [57/100] Batch 1200/2927 Loss: 0.0118
  Epoch [57/100] Batch 1400/2927 Loss: 0.0224
  Epoch [57/100] Batch 1600/2927 Loss: 0.0227
  Epoch [57/100] Batch 1800/2927 Loss: 0.0305
  Epoch [57/100] Batch 2000/2927 Loss: 0.0212
  Epoch [57/100] Batch 2200/2927 Loss: 0.0188
  Epoch [57/100] Batch 2400/2927 Loss: 0.0152
  Epoch [57/100] Batch 2600/2927 Loss: 0.0121
  Epoch [57/100] Batch 2800/2927 Loss: 0.0122
[EPOCH 57] Train: 0.0184 | Val: 0.0179 | LR: 0.001000 | Time: 23.9s
  Epoch [58/100] Batch 0/2927 Loss: 0.0245
  Epoch [58/100] Batch 200/2927 Loss: 0.0190
  Epoch [58/100] Batch 400/2927 Loss: 0.0169
  Epoch [58/100] Batch 600/2927 Loss: 0.0200
  Epoch [58/100] Batch 800/2927 Loss: 0.0176
  Epoch [58/100] Batch 1000/2927 Loss: 0.0172
  Epoch [58/100] Batch 1200/2927 Loss: 0.0333
  Epoch [58/100] Batch 1400/2927 Loss: 0.0190
  Epoch [58/100] Batch 1600/2927 Loss: 0.0267
  Epoch [58/100] Batch 1800/2927 Loss: 0.0261
  Epoch [58/100] Batch 2000/2927 Loss: 0.0795
  Epoch [58/100] Batch 2200/2927 Loss: 0.0202
  Epoch [58/100] Batch 2400/2927 Loss: 0.0158
  Epoch [58/100] Batch 2600/2927 Loss: 0.0255
  Epoch [58/100] Batch 2800/2927 Loss: 0.0194
[EPOCH 58] Train: 0.0187 | Val: 0.0143 | LR: 0.001000 | Time: 23.9s
[SAVE] Nuevo mejor modelo!
  Epoch [59/100] Batch 0/2927 Loss: 0.0122
  Epoch [59/100] Batch 200/2927 Loss: 0.0147
  Epoch [59/100] Batch 400/2927 Loss: 0.0085
  Epoch [59/100] Batch 600/2927 Loss: 0.0212
  Epoch [59/100] Batch 800/2927 Loss: 0.0179
  Epoch [59/100] Batch 1000/2927 Loss: 0.0130
  Epoch [59/100] Batch 1200/2927 Loss: 0.0126
  Epoch [59/100] Batch 1400/2927 Loss: 0.0142
  Epoch [59/100] Batch 1600/2927 Loss: 0.0143
  Epoch [59/100] Batch 1800/2927 Loss: 0.0168
  Epoch [59/100] Batch 2000/2927 Loss: 0.0219
  Epoch [59/100] Batch 2200/2927 Loss: 0.0128
  Epoch [59/100] Batch 2400/2927 Loss: 0.0188
  Epoch [59/100] Batch 2600/2927 Loss: 0.0179
  Epoch [59/100] Batch 2800/2927 Loss: 0.0151
[EPOCH 59] Train: 0.0183 | Val: 0.0142 | LR: 0.001000 | Time: 23.9s
[SAVE] Nuevo mejor modelo!
  Epoch [60/100] Batch 0/2927 Loss: 0.0180
  Epoch [60/100] Batch 200/2927 Loss: 0.0214
  Epoch [60/100] Batch 400/2927 Loss: 0.0186
  Epoch [60/100] Batch 600/2927 Loss: 0.0145
  Epoch [60/100] Batch 800/2927 Loss: 0.0122
  Epoch [60/100] Batch 1000/2927 Loss: 0.0119
  Epoch [60/100] Batch 1200/2927 Loss: 0.0155
  Epoch [60/100] Batch 1400/2927 Loss: 0.0153
  Epoch [60/100] Batch 1600/2927 Loss: 0.0130
  Epoch [60/100] Batch 1800/2927 Loss: 0.0133
  Epoch [60/100] Batch 2000/2927 Loss: 0.0096
  Epoch [60/100] Batch 2200/2927 Loss: 0.0257
  Epoch [60/100] Batch 2400/2927 Loss: 0.0112
  Epoch [60/100] Batch 2600/2927 Loss: 0.0209
  Epoch [60/100] Batch 2800/2927 Loss: 0.0216
[EPOCH 60] Train: 0.0183 | Val: 0.0146 | LR: 0.001000 | Time: 24.0s
  Epoch [61/100] Batch 0/2927 Loss: 0.0171
  Epoch [61/100] Batch 200/2927 Loss: 0.0165
  Epoch [61/100] Batch 400/2927 Loss: 0.0217
  Epoch [61/100] Batch 600/2927 Loss: 0.0267
  Epoch [61/100] Batch 800/2927 Loss: 0.0134
  Epoch [61/100] Batch 1000/2927 Loss: 0.0116
  Epoch [61/100] Batch 1200/2927 Loss: 0.0164
  Epoch [61/100] Batch 1400/2927 Loss: 0.0317
  Epoch [61/100] Batch 1600/2927 Loss: 0.0219
  Epoch [61/100] Batch 1800/2927 Loss: 0.0140
  Epoch [61/100] Batch 2000/2927 Loss: 0.0206
  Epoch [61/100] Batch 2200/2927 Loss: 0.0226
  Epoch [61/100] Batch 2400/2927 Loss: 0.0174
  Epoch [61/100] Batch 2600/2927 Loss: 0.0294
  Epoch [61/100] Batch 2800/2927 Loss: 0.0096
[EPOCH 61] Train: 0.0181 | Val: 0.0157 | LR: 0.001000 | Time: 24.0s
  Epoch [62/100] Batch 0/2927 Loss: 0.0186
  Epoch [62/100] Batch 200/2927 Loss: 0.0193
  Epoch [62/100] Batch 400/2927 Loss: 0.0129
  Epoch [62/100] Batch 600/2927 Loss: 0.0137
  Epoch [62/100] Batch 800/2927 Loss: 0.0100
  Epoch [62/100] Batch 1000/2927 Loss: 0.0206
  Epoch [62/100] Batch 1200/2927 Loss: 0.0147
  Epoch [62/100] Batch 1400/2927 Loss: 0.0127
  Epoch [62/100] Batch 1600/2927 Loss: 0.0153
  Epoch [62/100] Batch 1800/2927 Loss: 0.0355
  Epoch [62/100] Batch 2000/2927 Loss: 0.0186
  Epoch [62/100] Batch 2200/2927 Loss: 0.0158
  Epoch [62/100] Batch 2400/2927 Loss: 0.0162
  Epoch [62/100] Batch 2600/2927 Loss: 0.0184
  Epoch [62/100] Batch 2800/2927 Loss: 0.0201
[EPOCH 62] Train: 0.0184 | Val: 0.0150 | LR: 0.001000 | Time: 24.0s
  Epoch [63/100] Batch 0/2927 Loss: 0.0368
  Epoch [63/100] Batch 200/2927 Loss: 0.0285
  Epoch [63/100] Batch 400/2927 Loss: 0.0229
  Epoch [63/100] Batch 600/2927 Loss: 0.0119
  Epoch [63/100] Batch 800/2927 Loss: 0.0230
  Epoch [63/100] Batch 1000/2927 Loss: 0.0147
  Epoch [63/100] Batch 1200/2927 Loss: 0.0160
  Epoch [63/100] Batch 1400/2927 Loss: 0.0121
  Epoch [63/100] Batch 1600/2927 Loss: 0.0141
  Epoch [63/100] Batch 1800/2927 Loss: 0.0210
  Epoch [63/100] Batch 2000/2927 Loss: 0.0113
  Epoch [63/100] Batch 2200/2927 Loss: 0.0203
  Epoch [63/100] Batch 2400/2927 Loss: 0.0123
  Epoch [63/100] Batch 2600/2927 Loss: 0.0212
  Epoch [63/100] Batch 2800/2927 Loss: 0.0142
[EPOCH 63] Train: 0.0182 | Val: 0.0158 | LR: 0.001000 | Time: 24.0s
  Epoch [64/100] Batch 0/2927 Loss: 0.0226
  Epoch [64/100] Batch 200/2927 Loss: 0.0265
  Epoch [64/100] Batch 400/2927 Loss: 0.0208
  Epoch [64/100] Batch 600/2927 Loss: 0.0157
  Epoch [64/100] Batch 800/2927 Loss: 0.0158
  Epoch [64/100] Batch 1000/2927 Loss: 0.0181
  Epoch [64/100] Batch 1200/2927 Loss: 0.0207
  Epoch [64/100] Batch 1400/2927 Loss: 0.0197
  Epoch [64/100] Batch 1600/2927 Loss: 0.0169
  Epoch [64/100] Batch 1800/2927 Loss: 0.0157
  Epoch [64/100] Batch 2000/2927 Loss: 0.0230
  Epoch [64/100] Batch 2200/2927 Loss: 0.0300
  Epoch [64/100] Batch 2400/2927 Loss: 0.0165
  Epoch [64/100] Batch 2600/2927 Loss: 0.0191
  Epoch [64/100] Batch 2800/2927 Loss: 0.0145
[EPOCH 64] Train: 0.0180 | Val: 0.0145 | LR: 0.001000 | Time: 24.0s
  Epoch [65/100] Batch 0/2927 Loss: 0.0151
  Epoch [65/100] Batch 200/2927 Loss: 0.0152
  Epoch [65/100] Batch 400/2927 Loss: 0.0200
  Epoch [65/100] Batch 600/2927 Loss: 0.0142
  Epoch [65/100] Batch 800/2927 Loss: 0.0149
  Epoch [65/100] Batch 1000/2927 Loss: 0.0162
  Epoch [65/100] Batch 1200/2927 Loss: 0.0223
  Epoch [65/100] Batch 1400/2927 Loss: 0.0117
  Epoch [65/100] Batch 1600/2927 Loss: 0.0194
  Epoch [65/100] Batch 1800/2927 Loss: 0.0198
  Epoch [65/100] Batch 2000/2927 Loss: 0.0163
  Epoch [65/100] Batch 2200/2927 Loss: 0.0193
  Epoch [65/100] Batch 2400/2927 Loss: 0.0156
  Epoch [65/100] Batch 2600/2927 Loss: 0.0167
  Epoch [65/100] Batch 2800/2927 Loss: 0.0210
[EPOCH 65] Train: 0.0178 | Val: 0.0165 | LR: 0.001000 | Time: 24.0s
  Epoch [66/100] Batch 0/2927 Loss: 0.0218
  Epoch [66/100] Batch 200/2927 Loss: 0.0139
  Epoch [66/100] Batch 400/2927 Loss: 0.0168
  Epoch [66/100] Batch 600/2927 Loss: 0.0179
  Epoch [66/100] Batch 800/2927 Loss: 0.0238
  Epoch [66/100] Batch 1000/2927 Loss: 0.0170
  Epoch [66/100] Batch 1200/2927 Loss: 0.0180
  Epoch [66/100] Batch 1400/2927 Loss: 0.0150
  Epoch [66/100] Batch 1600/2927 Loss: 0.0136
  Epoch [66/100] Batch 1800/2927 Loss: 0.0107
  Epoch [66/100] Batch 2000/2927 Loss: 0.0159
  Epoch [66/100] Batch 2200/2927 Loss: 0.0193
  Epoch [66/100] Batch 2400/2927 Loss: 0.0101
  Epoch [66/100] Batch 2600/2927 Loss: 0.0157
  Epoch [66/100] Batch 2800/2927 Loss: 0.0187
[EPOCH 66] Train: 0.0178 | Val: 0.0155 | LR: 0.001000 | Time: 24.0s
  Epoch [67/100] Batch 0/2927 Loss: 0.0194
  Epoch [67/100] Batch 200/2927 Loss: 0.0098
  Epoch [67/100] Batch 400/2927 Loss: 0.0195
  Epoch [67/100] Batch 600/2927 Loss: 0.0137
  Epoch [67/100] Batch 800/2927 Loss: 0.0132
  Epoch [67/100] Batch 1000/2927 Loss: 0.0118
  Epoch [67/100] Batch 1200/2927 Loss: 0.0134
  Epoch [67/100] Batch 1400/2927 Loss: 0.0118
  Epoch [67/100] Batch 1600/2927 Loss: 0.0413
  Epoch [67/100] Batch 1800/2927 Loss: 0.0127
  Epoch [67/100] Batch 2000/2927 Loss: 0.0169
  Epoch [67/100] Batch 2200/2927 Loss: 0.0148
  Epoch [67/100] Batch 2400/2927 Loss: 0.0203
  Epoch [67/100] Batch 2600/2927 Loss: 0.0196
  Epoch [67/100] Batch 2800/2927 Loss: 0.0177
[EPOCH 67] Train: 0.0178 | Val: 0.0147 | LR: 0.001000 | Time: 24.0s
  Epoch [68/100] Batch 0/2927 Loss: 0.0124
  Epoch [68/100] Batch 200/2927 Loss: 0.0153
  Epoch [68/100] Batch 400/2927 Loss: 0.0147
  Epoch [68/100] Batch 600/2927 Loss: 0.0107
  Epoch [68/100] Batch 800/2927 Loss: 0.0165
  Epoch [68/100] Batch 1000/2927 Loss: 0.0210
  Epoch [68/100] Batch 1200/2927 Loss: 0.0124
  Epoch [68/100] Batch 1400/2927 Loss: 0.0134
  Epoch [68/100] Batch 1600/2927 Loss: 0.0189
  Epoch [68/100] Batch 1800/2927 Loss: 0.0154
  Epoch [68/100] Batch 2000/2927 Loss: 0.0178
  Epoch [68/100] Batch 2200/2927 Loss: 0.0151
  Epoch [68/100] Batch 2400/2927 Loss: 0.0148
  Epoch [68/100] Batch 2600/2927 Loss: 0.0123
  Epoch [68/100] Batch 2800/2927 Loss: 0.0209
[EPOCH 68] Train: 0.0178 | Val: 0.0296 | LR: 0.000700 | Time: 24.0s
  Epoch [69/100] Batch 0/2927 Loss: 0.0312
  Epoch [69/100] Batch 200/2927 Loss: 0.0197
  Epoch [69/100] Batch 400/2927 Loss: 0.0134
  Epoch [69/100] Batch 600/2927 Loss: 0.0132
  Epoch [69/100] Batch 800/2927 Loss: 0.0171
  Epoch [69/100] Batch 1000/2927 Loss: 0.0072
  Epoch [69/100] Batch 1200/2927 Loss: 0.0711
  Epoch [69/100] Batch 1400/2927 Loss: 0.0248
  Epoch [69/100] Batch 1600/2927 Loss: 0.0181
  Epoch [69/100] Batch 1800/2927 Loss: 0.0159
  Epoch [69/100] Batch 2000/2927 Loss: 0.0219
  Epoch [69/100] Batch 2200/2927 Loss: 0.0158
  Epoch [69/100] Batch 2400/2927 Loss: 0.0216
  Epoch [69/100] Batch 2600/2927 Loss: 0.0185
  Epoch [69/100] Batch 2800/2927 Loss: 0.0133
[EPOCH 69] Train: 0.0158 | Val: 0.0134 | LR: 0.000700 | Time: 24.0s
[SAVE] Nuevo mejor modelo!
  Epoch [70/100] Batch 0/2927 Loss: 0.0165
  Epoch [70/100] Batch 200/2927 Loss: 0.0287
  Epoch [70/100] Batch 400/2927 Loss: 0.0167
  Epoch [70/100] Batch 600/2927 Loss: 0.0275
  Epoch [70/100] Batch 800/2927 Loss: 0.0195
  Epoch [70/100] Batch 1000/2927 Loss: 0.0175
  Epoch [70/100] Batch 1200/2927 Loss: 0.0114
  Epoch [70/100] Batch 1400/2927 Loss: 0.0250
  Epoch [70/100] Batch 1600/2927 Loss: 0.0129
  Epoch [70/100] Batch 1800/2927 Loss: 0.0200
  Epoch [70/100] Batch 2000/2927 Loss: 0.0167
  Epoch [70/100] Batch 2200/2927 Loss: 0.0098
  Epoch [70/100] Batch 2400/2927 Loss: 0.0125
  Epoch [70/100] Batch 2600/2927 Loss: 0.0144
  Epoch [70/100] Batch 2800/2927 Loss: 0.0135
[EPOCH 70] Train: 0.0156 | Val: 0.0161 | LR: 0.000700 | Time: 24.0s
  Epoch [71/100] Batch 0/2927 Loss: 0.0218
  Epoch [71/100] Batch 200/2927 Loss: 0.0077
  Epoch [71/100] Batch 400/2927 Loss: 0.0155
  Epoch [71/100] Batch 600/2927 Loss: 0.0156
  Epoch [71/100] Batch 800/2927 Loss: 0.0095
  Epoch [71/100] Batch 1000/2927 Loss: 0.0098
  Epoch [71/100] Batch 1200/2927 Loss: 0.0126
  Epoch [71/100] Batch 1400/2927 Loss: 0.0240
  Epoch [71/100] Batch 1600/2927 Loss: 0.0106
  Epoch [71/100] Batch 1800/2927 Loss: 0.0111
  Epoch [71/100] Batch 2000/2927 Loss: 0.0261
  Epoch [71/100] Batch 2200/2927 Loss: 0.0210
  Epoch [71/100] Batch 2400/2927 Loss: 0.0057
  Epoch [71/100] Batch 2600/2927 Loss: 0.0164
  Epoch [71/100] Batch 2800/2927 Loss: 0.0135
[EPOCH 71] Train: 0.0156 | Val: 0.0137 | LR: 0.000700 | Time: 24.0s
  Epoch [72/100] Batch 0/2927 Loss: 0.0145
  Epoch [72/100] Batch 200/2927 Loss: 0.0144
  Epoch [72/100] Batch 400/2927 Loss: 0.0182
  Epoch [72/100] Batch 600/2927 Loss: 0.0188
  Epoch [72/100] Batch 800/2927 Loss: 0.0114
  Epoch [72/100] Batch 1000/2927 Loss: 0.0183
  Epoch [72/100] Batch 1200/2927 Loss: 0.0152
  Epoch [72/100] Batch 1400/2927 Loss: 0.0197
  Epoch [72/100] Batch 1600/2927 Loss: 0.0165
  Epoch [72/100] Batch 1800/2927 Loss: 0.0256
  Epoch [72/100] Batch 2000/2927 Loss: 0.0170
  Epoch [72/100] Batch 2200/2927 Loss: 0.0161
  Epoch [72/100] Batch 2400/2927 Loss: 0.0191
  Epoch [72/100] Batch 2600/2927 Loss: 0.0140
  Epoch [72/100] Batch 2800/2927 Loss: 0.0226
[EPOCH 72] Train: 0.0155 | Val: 0.0139 | LR: 0.000700 | Time: 24.0s
  Epoch [73/100] Batch 0/2927 Loss: 0.0189
  Epoch [73/100] Batch 200/2927 Loss: 0.0140
  Epoch [73/100] Batch 400/2927 Loss: 0.0167
  Epoch [73/100] Batch 600/2927 Loss: 0.0120
  Epoch [73/100] Batch 800/2927 Loss: 0.0139
  Epoch [73/100] Batch 1000/2927 Loss: 0.0228
  Epoch [73/100] Batch 1200/2927 Loss: 0.0161
  Epoch [73/100] Batch 1400/2927 Loss: 0.0105
  Epoch [73/100] Batch 1600/2927 Loss: 0.0159
  Epoch [73/100] Batch 1800/2927 Loss: 0.0166
  Epoch [73/100] Batch 2000/2927 Loss: 0.0233
  Epoch [73/100] Batch 2200/2927 Loss: 0.0230
  Epoch [73/100] Batch 2400/2927 Loss: 0.0158
  Epoch [73/100] Batch 2600/2927 Loss: 0.0172
  Epoch [73/100] Batch 2800/2927 Loss: 0.0160
[EPOCH 73] Train: 0.0153 | Val: 0.0153 | LR: 0.000700 | Time: 24.0s
  Epoch [74/100] Batch 0/2927 Loss: 0.0150
  Epoch [74/100] Batch 200/2927 Loss: 0.0125
  Epoch [74/100] Batch 400/2927 Loss: 0.0104
  Epoch [74/100] Batch 600/2927 Loss: 0.0116
  Epoch [74/100] Batch 800/2927 Loss: 0.0098
  Epoch [74/100] Batch 1000/2927 Loss: 0.0082
  Epoch [74/100] Batch 1200/2927 Loss: 0.0109
  Epoch [74/100] Batch 1400/2927 Loss: 0.0103
  Epoch [74/100] Batch 1600/2927 Loss: 0.0176
  Epoch [74/100] Batch 1800/2927 Loss: 0.0102
  Epoch [74/100] Batch 2000/2927 Loss: 0.0123
  Epoch [74/100] Batch 2200/2927 Loss: 0.0158
  Epoch [74/100] Batch 2400/2927 Loss: 0.0111
  Epoch [74/100] Batch 2600/2927 Loss: 0.0161
  Epoch [74/100] Batch 2800/2927 Loss: 0.0226
[EPOCH 74] Train: 0.0154 | Val: 0.0134 | LR: 0.000700 | Time: 24.1s
[SAVE] Nuevo mejor modelo!
  Epoch [75/100] Batch 0/2927 Loss: 0.0134
  Epoch [75/100] Batch 200/2927 Loss: 0.0107
  Epoch [75/100] Batch 400/2927 Loss: 0.0110
  Epoch [75/100] Batch 600/2927 Loss: 0.0130
  Epoch [75/100] Batch 800/2927 Loss: 0.0154
  Epoch [75/100] Batch 1000/2927 Loss: 0.0112
  Epoch [75/100] Batch 1200/2927 Loss: 0.0199
  Epoch [75/100] Batch 1400/2927 Loss: 0.0139
  Epoch [75/100] Batch 1600/2927 Loss: 0.0137
  Epoch [75/100] Batch 1800/2927 Loss: 0.0142
  Epoch [75/100] Batch 2000/2927 Loss: 0.0095
  Epoch [75/100] Batch 2200/2927 Loss: 0.0093
  Epoch [75/100] Batch 2400/2927 Loss: 0.0188
  Epoch [75/100] Batch 2600/2927 Loss: 0.0166
  Epoch [75/100] Batch 2800/2927 Loss: 0.0212
[EPOCH 75] Train: 0.0153 | Val: 0.0145 | LR: 0.000700 | Time: 28.5s
  Epoch [76/100] Batch 0/2927 Loss: 0.0104
  Epoch [76/100] Batch 200/2927 Loss: 0.0167
  Epoch [76/100] Batch 400/2927 Loss: 0.0135
  Epoch [76/100] Batch 600/2927 Loss: 0.0152
  Epoch [76/100] Batch 800/2927 Loss: 0.0163
  Epoch [76/100] Batch 1000/2927 Loss: 0.0247
  Epoch [76/100] Batch 1200/2927 Loss: 0.0124
  Epoch [76/100] Batch 1400/2927 Loss: 0.0128
  Epoch [76/100] Batch 1600/2927 Loss: 0.0227
  Epoch [76/100] Batch 1800/2927 Loss: 0.0184
  Epoch [76/100] Batch 2000/2927 Loss: 0.0231
  Epoch [76/100] Batch 2200/2927 Loss: 0.0155
  Epoch [76/100] Batch 2400/2927 Loss: 0.0188
  Epoch [76/100] Batch 2600/2927 Loss: 0.0171
  Epoch [76/100] Batch 2800/2927 Loss: 0.0203
[EPOCH 76] Train: 0.0152 | Val: 0.0143 | LR: 0.000700 | Time: 25.7s
  Epoch [77/100] Batch 0/2927 Loss: 0.0177
  Epoch [77/100] Batch 200/2927 Loss: 0.0072
  Epoch [77/100] Batch 400/2927 Loss: 0.0096
  Epoch [77/100] Batch 600/2927 Loss: 0.0154
  Epoch [77/100] Batch 800/2927 Loss: 0.0187
  Epoch [77/100] Batch 1000/2927 Loss: 0.0150
  Epoch [77/100] Batch 1200/2927 Loss: 0.0164
  Epoch [77/100] Batch 1400/2927 Loss: 0.0137
  Epoch [77/100] Batch 1600/2927 Loss: 0.0177
  Epoch [77/100] Batch 1800/2927 Loss: 0.0201
  Epoch [77/100] Batch 2000/2927 Loss: 0.0153
  Epoch [77/100] Batch 2200/2927 Loss: 0.0130
  Epoch [77/100] Batch 2400/2927 Loss: 0.0163
  Epoch [77/100] Batch 2600/2927 Loss: 0.0114
  Epoch [77/100] Batch 2800/2927 Loss: 0.0197
[EPOCH 77] Train: 0.0152 | Val: 0.0131 | LR: 0.000700 | Time: 25.6s
[SAVE] Nuevo mejor modelo!
  Epoch [78/100] Batch 0/2927 Loss: 0.0094
  Epoch [78/100] Batch 200/2927 Loss: 0.0150
  Epoch [78/100] Batch 400/2927 Loss: 0.0194
  Epoch [78/100] Batch 600/2927 Loss: 0.0170
  Epoch [78/100] Batch 800/2927 Loss: 0.0079
  Epoch [78/100] Batch 1000/2927 Loss: 0.0151
  Epoch [78/100] Batch 1200/2927 Loss: 0.0122
  Epoch [78/100] Batch 1400/2927 Loss: 0.0127
  Epoch [78/100] Batch 1600/2927 Loss: 0.0125
  Epoch [78/100] Batch 1800/2927 Loss: 0.0187
  Epoch [78/100] Batch 2000/2927 Loss: 0.0080
  Epoch [78/100] Batch 2200/2927 Loss: 0.0166
  Epoch [78/100] Batch 2400/2927 Loss: 0.0110
  Epoch [78/100] Batch 2600/2927 Loss: 0.0090
  Epoch [78/100] Batch 2800/2927 Loss: 0.0173
[EPOCH 78] Train: 0.0151 | Val: 0.0131 | LR: 0.000700 | Time: 25.6s
  Epoch [79/100] Batch 0/2927 Loss: 0.0120
  Epoch [79/100] Batch 200/2927 Loss: 0.0137
  Epoch [79/100] Batch 400/2927 Loss: 0.0123
  Epoch [79/100] Batch 600/2927 Loss: 0.0101
  Epoch [79/100] Batch 800/2927 Loss: 0.0122
  Epoch [79/100] Batch 1000/2927 Loss: 0.0164
  Epoch [79/100] Batch 1200/2927 Loss: 0.0160
  Epoch [79/100] Batch 1400/2927 Loss: 0.0096
  Epoch [79/100] Batch 1600/2927 Loss: 0.0183
  Epoch [79/100] Batch 1800/2927 Loss: 0.0109
  Epoch [79/100] Batch 2000/2927 Loss: 0.0166
  Epoch [79/100] Batch 2200/2927 Loss: 0.0100
  Epoch [79/100] Batch 2400/2927 Loss: 0.0146
  Epoch [79/100] Batch 2600/2927 Loss: 0.0167
  Epoch [79/100] Batch 2800/2927 Loss: 0.0274
[EPOCH 79] Train: 0.0150 | Val: 0.0134 | LR: 0.000700 | Time: 25.6s
  Epoch [80/100] Batch 0/2927 Loss: 0.0106
  Epoch [80/100] Batch 200/2927 Loss: 0.0138
  Epoch [80/100] Batch 400/2927 Loss: 0.0182
  Epoch [80/100] Batch 600/2927 Loss: 0.0132
  Epoch [80/100] Batch 800/2927 Loss: 0.0132
  Epoch [80/100] Batch 1000/2927 Loss: 0.0232
  Epoch [80/100] Batch 1200/2927 Loss: 0.0163
  Epoch [80/100] Batch 1400/2927 Loss: 0.0157
  Epoch [80/100] Batch 1600/2927 Loss: 0.0158
  Epoch [80/100] Batch 1800/2927 Loss: 0.0109
  Epoch [80/100] Batch 2000/2927 Loss: 0.0122
  Epoch [80/100] Batch 2200/2927 Loss: 0.0149
  Epoch [80/100] Batch 2400/2927 Loss: 0.0127
  Epoch [80/100] Batch 2600/2927 Loss: 0.0200
  Epoch [80/100] Batch 2800/2927 Loss: 0.0165
[EPOCH 80] Train: 0.0151 | Val: 0.0131 | LR: 0.000700 | Time: 25.6s
  Epoch [81/100] Batch 0/2927 Loss: 0.0141
  Epoch [81/100] Batch 200/2927 Loss: 0.0113
  Epoch [81/100] Batch 400/2927 Loss: 0.0121
  Epoch [81/100] Batch 600/2927 Loss: 0.0116
  Epoch [81/100] Batch 800/2927 Loss: 0.0086
  Epoch [81/100] Batch 1000/2927 Loss: 0.0163
  Epoch [81/100] Batch 1200/2927 Loss: 0.0135
  Epoch [81/100] Batch 1400/2927 Loss: 0.0131
  Epoch [81/100] Batch 1600/2927 Loss: 0.0159
  Epoch [81/100] Batch 1800/2927 Loss: 0.0221
  Epoch [81/100] Batch 2000/2927 Loss: 0.0120
  Epoch [81/100] Batch 2200/2927 Loss: 0.0120
  Epoch [81/100] Batch 2400/2927 Loss: 0.0153
  Epoch [81/100] Batch 2600/2927 Loss: 0.0171
  Epoch [81/100] Batch 2800/2927 Loss: 0.0134
[EPOCH 81] Train: 0.0150 | Val: 0.0135 | LR: 0.000700 | Time: 25.6s
  Epoch [82/100] Batch 0/2927 Loss: 0.0095
  Epoch [82/100] Batch 200/2927 Loss: 0.0143
  Epoch [82/100] Batch 400/2927 Loss: 0.0118
  Epoch [82/100] Batch 600/2927 Loss: 0.0119
  Epoch [82/100] Batch 800/2927 Loss: 0.0115
  Epoch [82/100] Batch 1000/2927 Loss: 0.0105
  Epoch [82/100] Batch 1200/2927 Loss: 0.0093
  Epoch [82/100] Batch 1400/2927 Loss: 0.0118
  Epoch [82/100] Batch 1600/2927 Loss: 0.0081
  Epoch [82/100] Batch 1800/2927 Loss: 0.0149
  Epoch [82/100] Batch 2000/2927 Loss: 0.0135
  Epoch [82/100] Batch 2200/2927 Loss: 0.0163
  Epoch [82/100] Batch 2400/2927 Loss: 0.0138
  Epoch [82/100] Batch 2600/2927 Loss: 0.0160
  Epoch [82/100] Batch 2800/2927 Loss: 0.0105
[EPOCH 82] Train: 0.0149 | Val: 0.0133 | LR: 0.000700 | Time: 26.0s
  Epoch [83/100] Batch 0/2927 Loss: 0.0155
  Epoch [83/100] Batch 200/2927 Loss: 0.0143
  Epoch [83/100] Batch 400/2927 Loss: 0.0151
  Epoch [83/100] Batch 600/2927 Loss: 0.0183
  Epoch [83/100] Batch 800/2927 Loss: 0.0118
  Epoch [83/100] Batch 1000/2927 Loss: 0.0124
  Epoch [83/100] Batch 1200/2927 Loss: 0.0162
  Epoch [83/100] Batch 1400/2927 Loss: 0.0198
  Epoch [83/100] Batch 1600/2927 Loss: 0.0120
  Epoch [83/100] Batch 1800/2927 Loss: 0.0156
  Epoch [83/100] Batch 2000/2927 Loss: 0.0133
  Epoch [83/100] Batch 2200/2927 Loss: 0.0135
  Epoch [83/100] Batch 2400/2927 Loss: 0.0158
  Epoch [83/100] Batch 2600/2927 Loss: 0.0170
  Epoch [83/100] Batch 2800/2927 Loss: 0.0127
[EPOCH 83] Train: 0.0149 | Val: 0.0130 | LR: 0.000700 | Time: 25.9s
[SAVE] Nuevo mejor modelo!
  Epoch [84/100] Batch 0/2927 Loss: 0.0135
  Epoch [84/100] Batch 200/2927 Loss: 0.0200
  Epoch [84/100] Batch 400/2927 Loss: 0.0170
  Epoch [84/100] Batch 600/2927 Loss: 0.0131
  Epoch [84/100] Batch 800/2927 Loss: 0.0169
  Epoch [84/100] Batch 1000/2927 Loss: 0.0175
  Epoch [84/100] Batch 1200/2927 Loss: 0.0173
  Epoch [84/100] Batch 1400/2927 Loss: 0.0149
  Epoch [84/100] Batch 1600/2927 Loss: 0.0072
  Epoch [84/100] Batch 1800/2927 Loss: 0.0177
  Epoch [84/100] Batch 2000/2927 Loss: 0.0236
  Epoch [84/100] Batch 2200/2927 Loss: 0.0187
  Epoch [84/100] Batch 2400/2927 Loss: 0.0177
  Epoch [84/100] Batch 2600/2927 Loss: 0.0171
  Epoch [84/100] Batch 2800/2927 Loss: 0.0125
[EPOCH 84] Train: 0.0149 | Val: 0.0225 | LR: 0.000700 | Time: 25.7s
  Epoch [85/100] Batch 0/2927 Loss: 0.0299
  Epoch [85/100] Batch 200/2927 Loss: 0.0133
  Epoch [85/100] Batch 400/2927 Loss: 0.0124
  Epoch [85/100] Batch 600/2927 Loss: 0.0133
  Epoch [85/100] Batch 800/2927 Loss: 0.0134
  Epoch [85/100] Batch 1000/2927 Loss: 0.0119
  Epoch [85/100] Batch 1200/2927 Loss: 0.0137
  Epoch [85/100] Batch 1400/2927 Loss: 0.0229
  Epoch [85/100] Batch 1600/2927 Loss: 0.0191
  Epoch [85/100] Batch 1800/2927 Loss: 0.0169
  Epoch [85/100] Batch 2000/2927 Loss: 0.0228
  Epoch [85/100] Batch 2200/2927 Loss: 0.0106
  Epoch [85/100] Batch 2400/2927 Loss: 0.0113
  Epoch [85/100] Batch 2600/2927 Loss: 0.0147
  Epoch [85/100] Batch 2800/2927 Loss: 0.0112
[EPOCH 85] Train: 0.0148 | Val: 0.0140 | LR: 0.000700 | Time: 25.8s
  Epoch [86/100] Batch 0/2927 Loss: 0.0194
  Epoch [86/100] Batch 200/2927 Loss: 0.0111
  Epoch [86/100] Batch 400/2927 Loss: 0.0129
  Epoch [86/100] Batch 600/2927 Loss: 0.0125
  Epoch [86/100] Batch 800/2927 Loss: 0.0195
  Epoch [86/100] Batch 1000/2927 Loss: 0.0154
  Epoch [86/100] Batch 1200/2927 Loss: 0.0106
  Epoch [86/100] Batch 1400/2927 Loss: 0.0161
  Epoch [86/100] Batch 1600/2927 Loss: 0.0136
  Epoch [86/100] Batch 1800/2927 Loss: 0.0115
  Epoch [86/100] Batch 2000/2927 Loss: 0.0197
  Epoch [86/100] Batch 2200/2927 Loss: 0.0157
  Epoch [86/100] Batch 2400/2927 Loss: 0.0188
  Epoch [86/100] Batch 2600/2927 Loss: 0.0184
  Epoch [86/100] Batch 2800/2927 Loss: 0.0190
[EPOCH 86] Train: 0.0148 | Val: 0.0131 | LR: 0.000700 | Time: 25.8s
  Epoch [87/100] Batch 0/2927 Loss: 0.0138
  Epoch [87/100] Batch 200/2927 Loss: 0.0118
  Epoch [87/100] Batch 400/2927 Loss: 0.0128
  Epoch [87/100] Batch 600/2927 Loss: 0.0130
  Epoch [87/100] Batch 800/2927 Loss: 0.0124
  Epoch [87/100] Batch 1000/2927 Loss: 0.0228
  Epoch [87/100] Batch 1200/2927 Loss: 0.0190
  Epoch [87/100] Batch 1400/2927 Loss: 0.0104
  Epoch [87/100] Batch 1600/2927 Loss: 0.0145
  Epoch [87/100] Batch 1800/2927 Loss: 0.0172
  Epoch [87/100] Batch 2000/2927 Loss: 0.0161
  Epoch [87/100] Batch 2200/2927 Loss: 0.0126
  Epoch [87/100] Batch 2400/2927 Loss: 0.0127
  Epoch [87/100] Batch 2600/2927 Loss: 0.0172
  Epoch [87/100] Batch 2800/2927 Loss: 0.0184
[EPOCH 87] Train: 0.0147 | Val: 0.0126 | LR: 0.000700 | Time: 25.8s
[SAVE] Nuevo mejor modelo!
  Epoch [88/100] Batch 0/2927 Loss: 0.0135
  Epoch [88/100] Batch 200/2927 Loss: 0.0198
  Epoch [88/100] Batch 400/2927 Loss: 0.0139
  Epoch [88/100] Batch 600/2927 Loss: 0.0105
  Epoch [88/100] Batch 800/2927 Loss: 0.0161
  Epoch [88/100] Batch 1000/2927 Loss: 0.0186
  Epoch [88/100] Batch 1200/2927 Loss: 0.0142
  Epoch [88/100] Batch 1400/2927 Loss: 0.0124
  Epoch [88/100] Batch 1600/2927 Loss: 0.0195
  Epoch [88/100] Batch 1800/2927 Loss: 0.0240
  Epoch [88/100] Batch 2000/2927 Loss: 0.0132
  Epoch [88/100] Batch 2200/2927 Loss: 0.0124
  Epoch [88/100] Batch 2400/2927 Loss: 0.0171
  Epoch [88/100] Batch 2600/2927 Loss: 0.0159
  Epoch [88/100] Batch 2800/2927 Loss: 0.0099
[EPOCH 88] Train: 0.0147 | Val: 0.0135 | LR: 0.000700 | Time: 25.8s
  Epoch [89/100] Batch 0/2927 Loss: 0.0183
  Epoch [89/100] Batch 200/2927 Loss: 0.0205
  Epoch [89/100] Batch 400/2927 Loss: 0.0143
  Epoch [89/100] Batch 600/2927 Loss: 0.0149
  Epoch [89/100] Batch 800/2927 Loss: 0.0255
  Epoch [89/100] Batch 1000/2927 Loss: 0.0152
  Epoch [89/100] Batch 1200/2927 Loss: 0.0080
  Epoch [89/100] Batch 1400/2927 Loss: 0.0120
  Epoch [89/100] Batch 1600/2927 Loss: 0.0144
  Epoch [89/100] Batch 1800/2927 Loss: 0.0161
  Epoch [89/100] Batch 2000/2927 Loss: 0.0138
  Epoch [89/100] Batch 2200/2927 Loss: 0.0089
  Epoch [89/100] Batch 2400/2927 Loss: 0.0209
  Epoch [89/100] Batch 2600/2927 Loss: 0.0233
  Epoch [89/100] Batch 2800/2927 Loss: 0.0158
[EPOCH 89] Train: 0.0146 | Val: 0.0128 | LR: 0.000700 | Time: 25.8s
  Epoch [90/100] Batch 0/2927 Loss: 0.0179
  Epoch [90/100] Batch 200/2927 Loss: 0.0120
  Epoch [90/100] Batch 400/2927 Loss: 0.0117
  Epoch [90/100] Batch 600/2927 Loss: 0.0186
  Epoch [90/100] Batch 800/2927 Loss: 0.0143
  Epoch [90/100] Batch 1000/2927 Loss: 0.0161
  Epoch [90/100] Batch 1200/2927 Loss: 0.0107
  Epoch [90/100] Batch 1400/2927 Loss: 0.0117
  Epoch [90/100] Batch 1600/2927 Loss: 0.0168
  Epoch [90/100] Batch 1800/2927 Loss: 0.0143
  Epoch [90/100] Batch 2000/2927 Loss: 0.0110
  Epoch [90/100] Batch 2200/2927 Loss: 0.0226
  Epoch [90/100] Batch 2400/2927 Loss: 0.0128
  Epoch [90/100] Batch 2600/2927 Loss: 0.0195
  Epoch [90/100] Batch 2800/2927 Loss: 0.0142
[EPOCH 90] Train: 0.0146 | Val: 0.0138 | LR: 0.000700 | Time: 25.8s
  Epoch [91/100] Batch 0/2927 Loss: 0.0149
  Epoch [91/100] Batch 200/2927 Loss: 0.0139
  Epoch [91/100] Batch 400/2927 Loss: 0.0130
  Epoch [91/100] Batch 600/2927 Loss: 0.0104
  Epoch [91/100] Batch 800/2927 Loss: 0.0183
  Epoch [91/100] Batch 1000/2927 Loss: 0.0160
  Epoch [91/100] Batch 1200/2927 Loss: 0.0180
  Epoch [91/100] Batch 1400/2927 Loss: 0.0078
  Epoch [91/100] Batch 1600/2927 Loss: 0.0087
  Epoch [91/100] Batch 1800/2927 Loss: 0.0086
  Epoch [91/100] Batch 2000/2927 Loss: 0.0149
  Epoch [91/100] Batch 2200/2927 Loss: 0.0109
  Epoch [91/100] Batch 2400/2927 Loss: 0.0200
  Epoch [91/100] Batch 2600/2927 Loss: 0.0197
  Epoch [91/100] Batch 2800/2927 Loss: 0.0119
[EPOCH 91] Train: 0.0146 | Val: 0.0141 | LR: 0.000700 | Time: 25.8s
  Epoch [92/100] Batch 0/2927 Loss: 0.0173
  Epoch [92/100] Batch 200/2927 Loss: 0.0147
  Epoch [92/100] Batch 400/2927 Loss: 0.0123
  Epoch [92/100] Batch 600/2927 Loss: 0.0128
  Epoch [92/100] Batch 800/2927 Loss: 0.0151
  Epoch [92/100] Batch 1000/2927 Loss: 0.0197
  Epoch [92/100] Batch 1200/2927 Loss: 0.0124
  Epoch [92/100] Batch 1400/2927 Loss: 0.0133
  Epoch [92/100] Batch 1600/2927 Loss: 0.0132
  Epoch [92/100] Batch 1800/2927 Loss: 0.0168
  Epoch [92/100] Batch 2000/2927 Loss: 0.0224
  Epoch [92/100] Batch 2200/2927 Loss: 0.0110
  Epoch [92/100] Batch 2400/2927 Loss: 0.0160
  Epoch [92/100] Batch 2600/2927 Loss: 0.0082
  Epoch [92/100] Batch 2800/2927 Loss: 0.0085
[EPOCH 92] Train: 0.0146 | Val: 0.0126 | LR: 0.000700 | Time: 25.8s
[SAVE] Nuevo mejor modelo!
  Epoch [93/100] Batch 0/2927 Loss: 0.0143
  Epoch [93/100] Batch 200/2927 Loss: 0.0105
  Epoch [93/100] Batch 400/2927 Loss: 0.0093
  Epoch [93/100] Batch 600/2927 Loss: 0.0153
  Epoch [93/100] Batch 800/2927 Loss: 0.0141
  Epoch [93/100] Batch 1000/2927 Loss: 0.0721
  Epoch [93/100] Batch 1200/2927 Loss: 0.0146
  Epoch [93/100] Batch 1400/2927 Loss: 0.0139
  Epoch [93/100] Batch 1600/2927 Loss: 0.0106
  Epoch [93/100] Batch 1800/2927 Loss: 0.0161
  Epoch [93/100] Batch 2000/2927 Loss: 0.0120
  Epoch [93/100] Batch 2200/2927 Loss: 0.0170
  Epoch [93/100] Batch 2400/2927 Loss: 0.0300
  Epoch [93/100] Batch 2600/2927 Loss: 0.0087
  Epoch [93/100] Batch 2800/2927 Loss: 0.0118
[EPOCH 93] Train: 0.0146 | Val: 0.0132 | LR: 0.000700 | Time: 25.8s
  Epoch [94/100] Batch 0/2927 Loss: 0.0125
  Epoch [94/100] Batch 200/2927 Loss: 0.0071
  Epoch [94/100] Batch 400/2927 Loss: 0.0141
  Epoch [94/100] Batch 600/2927 Loss: 0.0139
  Epoch [94/100] Batch 800/2927 Loss: 0.0140
  Epoch [94/100] Batch 1000/2927 Loss: 0.0094
  Epoch [94/100] Batch 1200/2927 Loss: 0.0100
  Epoch [94/100] Batch 1400/2927 Loss: 0.0149
  Epoch [94/100] Batch 1600/2927 Loss: 0.0150
  Epoch [94/100] Batch 1800/2927 Loss: 0.0151
  Epoch [94/100] Batch 2000/2927 Loss: 0.0102
  Epoch [94/100] Batch 2200/2927 Loss: 0.0130
  Epoch [94/100] Batch 2400/2927 Loss: 0.0190
  Epoch [94/100] Batch 2600/2927 Loss: 0.0135
  Epoch [94/100] Batch 2800/2927 Loss: 0.0110
[EPOCH 94] Train: 0.0144 | Val: 0.0128 | LR: 0.000700 | Time: 25.9s
  Epoch [95/100] Batch 0/2927 Loss: 0.0067
  Epoch [95/100] Batch 200/2927 Loss: 0.0212
  Epoch [95/100] Batch 400/2927 Loss: 0.0164
  Epoch [95/100] Batch 600/2927 Loss: 0.0069
  Epoch [95/100] Batch 800/2927 Loss: 0.0103
  Epoch [95/100] Batch 1000/2927 Loss: 0.0157
  Epoch [95/100] Batch 1200/2927 Loss: 0.0152
  Epoch [95/100] Batch 1400/2927 Loss: 0.0254
  Epoch [95/100] Batch 1600/2927 Loss: 0.0127
  Epoch [95/100] Batch 1800/2927 Loss: 0.0107
  Epoch [95/100] Batch 2000/2927 Loss: 0.0197
  Epoch [95/100] Batch 2200/2927 Loss: 0.0172
  Epoch [95/100] Batch 2400/2927 Loss: 0.0136
  Epoch [95/100] Batch 2600/2927 Loss: 0.0155
  Epoch [95/100] Batch 2800/2927 Loss: 0.0122
[EPOCH 95] Train: 0.0144 | Val: 0.0130 | LR: 0.000700 | Time: 25.9s
  Epoch [96/100] Batch 0/2927 Loss: 0.0118
  Epoch [96/100] Batch 200/2927 Loss: 0.0111
  Epoch [96/100] Batch 400/2927 Loss: 0.0179
  Epoch [96/100] Batch 600/2927 Loss: 0.0180
  Epoch [96/100] Batch 800/2927 Loss: 0.0113
  Epoch [96/100] Batch 1000/2927 Loss: 0.0158
  Epoch [96/100] Batch 1200/2927 Loss: 0.0117
  Epoch [96/100] Batch 1400/2927 Loss: 0.0141
  Epoch [96/100] Batch 1600/2927 Loss: 0.0140
  Epoch [96/100] Batch 1800/2927 Loss: 0.0117
  Epoch [96/100] Batch 2000/2927 Loss: 0.0136
  Epoch [96/100] Batch 2200/2927 Loss: 0.0160
  Epoch [96/100] Batch 2400/2927 Loss: 0.0163
  Epoch [96/100] Batch 2600/2927 Loss: 0.0147
  Epoch [96/100] Batch 2800/2927 Loss: 0.0106
[EPOCH 96] Train: 0.0145 | Val: 0.0129 | LR: 0.000700 | Time: 25.9s
  Epoch [97/100] Batch 0/2927 Loss: 0.0141
  Epoch [97/100] Batch 200/2927 Loss: 0.0101
  Epoch [97/100] Batch 400/2927 Loss: 0.0098
  Epoch [97/100] Batch 600/2927 Loss: 0.0126
  Epoch [97/100] Batch 800/2927 Loss: 0.0136
  Epoch [97/100] Batch 1000/2927 Loss: 0.0135
  Epoch [97/100] Batch 1200/2927 Loss: 0.0133
  Epoch [97/100] Batch 1400/2927 Loss: 0.0180
  Epoch [97/100] Batch 1600/2927 Loss: 0.0228
  Epoch [97/100] Batch 1800/2927 Loss: 0.0158
  Epoch [97/100] Batch 2000/2927 Loss: 0.0141
  Epoch [97/100] Batch 2200/2927 Loss: 0.0104
  Epoch [97/100] Batch 2400/2927 Loss: 0.0142
  Epoch [97/100] Batch 2600/2927 Loss: 0.0184
  Epoch [97/100] Batch 2800/2927 Loss: 0.0189
[EPOCH 97] Train: 0.0142 | Val: 0.0129 | LR: 0.000700 | Time: 25.9s
  Epoch [98/100] Batch 0/2927 Loss: 0.0168
  Epoch [98/100] Batch 200/2927 Loss: 0.0102
  Epoch [98/100] Batch 400/2927 Loss: 0.0150
  Epoch [98/100] Batch 600/2927 Loss: 0.0128
  Epoch [98/100] Batch 800/2927 Loss: 0.0217
  Epoch [98/100] Batch 1000/2927 Loss: 0.0230
  Epoch [98/100] Batch 1200/2927 Loss: 0.0186
  Epoch [98/100] Batch 1400/2927 Loss: 0.0149
  Epoch [98/100] Batch 1600/2927 Loss: 0.0136
  Epoch [98/100] Batch 1800/2927 Loss: 0.0228
  Epoch [98/100] Batch 2000/2927 Loss: 0.0133
  Epoch [98/100] Batch 2200/2927 Loss: 0.0171
  Epoch [98/100] Batch 2400/2927 Loss: 0.0151
  Epoch [98/100] Batch 2600/2927 Loss: 0.0143
  Epoch [98/100] Batch 2800/2927 Loss: 0.0108
[EPOCH 98] Train: 0.0144 | Val: 0.0129 | LR: 0.000700 | Time: 25.9s
  Epoch [99/100] Batch 0/2927 Loss: 0.0193
  Epoch [99/100] Batch 200/2927 Loss: 0.0111
  Epoch [99/100] Batch 400/2927 Loss: 0.0143
  Epoch [99/100] Batch 600/2927 Loss: 0.0158
  Epoch [99/100] Batch 800/2927 Loss: 0.0204
  Epoch [99/100] Batch 1000/2927 Loss: 0.0197
  Epoch [99/100] Batch 1200/2927 Loss: 0.0106
  Epoch [99/100] Batch 1400/2927 Loss: 0.0117
  Epoch [99/100] Batch 1600/2927 Loss: 0.0117
  Epoch [99/100] Batch 1800/2927 Loss: 0.0148
  Epoch [99/100] Batch 2000/2927 Loss: 0.0135
  Epoch [99/100] Batch 2200/2927 Loss: 0.0137
  Epoch [99/100] Batch 2400/2927 Loss: 0.0064
  Epoch [99/100] Batch 2600/2927 Loss: 0.0189
  Epoch [99/100] Batch 2800/2927 Loss: 0.0163
[EPOCH 99] Train: 0.0143 | Val: 0.0130 | LR: 0.000700 | Time: 25.9s
  Epoch [100/100] Batch 0/2927 Loss: 0.0137
  Epoch [100/100] Batch 200/2927 Loss: 0.0125
  Epoch [100/100] Batch 400/2927 Loss: 0.0136
  Epoch [100/100] Batch 600/2927 Loss: 0.0147
  Epoch [100/100] Batch 800/2927 Loss: 0.0159
  Epoch [100/100] Batch 1000/2927 Loss: 0.0114
  Epoch [100/100] Batch 1200/2927 Loss: 0.0138
  Epoch [100/100] Batch 1400/2927 Loss: 0.0282
  Epoch [100/100] Batch 1600/2927 Loss: 0.0116
  Epoch [100/100] Batch 1800/2927 Loss: 0.0145
  Epoch [100/100] Batch 2000/2927 Loss: 0.0105
  Epoch [100/100] Batch 2200/2927 Loss: 0.0142
  Epoch [100/100] Batch 2400/2927 Loss: 0.0135
  Epoch [100/100] Batch 2600/2927 Loss: 0.0138
  Epoch [100/100] Batch 2800/2927 Loss: 0.0101
[EPOCH 100] Train: 0.0142 | Val: 0.0129 | LR: 0.000700 | Time: 25.8s

[DONE] 40.6 min. Mejor Val: 0.0126
=== FASE 2/2: EVAL ===
============================================================
  EVALUACION EXP J (carbonos totales) - SPLIT CONGELADO
============================================================
-> Experimento (checkpoint): nmr_202k_j_carbonos_deg  | arch: settransformer
-> Modos: ['off', 'on', 'v2']   | idx_ch2: [1, 5, 9, 12]
-> num_workers=0 (rule 1)  batch_size=256
-> Dispositivo: CUDA
[INFO] Extrayendo formulas moleculares (C,H,N,O,S,Hal)...
[INFO] Formulas cargadas. peak_features=5

-> Set de validacion (congelado): 14428 moleculas

============================================================
  MODO CRUDO (--oraculo off)  ->  EXACT MATCH ACCURACY: 0.94%
============================================================

GRUPO      |    MAE  Estado
----------------------------------------
CH3        | 0.3235  [MEJORABLE]
CH2        | 0.3204  [MEJORABLE]
CH         | 0.1372  [MEJORABLE]
Cq         | 0.0768  [MEJORABLE]
CH3-O      | 0.1278  [MEJORABLE]
CH2-O      | 0.1968  [MEJORABLE]
CH-O       | 0.0947  [MEJORABLE]
Cq-O       | 0.0344  [BUENO]
CH3-N      | 0.0480  [ACEPTABLE]
CH2-N      | 0.0937  [MEJORABLE]
CH-N       | 0.0488  [ACEPTABLE]
Cq-N       | 0.0228  [EXCELENTE]
=CH2       | 0.0647  [MEJORABLE]
=CH/Ar     | 0.4591  [MEJORABLE]
Cqsp2      | 0.3906  [MEJORABLE]
Aldeh      | 0.0172  [EXCELENTE]
Imina      | 0.0151  [EXCELENTE]
C-2X       | 0.0488  [ACEPTABLE]
C-3X       | 0.0026  [PERFECTO]

  ERRORES POR ENTORNO
  ----------------------------------------

  Alifaticos (sp3)
    Moleculas con error: 8537 / 14428  (59.2%)
    EMA del entorno:     40.83%   |   MAE promedio: 0.2145
      CH3       : MAE=0.3235 | Mol. con error: 4666 (32.3%)
      CH2       : MAE=0.3204 | Mol. con error: 4603 (31.9%)
      CH        : MAE=0.1372 | Mol. con error: 1968 (13.6%)
      Cq        : MAE=0.0768 | Mol. con error: 1098 (7.6%)

  Heteroatomicos O/N (sp3)
    Moleculas con error: 7478 / 14428  (51.8%)
    EMA del entorno:     48.17%   |   MAE promedio: 0.0834
      CH3-O     : MAE=0.1278 | Mol. con error: 1844 (12.8%)
      CH2-O     : MAE=0.1968 | Mol. con error: 2834 (19.6%)
      CH-O      : MAE=0.0947 | Mol. con error: 1351 (9.4%)
      Cq-O      : MAE=0.0344 | Mol. con error: 490 (3.4%)
      CH3-N     : MAE=0.0480 | Mol. con error: 689 (4.8%)
      CH2-N     : MAE=0.0937 | Mol. con error: 1334 (9.2%)
      CH-N      : MAE=0.0488 | Mol. con error: 694 (4.8%)
      Cq-N      : MAE=0.0228 | Mol. con error: 325 (2.3%)

  Carbonos sp2 (Olef/Arom/C=O)
    Moleculas con error: 10849 / 14428  (75.2%)
    EMA del entorno:     24.81%   |   MAE promedio: 0.1893
      =CH2      : MAE=0.0647 | Mol. con error: 932 (6.5%)
      =CH/Ar    : MAE=0.4591 | Mol. con error: 6614 (45.8%)
      Cqsp2     : MAE=0.3906 | Mol. con error: 5611 (38.9%)
      Aldeh     : MAE=0.0172 | Mol. con error: 247 (1.7%)
      Imina     : MAE=0.0151 | Mol. con error: 217 (1.5%)

  Sistemas X-Multiples (C-2X/3X)
    Moleculas con error: 716 / 14428  (5.0%)
    EMA del entorno:     95.04%   |   MAE promedio: 0.0257
      C-2X      : MAE=0.0488 | Mol. con error: 686 (4.8%)
      C-3X      : MAE=0.0026 | Mol. con error: 37 (0.3%)

============================================================
  MODO ASISTIDO v1 (--oraculo on)  ->  EXACT MATCH ACCURACY: 90.32%
============================================================

GRUPO      |    MAE  Estado
----------------------------------------
CH3        | 0.0043  [PERFECTO]
CH2        | 0.0198  [EXCELENTE]
CH         | 0.0143  [EXCELENTE]
Cq         | 0.0099  [PERFECTO]
CH3-O      | 0.0004  [PERFECTO]
CH2-O      | 0.0075  [PERFECTO]
CH-O       | 0.0139  [EXCELENTE]
Cq-O       | 0.0110  [EXCELENTE]
CH3-N      | 0.0042  [PERFECTO]
CH2-N      | 0.0236  [EXCELENTE]
CH-N       | 0.0145  [EXCELENTE]
Cq-N       | 0.0103  [EXCELENTE]
=CH2       | 0.0012  [PERFECTO]
=CH/Ar     | 0.0265  [BUENO]
Cqsp2      | 0.0221  [EXCELENTE]
Aldeh      | 0.0029  [PERFECTO]
Imina      | 0.0105  [EXCELENTE]
C-2X       | 0.0206  [EXCELENTE]
C-3X       | 0.0026  [PERFECTO]

  ERRORES POR ENTORNO
  ----------------------------------------

  Alifaticos (sp3)
    Moleculas con error: 625 / 14428  (4.3%)
    EMA del entorno:     95.67%   |   MAE promedio: 0.0121
      CH3       : MAE=0.0043 | Mol. con error: 59 (0.4%)
      CH2       : MAE=0.0198 | Mol. con error: 269 (1.9%)
      CH        : MAE=0.0143 | Mol. con error: 196 (1.4%)
      Cq        : MAE=0.0099 | Mol. con error: 140 (1.0%)

  Heteroatomicos O/N (sp3)
    Moleculas con error: 941 / 14428  (6.5%)
    EMA del entorno:     93.48%   |   MAE promedio: 0.0107
      CH3-O     : MAE=0.0004 | Mol. con error: 6 (0.0%)
      CH2-O     : MAE=0.0075 | Mol. con error: 103 (0.7%)
      CH-O      : MAE=0.0139 | Mol. con error: 193 (1.3%)
      Cq-O      : MAE=0.0110 | Mol. con error: 155 (1.1%)
      CH3-N     : MAE=0.0042 | Mol. con error: 58 (0.4%)
      CH2-N     : MAE=0.0236 | Mol. con error: 320 (2.2%)
      CH-N      : MAE=0.0145 | Mol. con error: 202 (1.4%)
      Cq-N      : MAE=0.0103 | Mol. con error: 146 (1.0%)

  Carbonos sp2 (Olef/Arom/C=O)
    Moleculas con error: 615 / 14428  (4.3%)
    EMA del entorno:     95.74%   |   MAE promedio: 0.0127
      =CH2      : MAE=0.0012 | Mol. con error: 17 (0.1%)
      =CH/Ar    : MAE=0.0265 | Mol. con error: 373 (2.6%)
      Cqsp2     : MAE=0.0221 | Mol. con error: 311 (2.2%)
      Aldeh     : MAE=0.0029 | Mol. con error: 42 (0.3%)
      Imina     : MAE=0.0105 | Mol. con error: 151 (1.0%)

  Sistemas X-Multiples (C-2X/3X)
    Moleculas con error: 310 / 14428  (2.1%)
    EMA del entorno:     97.85%   |   MAE promedio: 0.0116
      C-2X      : MAE=0.0206 | Mol. con error: 288 (2.0%)
      C-3X      : MAE=0.0026 | Mol. con error: 37 (0.3%)

============================================================
  MODO ASISTIDO v2 hetero (--oraculo v2)  ->  EXACT MATCH ACCURACY: 90.35%
============================================================

GRUPO      |    MAE  Estado
----------------------------------------
CH3        | 0.0044  [PERFECTO]
CH2        | 0.0198  [EXCELENTE]
CH         | 0.0143  [EXCELENTE]
Cq         | 0.0098  [PERFECTO]
CH3-O      | 0.0003  [PERFECTO]
CH2-O      | 0.0074  [PERFECTO]
CH-O       | 0.0139  [EXCELENTE]
Cq-O       | 0.0110  [EXCELENTE]
CH3-N      | 0.0039  [PERFECTO]
CH2-N      | 0.0234  [EXCELENTE]
CH-N       | 0.0145  [EXCELENTE]
Cq-N       | 0.0100  [EXCELENTE]
=CH2       | 0.0013  [PERFECTO]
=CH/Ar     | 0.0267  [BUENO]
Cqsp2      | 0.0221  [EXCELENTE]
Aldeh      | 0.0029  [PERFECTO]
Imina      | 0.0105  [EXCELENTE]
C-2X       | 0.0206  [EXCELENTE]
C-3X       | 0.0026  [PERFECTO]

  ERRORES POR ENTORNO
  ----------------------------------------

  Alifaticos (sp3)
    Moleculas con error: 625 / 14428  (4.3%)
    EMA del entorno:     95.67%   |   MAE promedio: 0.0121
      CH3       : MAE=0.0044 | Mol. con error: 60 (0.4%)
      CH2       : MAE=0.0198 | Mol. con error: 269 (1.9%)
      CH        : MAE=0.0143 | Mol. con error: 196 (1.4%)
      Cq        : MAE=0.0098 | Mol. con error: 139 (1.0%)

  Heteroatomicos O/N (sp3)
    Moleculas con error: 931 / 14428  (6.5%)
    EMA del entorno:     93.55%   |   MAE promedio: 0.0105
      CH3-O     : MAE=0.0003 | Mol. con error: 4 (0.0%)
      CH2-O     : MAE=0.0074 | Mol. con error: 102 (0.7%)
      CH-O      : MAE=0.0139 | Mol. con error: 193 (1.3%)
      Cq-O      : MAE=0.0110 | Mol. con error: 155 (1.1%)
      CH3-N     : MAE=0.0039 | Mol. con error: 53 (0.4%)
      CH2-N     : MAE=0.0234 | Mol. con error: 316 (2.2%)
      CH-N      : MAE=0.0145 | Mol. con error: 202 (1.4%)
      Cq-N      : MAE=0.0100 | Mol. con error: 142 (1.0%)

  Carbonos sp2 (Olef/Arom/C=O)
    Moleculas con error: 619 / 14428  (4.3%)
    EMA del entorno:     95.71%   |   MAE promedio: 0.0127
      =CH2      : MAE=0.0013 | Mol. con error: 18 (0.1%)
      =CH/Ar    : MAE=0.0267 | Mol. con error: 376 (2.6%)
      Cqsp2     : MAE=0.0221 | Mol. con error: 312 (2.2%)
      Aldeh     : MAE=0.0029 | Mol. con error: 42 (0.3%)
      Imina     : MAE=0.0105 | Mol. con error: 151 (1.0%)

  Sistemas X-Multiples (C-2X/3X)
    Moleculas con error: 309 / 14428  (2.1%)
    EMA del entorno:     97.86%   |   MAE promedio: 0.0116
      C-2X      : MAE=0.0206 | Mol. con error: 288 (2.0%)
      C-3X      : MAE=0.0026 | Mol. con error: 37 (0.3%)

============================================================
  MAPA DE CONFUSIONES CRUZADAS (solo modo asistido)
============================================================
  CH3        (falla en 0.4% mol) -> confunde con:
      CH3-N     :    11 senales  (84.6%)
      =CH/Ar    :     1 senales  (7.7%)
      Cq        :     1 senales  (7.7%)
  CH2        (falla en 1.9% mol) -> confunde con:
      CH2-N     :   147 senales  (86.0%)
      CH2-O     :     6 senales  (3.5%)
      Cqsp2     :     5 senales  (2.9%)
  CH         (falla en 1.4% mol) -> confunde con:
      CH-N      :    74 senales  (49.3%)
      CH-O      :    32 senales  (21.3%)
      =CH/Ar    :    16 senales  (10.7%)
  Cq         (falla en 1.0% mol) -> confunde con:
      Cq-N      :    52 senales  (44.4%)
      Cqsp2     :    21 senales  (17.9%)
      Cq-O      :    21 senales  (17.9%)
  CH3-O      (falla en 0.0% mol) -> confunde con:
      Cqsp2     :     2 senales  (40.0%)
      =CH/Ar    :     1 senales  (20.0%)
      C-2X      :     1 senales  (20.0%)
  CH2-O      (falla en 0.7% mol) -> confunde con:
      CH2-N     :    42 senales  (50.6%)
      CH2       :    19 senales  (22.9%)
      =CH2      :     5 senales  (6.0%)
  CH-O       (falla en 1.3% mol) -> confunde con:
      CH-N      :    40 senales  (37.4%)
      CH        :    28 senales  (26.2%)
      =CH/Ar    :    13 senales  (12.1%)
  Cq-O       (falla en 1.1% mol) -> confunde con:
      Cqsp2     :    42 senales  (53.2%)
      =CH/Ar    :     7 senales  (8.9%)
      Cq        :     7 senales  (8.9%)
  CH3-N      (falla en 0.4% mol) -> confunde con:
      CH3       :    38 senales  (74.5%)
      Cq-O      :     3 senales  (5.9%)
      Cqsp2     :     2 senales  (3.9%)
  CH2-N      (falla en 2.2% mol) -> confunde con:
      CH2       :   111 senales  (65.7%)
      CH2-O     :    30 senales  (17.8%)
      CH        :     6 senales  (3.6%)
  CH-N       (falla en 1.4% mol) -> confunde con:
      CH        :    43 senales  (48.3%)
      CH-O      :    21 senales  (23.6%)
      CH2       :     6 senales  (6.7%)
  Cq-N       (falla en 1.0% mol) -> confunde con:
      Cq        :    25 senales  (25.0%)
      Cq-O      :    23 senales  (23.0%)
      Cqsp2     :    20 senales  (20.0%)
  =CH2       (falla en 0.1% mol) -> confunde con:
      CH2-N     :     6 senales  (35.3%)
      CH2-O     :     5 senales  (29.4%)
      =CH/Ar    :     2 senales  (11.8%)
  =CH/Ar     (falla en 2.6% mol) -> confunde con:
      Cqsp2     :    30 senales  (28.8%)
      CH-O      :    17 senales  (16.3%)
      Imina     :    16 senales  (15.4%)
  Cqsp2      (falla en 2.2% mol) -> confunde con:
      =CH/Ar    :    63 senales  (47.7%)
      C-2X      :    20 senales  (15.2%)
      Cq-O      :    12 senales  (9.1%)
  Aldeh      (falla en 0.3% mol) -> confunde con:
      =CH/Ar    :    18 senales  (54.5%)
      Imina     :    13 senales  (39.4%)
      CH2       :     1 senales  (3.0%)
  Imina      (falla en 1.0% mol) -> confunde con:
      =CH/Ar    :   114 senales  (85.7%)
      Cqsp2     :     5 senales  (3.8%)
      Aldeh     :     4 senales  (3.0%)
  C-2X       (falla en 2.0% mol) -> confunde con:
      Cqsp2     :    67 senales  (26.5%)
      =CH/Ar    :    58 senales  (22.9%)
      Cq-O      :    44 senales  (17.4%)
  C-3X       (falla en 0.3% mol) -> confunde con:
      Cqsp2     :    16 senales  (34.0%)
      C-2X      :    15 senales  (31.9%)
      =CH/Ar    :    10 senales  (21.3%)

====================================================================
  TABLA COMPARATIVA: CRUDA vs ASISTIDA v1 (doble) vs ASISTIDA v2 (hetero)
====================================================================

                                  CRUDA  ASIST v1  ASIST v2    v2-v1
  ------------------------------------------------------------------
  EMA GLOBAL                      0.94%    90.32%    90.35%   +0.03
  Alifaticos (sp3)               40.83%    95.67%    95.67%   +0.00
  Heteroatomicos O/N (sp3)       48.17%    93.48%    93.55%   +0.07
  Carbonos sp2 (Olef/Arom/C=O)   24.81%    95.74%    95.71%   -0.03
  Sistemas X-Multiples (C-2X/3X)   95.04%    97.85%    97.86%   +0.01

  v2-v1 = ganancia del zeroing por heteroatomos ausentes (N==0/O==0/N+O<2/3).
  Si v2-v1 ~ 0, la confusion vive en moleculas CON el heteroatomo (fuera de
  alcance del oraculo por conteos: ver el spec, seccion 6).
